MSBuild version 17.14.14+a129329f1 for .NET Framework

  llvm_compiler_pipeline.cpp
C:\s\s_language\include\parser\ast\ast_visitor.h(673,38): warning C4100: 'expr': unreferenced parameter [C:\s\s_language\build\compiler\pipeline\llvm\llvm_pipeline.vcxproj]
  (compiling source file '../../../../compiler/pipeline/llvm/src/llvm_compiler_pipeline.cpp')
  
C:\s\s_language\include\parser\ast\ast_visitor.h(674,36): warning C4100: 'expr': unreferenced parameter [C:\s\s_language\build\compiler\pipeline\llvm\llvm_pipeline.vcxproj]
  (compiling source file '../../../../compiler/pipeline/llvm/src/llvm_compiler_pipeline.cpp')
  
C:\s\s_language\include\parser\ast\ast_visitor.h(675,40): warning C4100: 'expr': unreferenced parameter [C:\s\s_language\build\compiler\pipeline\llvm\llvm_pipeline.vcxproj]
  (compiling source file '../../../../compiler/pipeline/llvm/src/llvm_compiler_pipeline.cpp')
  
C:\s\s_language\include\parser\ast\ast_visitor.h(676,40): warning C4100: 'expr': unreferenced parameter [C:\s\s_language\build\compiler\pipeline\llvm\llvm_pipeline.vcxproj]
  (compiling source file '../../../../compiler/pipeline/llvm/src/llvm_compiler_pipeline.cpp')
  
C:\s\s_language\include\parser\ast\ast_visitor.h(677,42): warning C4100: 'expr': unreferenced parameter [C:\s\s_language\build\compiler\pipeline\llvm\llvm_pipeline.vcxproj]
  (compiling source file '../../../../compiler/pipeline/llvm/src/llvm_compiler_pipeline.cpp')
  
C:\s\s_language\include\parser\ast\ast_visitor.h(678,38): warning C4100: 'expr': unreferenced parameter [C:\s\s_language\build\compiler\pipeline\llvm\llvm_pipeline.vcxproj]
  (compiling source file '../../../../compiler/pipeline/llvm/src/llvm_compiler_pipeline.cpp')
  
C:\s\s_language\include\parser\ast\ast_visitor.h(679,34): warning C4100: 'expr': unreferenced parameter [C:\s\s_language\build\compiler\pipeline\llvm\llvm_pipeline.vcxproj]
  (compiling source file '../../../../compiler/pipeline/llvm/src/llvm_compiler_pipeline.cpp')
  
C:\s\s_language\include\parser\ast\ast_visitor.h(680,36): warning C4100: 'expr': unreferenced parameter [C:\s\s_language\build\compiler\pipeline\llvm\llvm_pipeline.vcxproj]
  (compiling source file '../../../../compiler/pipeline/llvm/src/llvm_compiler_pipeline.cpp')
  
C:\s\s_language\include\parser\ast\ast_visitor.h(681,38): warning C4100: 'expr': unreferenced parameter [C:\s\s_language\build\compiler\pipeline\llvm\llvm_pipeline.vcxproj]
  (compiling source file '../../../../compiler/pipeline/llvm/src/llvm_compiler_pipeline.cpp')
  
C:\s\s_language\include\parser\ast\ast_visitor.h(682,50): warning C4100: 'expr': unreferenced parameter [C:\s\s_language\build\compiler\pipeline\llvm\llvm_pipeline.vcxproj]
  (compiling source file '../../../../compiler/pipeline/llvm/src/llvm_compiler_pipeline.cpp')
  
C:\s\s_language\include\parser\ast\ast_visitor.h(683,36): warning C4100: 'expr': unreferenced parameter [C:\s\s_language\build\compiler\pipeline\llvm\llvm_pipeline.vcxproj]
  (compiling source file '../../../../compiler/pipeline/llvm/src/llvm_compiler_pipeline.cpp')
  
C:\s\s_language\include\parser\ast\ast_visitor.h(684,32): warning C4100: 'expr': unreferenced parameter [C:\s\s_language\build\compiler\pipeline\llvm\llvm_pipeline.vcxproj]
  (compiling source file '../../../../compiler/pipeline/llvm/src/llvm_compiler_pipeline.cpp')
  
C:\s\s_language\include\parser\ast\ast_visitor.h(685,38): warning C4100: 'expr': unreferenced parameter [C:\s\s_language\build\compiler\pipeline\llvm\llvm_pipeline.vcxproj]
  (compiling source file '../../../../compiler/pipeline/llvm/src/llvm_compiler_pipeline.cpp')
  
C:\s\s_language\include\parser\ast\ast_visitor.h(686,38): warning C4100: 'expr': unreferenced parameter [C:\s\s_language\build\compiler\pipeline\llvm\llvm_pipeline.vcxproj]
  (compiling source file '../../../../compiler/pipeline/llvm/src/llvm_compiler_pipeline.cpp')
  
C:\s\s_language\include\parser\ast\ast_visitor.h(687,36): warning C4100: 'expr': unreferenced parameter [C:\s\s_language\build\compiler\pipeline\llvm\llvm_pipeline.vcxproj]
  (compiling source file '../../../../compiler/pipeline/llvm/src/llvm_compiler_pipeline.cpp')
  
C:\s\s_language\include\parser\ast\ast_visitor.h(688,60): warning C4100: 'expr': unreferenced parameter [C:\s\s_language\build\compiler\pipeline\llvm\llvm_pipeline.vcxproj]
  (compiling source file '../../../../compiler/pipeline/llvm/src/llvm_compiler_pipeline.cpp')
  
C:\s\s_language\include\parser\ast\ast_visitor.h(689,60): warning C4100: 'expr': unreferenced parameter [C:\s\s_language\build\compiler\pipeline\llvm\llvm_pipeline.vcxproj]
  (compiling source file '../../../../compiler/pipeline/llvm/src/llvm_compiler_pipeline.cpp')
  
C:\s\s_language\include\parser\ast\ast_visitor.h(690,58): warning C4100: 'expr': unreferenced parameter [C:\s\s_language\build\compiler\pipeline\llvm\llvm_pipeline.vcxproj]
  (compiling source file '../../../../compiler/pipeline/llvm/src/llvm_compiler_pipeline.cpp')
  
C:\s\s_language\include\parser\ast\ast_visitor.h(691,44): warning C4100: 'expr': unreferenced parameter [C:\s\s_language\build\compiler\pipeline\llvm\llvm_pipeline.vcxproj]
  (compiling source file '../../../../compiler/pipeline/llvm/src/llvm_compiler_pipeline.cpp')
  
C:\s\s_language\include\parser\ast\ast_visitor.h(692,44): warning C4100: 'expr': unreferenced parameter [C:\s\s_language\build\compiler\pipeline\llvm\llvm_pipeline.vcxproj]
  (compiling source file '../../../../compiler/pipeline/llvm/src/llvm_compiler_pipeline.cpp')
  
C:\s\s_language\include\parser\ast\ast_visitor.h(695,32): warning C4100: 'expr': unreferenced parameter [C:\s\s_language\build\compiler\pipeline\llvm\llvm_pipeline.vcxproj]
  (compiling source file '../../../../compiler/pipeline/llvm/src/llvm_compiler_pipeline.cpp')
  
C:\s\s_language\include\parser\ast\ast_visitor.h(696,50): warning C4100: 'expr': unreferenced parameter [C:\s\s_language\build\compiler\pipeline\llvm\llvm_pipeline.vcxproj]
  (compiling source file '../../../../compiler/pipeline/llvm/src/llvm_compiler_pipeline.cpp')
  
C:\s\s_language\include\parser\ast\ast_visitor.h(697,46): warning C4100: 'expr': unreferenced parameter [C:\s\s_language\build\compiler\pipeline\llvm\llvm_pipeline.vcxproj]
  (compiling source file '../../../../compiler/pipeline/llvm/src/llvm_compiler_pipeline.cpp')
  
C:\s\s_language\include\parser\ast\ast_visitor.h(698,34): warning C4100: 'expr': unreferenced parameter [C:\s\s_language\build\compiler\pipeline\llvm\llvm_pipeline.vcxproj]
  (compiling source file '../../../../compiler/pipeline/llvm/src/llvm_compiler_pipeline.cpp')
  
C:\s\s_language\include\parser\ast\ast_visitor.h(699,36): warning C4100: 'expr': unreferenced parameter [C:\s\s_language\build\compiler\pipeline\llvm\llvm_pipeline.vcxproj]
  (compiling source file '../../../../compiler/pipeline/llvm/src/llvm_compiler_pipeline.cpp')
  
C:\s\s_language\include\parser\ast\ast_visitor.h(702,34): warning C4100: 'stmt': unreferenced parameter [C:\s\s_language\build\compiler\pipeline\llvm\llvm_pipeline.vcxproj]
  (compiling source file '../../../../compiler/pipeline/llvm/src/llvm_compiler_pipeline.cpp')
  
C:\s\s_language\include\parser\ast\ast_visitor.h(703,40): warning C4100: 'stmt': unreferenced parameter [C:\s\s_language\build\compiler\pipeline\llvm\llvm_pipeline.vcxproj]
  (compiling source file '../../../../compiler/pipeline/llvm/src/llvm_compiler_pipeline.cpp')
  
C:\s\s_language\include\parser\ast\ast_visitor.h(704,30): warning C4100: 'stmt': unreferenced parameter [C:\s\s_language\build\compiler\pipeline\llvm\llvm_pipeline.vcxproj]
  (compiling source file '../../../../compiler/pipeline/llvm/src/llvm_compiler_pipeline.cpp')
  
C:\s\s_language\include\parser\ast\ast_visitor.h(705,36): warning C4100: 'stmt': unreferenced parameter [C:\s\s_language\build\compiler\pipeline\llvm\llvm_pipeline.vcxproj]
  (compiling source file '../../../../compiler/pipeline/llvm/src/llvm_compiler_pipeline.cpp')
  
C:\s\s_language\include\parser\ast\ast_visitor.h(706,32): warning C4100: 'stmt': unreferenced parameter [C:\s\s_language\build\compiler\pipeline\llvm\llvm_pipeline.vcxproj]
  (compiling source file '../../../../compiler/pipeline/llvm/src/llvm_compiler_pipeline.cpp')
  
C:\s\s_language\include\parser\ast\ast_visitor.h(707,42): warning C4100: 'stmt': unreferenced parameter [C:\s\s_language\build\compiler\pipeline\llvm\llvm_pipeline.vcxproj]
  (compiling source file '../../../../compiler/pipeline/llvm/src/llvm_compiler_pipeline.cpp')
  
C:\s\s_language\include\parser\ast\ast_visitor.h(708,38): warning C4100: 'stmt': unreferenced parameter [C:\s\s_language\build\compiler\pipeline\llvm\llvm_pipeline.vcxproj]
  (compiling source file '../../../../compiler/pipeline/llvm/src/llvm_compiler_pipeline.cpp')
  
C:\s\s_language\include\parser\ast\ast_visitor.h(709,38): warning C4100: 'stmt': unreferenced parameter [C:\s\s_language\build\compiler\pipeline\llvm\llvm_pipeline.vcxproj]
  (compiling source file '../../../../compiler/pipeline/llvm/src/llvm_compiler_pipeline.cpp')
  
C:\s\s_language\include\parser\ast\ast_visitor.h(710,36): warning C4100: 'stmt': unreferenced parameter [C:\s\s_language\build\compiler\pipeline\llvm\llvm_pipeline.vcxproj]
  (compiling source file '../../../../compiler/pipeline/llvm/src/llvm_compiler_pipeline.cpp')
  
C:\s\s_language\include\parser\ast\ast_visitor.h(711,36): warning C4100: 'stmt': unreferenced parameter [C:\s\s_language\build\compiler\pipeline\llvm\llvm_pipeline.vcxproj]
  (compiling source file '../../../../compiler/pipeline/llvm/src/llvm_compiler_pipeline.cpp')
  
C:\s\s_language\include\parser\ast\ast_visitor.h(712,42): warning C4100: 'stmt': unreferenced parameter [C:\s\s_language\build\compiler\pipeline\llvm\llvm_pipeline.vcxproj]
  (compiling source file '../../../../compiler/pipeline/llvm/src/llvm_compiler_pipeline.cpp')
  
C:\s\s_language\include\parser\ast\ast_visitor.h(713,36): warning C4100: 'stmt': unreferenced parameter [C:\s\s_language\build\compiler\pipeline\llvm\llvm_pipeline.vcxproj]
  (compiling source file '../../../../compiler/pipeline/llvm/src/llvm_compiler_pipeline.cpp')
  
C:\s\s_language\include\parser\ast\ast_visitor.h(714,32): warning C4100: 'stmt': unreferenced parameter [C:\s\s_language\build\compiler\pipeline\llvm\llvm_pipeline.vcxproj]
  (compiling source file '../../../../compiler/pipeline/llvm/src/llvm_compiler_pipeline.cpp')
  
C:\s\s_language\include\parser\ast\ast_visitor.h(715,36): warning C4100: 'stmt': unreferenced parameter [C:\s\s_language\build\compiler\pipeline\llvm\llvm_pipeline.vcxproj]
  (compiling source file '../../../../compiler/pipeline/llvm/src/llvm_compiler_pipeline.cpp')
  
C:\s\s_language\include\parser\ast\ast_visitor.h(716,34): warning C4100: 'stmt': unreferenced parameter [C:\s\s_language\build\compiler\pipeline\llvm\llvm_pipeline.vcxproj]
  (compiling source file '../../../../compiler/pipeline/llvm/src/llvm_compiler_pipeline.cpp')
  
C:\s\s_language\include\parser\ast\ast_visitor.h(717,36): warning C4100: 'stmt': unreferenced parameter [C:\s\s_language\build\compiler\pipeline\llvm\llvm_pipeline.vcxproj]
  (compiling source file '../../../../compiler/pipeline/llvm/src/llvm_compiler_pipeline.cpp')
  
C:\s\s_language\include\parser\ast\ast_visitor.h(718,44): warning C4100: 'stmt': unreferenced parameter [C:\s\s_language\build\compiler\pipeline\llvm\llvm_pipeline.vcxproj]
  (compiling source file '../../../../compiler/pipeline/llvm/src/llvm_compiler_pipeline.cpp')
  
C:\s\s_language\include\parser\ast\ast_visitor.h(721,42): warning C4100: 'decl': unreferenced parameter [C:\s\s_language\build\compiler\pipeline\llvm\llvm_pipeline.vcxproj]
  (compiling source file '../../../../compiler/pipeline/llvm/src/llvm_compiler_pipeline.cpp')
  
C:\s\s_language\include\parser\ast\ast_visitor.h(722,36): warning C4100: 'decl': unreferenced parameter [C:\s\s_language\build\compiler\pipeline\llvm\llvm_pipeline.vcxproj]
  (compiling source file '../../../../compiler/pipeline/llvm/src/llvm_compiler_pipeline.cpp')
  
C:\s\s_language\include\parser\ast\ast_visitor.h(723,36): warning C4100: 'decl': unreferenced parameter [C:\s\s_language\build\compiler\pipeline\llvm\llvm_pipeline.vcxproj]
  (compiling source file '../../../../compiler/pipeline/llvm/src/llvm_compiler_pipeline.cpp')
  
C:\s\s_language\include\parser\ast\ast_visitor.h(724,38): warning C4100: 'decl': unreferenced parameter [C:\s\s_language\build\compiler\pipeline\llvm\llvm_pipeline.vcxproj]
  (compiling source file '../../../../compiler/pipeline/llvm/src/llvm_compiler_pipeline.cpp')
  
C:\s\s_language\include\parser\ast\ast_visitor.h(725,42): warning C4100: 'decl': unreferenced parameter [C:\s\s_language\build\compiler\pipeline\llvm\llvm_pipeline.vcxproj]
  (compiling source file '../../../../compiler/pipeline/llvm/src/llvm_compiler_pipeline.cpp')
  
C:\s\s_language\include\parser\ast\ast_visitor.h(726,48): warning C4100: 'decl': unreferenced parameter [C:\s\s_language\build\compiler\pipeline\llvm\llvm_pipeline.vcxproj]
  (compiling source file '../../../../compiler/pipeline/llvm/src/llvm_compiler_pipeline.cpp')
  
C:\s\s_language\include\parser\ast\ast_visitor.h(727,46): warning C4100: 'decl': unreferenced parameter [C:\s\s_language\build\compiler\pipeline\llvm\llvm_pipeline.vcxproj]
  (compiling source file '../../../../compiler/pipeline/llvm/src/llvm_compiler_pipeline.cpp')
  
C:\s\s_language\include\parser\ast\ast_visitor.h(728,34): warning C4100: 'decl': unreferenced parameter [C:\s\s_language\build\compiler\pipeline\llvm\llvm_pipeline.vcxproj]
  (compiling source file '../../../../compiler/pipeline/llvm/src/llvm_compiler_pipeline.cpp')
  
C:\s\s_language\include\parser\ast\ast_visitor.h(729,38): warning C4100: 'stmt': unreferenced parameter [C:\s\s_language\build\compiler\pipeline\llvm\llvm_pipeline.vcxproj]
  (compiling source file '../../../../compiler/pipeline/llvm/src/llvm_compiler_pipeline.cpp')
  
C:\s\s_language\include\parser\ast\ast_visitor.h(730,46): warning C4100: 'stmt': unreferenced parameter [C:\s\s_language\build\compiler\pipeline\llvm\llvm_pipeline.vcxproj]
  (compiling source file '../../../../compiler/pipeline/llvm/src/llvm_compiler_pipeline.cpp')
  
C:\s\s_language\include\parser\ast\ast_visitor.h(731,38): warning C4100: 'stmt': unreferenced parameter [C:\s\s_language\build\compiler\pipeline\llvm\llvm_pipeline.vcxproj]
  (compiling source file '../../../../compiler/pipeline/llvm/src/llvm_compiler_pipeline.cpp')
  
C:\s\s_language\include\parser\ast\ast_visitor.h(732,38): warning C4100: 'decl': unreferenced parameter [C:\s\s_language\build\compiler\pipeline\llvm\llvm_pipeline.vcxproj]
  (compiling source file '../../../../compiler/pipeline/llvm/src/llvm_compiler_pipeline.cpp')
  
C:\s\s_language\include\parser\ast\pattern_nodes.h(91,53): warning C4100: 'bindings': unreferenced parameter [C:\s\s_language\build\compiler\pipeline\llvm\llvm_pipeline.vcxproj]
  (compiling source file '../../../../compiler/pipeline/llvm/src/llvm_compiler_pipeline.cpp')
  
C:\s\s_language\include\parser\ast\pattern_nodes.h(122,53): warning C4100: 'bindings': unreferenced parameter [C:\s\s_language\build\compiler\pipeline\llvm\llvm_pipeline.vcxproj]
  (compiling source file '../../../../compiler/pipeline/llvm/src/llvm_compiler_pipeline.cpp')
  
C:\s\s_language\include\parser\ast\pattern_nodes.h(121,37): warning C4100: 'value': unreferenced parameter [C:\s\s_language\build\compiler\pipeline\llvm\llvm_pipeline.vcxproj]
  (compiling source file '../../../../compiler/pipeline/llvm/src/llvm_compiler_pipeline.cpp')
  
C:\s\s_language\compiler\frontend\include\sir_instruction.h(163,40): warning C4100: 'type': unreferenced parameter [C:\s\s_language\build\compiler\pipeline\llvm\llvm_pipeline.vcxproj]
  (compiling source file '../../../../compiler/pipeline/llvm/src/llvm_compiler_pipeline.cpp')
  
C:\s\s_language\compiler\frontend\include\sir_builder.h(280,49): error C2039: 'ProgramNode': is not a member of 'Sad::AST' [C:\s\s_language\build\compiler\pipeline\llvm\llvm_pipeline.vcxproj]
  (compiling source file '../../../../compiler/pipeline/llvm/src/llvm_compiler_pipeline.cpp')
      C:\s\s_language\include\parser\ast\pattern_nodes.h(26,11):
      see declaration of 'Sad::AST'
  
C:\s\s_language\compiler\frontend\include\sir_builder.h(280,49): error C2061: syntax error: identifier 'ProgramNode' [C:\s\s_language\build\compiler\pipeline\llvm\llvm_pipeline.vcxproj]
  (compiling source file '../../../../compiler/pipeline/llvm/src/llvm_compiler_pipeline.cpp')
  
C:\s\s_language\compiler\frontend\include\sir_builder.h(296,29): error C2039: 'FunctionDeclNode': is not a member of 'Sad::AST' [C:\s\s_language\build\compiler\pipeline\llvm\llvm_pipeline.vcxproj]
  (compiling source file '../../../../compiler/pipeline/llvm/src/llvm_compiler_pipeline.cpp')
      C:\s\s_language\include\parser\ast\pattern_nodes.h(26,11):
      see declaration of 'Sad::AST'
  
C:\s\s_language\compiler\frontend\include\sir_builder.h(296,29): error C2061: syntax error: identifier 'FunctionDeclNode' [C:\s\s_language\build\compiler\pipeline\llvm\llvm_pipeline.vcxproj]
  (compiling source file '../../../../compiler/pipeline/llvm/src/llvm_compiler_pipeline.cpp')
  
C:\s\s_language\compiler\frontend\include\sir_builder.h(304,35): error C2039: 'VariableDeclNode': is not a member of 'Sad::AST' [C:\s\s_language\build\compiler\pipeline\llvm\llvm_pipeline.vcxproj]
  (compiling source file '../../../../compiler/pipeline/llvm/src/llvm_compiler_pipeline.cpp')
      C:\s\s_language\include\parser\ast\pattern_nodes.h(26,11):
      see declaration of 'Sad::AST'
  
C:\s\s_language\compiler\frontend\include\sir_builder.h(304,35): error C2061: syntax error: identifier 'VariableDeclNode' [C:\s\s_language\build\compiler\pipeline\llvm\llvm_pipeline.vcxproj]
  (compiling source file '../../../../compiler/pipeline/llvm/src/llvm_compiler_pipeline.cpp')
  
C:\s\s_language\compiler\frontend\include\sir_builder.h(312,26): error C2039: 'ClassDeclNode': is not a member of 'Sad::AST' [C:\s\s_language\build\compiler\pipeline\llvm\llvm_pipeline.vcxproj]
  (compiling source file '../../../../compiler/pipeline/llvm/src/llvm_compiler_pipeline.cpp')
      C:\s\s_language\include\parser\ast\pattern_nodes.h(26,11):
      see declaration of 'Sad::AST'
  
C:\s\s_language\compiler\frontend\include\sir_builder.h(312,26): error C2061: syntax error: identifier 'ClassDeclNode' [C:\s\s_language\build\compiler\pipeline\llvm\llvm_pipeline.vcxproj]
  (compiling source file '../../../../compiler/pipeline/llvm/src/llvm_compiler_pipeline.cpp')
  
C:\s\s_language\compiler\frontend\include\sir_builder.h(324,30): error C2039: 'StatementNode': is not a member of 'Sad::AST' [C:\s\s_language\build\compiler\pipeline\llvm\llvm_pipeline.vcxproj]
  (compiling source file '../../../../compiler/pipeline/llvm/src/llvm_compiler_pipeline.cpp')
      C:\s\s_language\include\parser\ast\pattern_nodes.h(26,11):
      see declaration of 'Sad::AST'
  
C:\s\s_language\compiler\frontend\include\sir_builder.h(324,30): error C2061: syntax error: identifier 'StatementNode' [C:\s\s_language\build\compiler\pipeline\llvm\llvm_pipeline.vcxproj]
  (compiling source file '../../../../compiler/pipeline/llvm/src/llvm_compiler_pipeline.cpp')
  
C:\s\s_language\compiler\frontend\include\sir_builder.h(336,32): error C2039: 'IfStatementNode': is not a member of 'Sad::AST' [C:\s\s_language\build\compiler\pipeline\llvm\llvm_pipeline.vcxproj]
  (compiling source file '../../../../compiler/pipeline/llvm/src/llvm_compiler_pipeline.cpp')
      C:\s\s_language\include\parser\ast\pattern_nodes.h(26,11):
      see declaration of 'Sad::AST'
  
C:\s\s_language\compiler\frontend\include\sir_builder.h(336,32): error C2061: syntax error: identifier 'IfStatementNode' [C:\s\s_language\build\compiler\pipeline\llvm\llvm_pipeline.vcxproj]
  (compiling source file '../../../../compiler/pipeline/llvm/src/llvm_compiler_pipeline.cpp')
  
C:\s\s_language\compiler\frontend\include\sir_builder.h(344,30): error C2039: 'WhileLoopNode': is not a member of 'Sad::AST' [C:\s\s_language\build\compiler\pipeline\llvm\llvm_pipeline.vcxproj]
  (compiling source file '../../../../compiler/pipeline/llvm/src/llvm_compiler_pipeline.cpp')
      C:\s\s_language\include\parser\ast\pattern_nodes.h(26,11):
      see declaration of 'Sad::AST'
  
C:\s\s_language\compiler\frontend\include\sir_builder.h(344,30): error C2061: syntax error: identifier 'WhileLoopNode' [C:\s\s_language\build\compiler\pipeline\llvm\llvm_pipeline.vcxproj]
  (compiling source file '../../../../compiler/pipeline/llvm/src/llvm_compiler_pipeline.cpp')
  
C:\s\s_language\compiler\frontend\include\sir_builder.h(352,28): error C2039: 'ForLoopNode': is not a member of 'Sad::AST' [C:\s\s_language\build\compiler\pipeline\llvm\llvm_pipeline.vcxproj]
  (compiling source file '../../../../compiler/pipeline/llvm/src/llvm_compiler_pipeline.cpp')
      C:\s\s_language\include\parser\ast\pattern_nodes.h(26,11):
      see declaration of 'Sad::AST'
  
C:\s\s_language\compiler\frontend\include\sir_builder.h(352,28): error C2061: syntax error: identifier 'ForLoopNode' [C:\s\s_language\build\compiler\pipeline\llvm\llvm_pipeline.vcxproj]
  (compiling source file '../../../../compiler/pipeline/llvm/src/llvm_compiler_pipeline.cpp')
  
C:\s\s_language\compiler\frontend\include\sir_builder.h(360,36): error C2039: 'ReturnStatementNode': is not a member of 'Sad::AST' [C:\s\s_language\build\compiler\pipeline\llvm\llvm_pipeline.vcxproj]
  (compiling source file '../../../../compiler/pipeline/llvm/src/llvm_compiler_pipeline.cpp')
      C:\s\s_language\include\parser\ast\pattern_nodes.h(26,11):
      see declaration of 'Sad::AST'
  
C:\s\s_language\compiler\frontend\include\sir_builder.h(360,36): error C2061: syntax error: identifier 'ReturnStatementNode' [C:\s\s_language\build\compiler\pipeline\llvm\llvm_pipeline.vcxproj]
  (compiling source file '../../../../compiler/pipeline/llvm/src/llvm_compiler_pipeline.cpp')
  
C:\s\s_language\compiler\frontend\include\sir_builder.h(368,31): error C2039: 'AssignmentNode': is not a member of 'Sad::AST' [C:\s\s_language\build\compiler\pipeline\llvm\llvm_pipeline.vcxproj]
  (compiling source file '../../../../compiler/pipeline/llvm/src/llvm_compiler_pipeline.cpp')
      C:\s\s_language\include\parser\ast\pattern_nodes.h(26,11):
      see declaration of 'Sad::AST'
  
C:\s\s_language\compiler\frontend\include\sir_builder.h(368,31): error C2061: syntax error: identifier 'AssignmentNode' [C:\s\s_language\build\compiler\pipeline\llvm\llvm_pipeline.vcxproj]
  (compiling source file '../../../../compiler/pipeline/llvm/src/llvm_compiler_pipeline.cpp')
  
C:\s\s_language\compiler\frontend\include\sir_builder.h(376,34): error C2039: 'VariableDeclNode': is not a member of 'Sad::AST' [C:\s\s_language\build\compiler\pipeline\llvm\llvm_pipeline.vcxproj]
  (compiling source file '../../../../compiler/pipeline/llvm/src/llvm_compiler_pipeline.cpp')
      C:\s\s_language\include\parser\ast\pattern_nodes.h(26,11):
      see declaration of 'Sad::AST'
  
C:\s\s_language\compiler\frontend\include\sir_builder.h(376,34): error C2061: syntax error: identifier 'VariableDeclNode' [C:\s\s_language\build\compiler\pipeline\llvm\llvm_pipeline.vcxproj]
  (compiling source file '../../../../compiler/pipeline/llvm/src/llvm_compiler_pipeline.cpp')
  
C:\s\s_language\compiler\frontend\include\sir_builder.h(389,38): error C2039: 'ExpressionNode': is not a member of 'Sad::AST' [C:\s\s_language\build\compiler\pipeline\llvm\llvm_pipeline.vcxproj]
  (compiling source file '../../../../compiler/pipeline/llvm/src/llvm_compiler_pipeline.cpp')
      C:\s\s_language\include\parser\ast\pattern_nodes.h(26,11):
      see declaration of 'Sad::AST'
  
C:\s\s_language\compiler\frontend\include\sir_builder.h(389,38): error C2061: syntax error: identifier 'ExpressionNode' [C:\s\s_language\build\compiler\pipeline\llvm\llvm_pipeline.vcxproj]
  (compiling source file '../../../../compiler/pipeline/llvm/src/llvm_compiler_pipeline.cpp')
  
C:\s\s_language\compiler\frontend\include\sir_builder.h(398,36): error C2039: 'BinaryOpNode': is not a member of 'Sad::AST' [C:\s\s_language\build\compiler\pipeline\llvm\llvm_pipeline.vcxproj]
  (compiling source file '../../../../compiler/pipeline/llvm/src/llvm_compiler_pipeline.cpp')
      C:\s\s_language\include\parser\ast\pattern_nodes.h(26,11):
      see declaration of 'Sad::AST'
  
C:\s\s_language\compiler\frontend\include\sir_builder.h(398,36): error C2061: syntax error: identifier 'BinaryOpNode' [C:\s\s_language\build\compiler\pipeline\llvm\llvm_pipeline.vcxproj]
  (compiling source file '../../../../compiler/pipeline/llvm/src/llvm_compiler_pipeline.cpp')
  
C:\s\s_language\compiler\frontend\include\sir_builder.h(407,35): error C2039: 'UnaryOpNode': is not a member of 'Sad::AST' [C:\s\s_language\build\compiler\pipeline\llvm\llvm_pipeline.vcxproj]
  (compiling source file '../../../../compiler/pipeline/llvm/src/llvm_compiler_pipeline.cpp')
      C:\s\s_language\include\parser\ast\pattern_nodes.h(26,11):
      see declaration of 'Sad::AST'
  
C:\s\s_language\compiler\frontend\include\sir_builder.h(407,35): error C2061: syntax error: identifier 'UnaryOpNode' [C:\s\s_language\build\compiler\pipeline\llvm\llvm_pipeline.vcxproj]
  (compiling source file '../../../../compiler/pipeline/llvm/src/llvm_compiler_pipeline.cpp')
  
C:\s\s_language\compiler\frontend\include\sir_builder.h(416,40): error C2039: 'FunctionCallNode': is not a member of 'Sad::AST' [C:\s\s_language\build\compiler\pipeline\llvm\llvm_pipeline.vcxproj]
  (compiling source file '../../../../compiler/pipeline/llvm/src/llvm_compiler_pipeline.cpp')
      C:\s\s_language\include\parser\ast\pattern_nodes.h(26,11):
      see declaration of 'Sad::AST'
  
C:\s\s_language\compiler\frontend\include\sir_builder.h(416,40): error C2061: syntax error: identifier 'FunctionCallNode' [C:\s\s_language\build\compiler\pipeline\llvm\llvm_pipeline.vcxproj]
  (compiling source file '../../../../compiler/pipeline/llvm/src/llvm_compiler_pipeline.cpp')
  
C:\s\s_language\compiler\frontend\include\sir_builder.h(425,42): error C2039: 'VariableNode': is not a member of 'Sad::AST' [C:\s\s_language\build\compiler\pipeline\llvm\llvm_pipeline.vcxproj]
  (compiling source file '../../../../compiler/pipeline/llvm/src/llvm_compiler_pipeline.cpp')
      C:\s\s_language\include\parser\ast\pattern_nodes.h(26,11):
      see declaration of 'Sad::AST'
  
C:\s\s_language\compiler\frontend\include\sir_builder.h(425,42): error C2061: syntax error: identifier 'VariableNode' [C:\s\s_language\build\compiler\pipeline\llvm\llvm_pipeline.vcxproj]
  (compiling source file '../../../../compiler/pipeline/llvm/src/llvm_compiler_pipeline.cpp')
  
C:\s\s_language\compiler\frontend\include\sir_builder.h(434,35): error C2039: 'LiteralNode': is not a member of 'Sad::AST' [C:\s\s_language\build\compiler\pipeline\llvm\llvm_pipeline.vcxproj]
  (compiling source file '../../../../compiler/pipeline/llvm/src/llvm_compiler_pipeline.cpp')
      C:\s\s_language\include\parser\ast\pattern_nodes.h(26,11):
      see declaration of 'Sad::AST'
  
C:\s\s_language\compiler\frontend\include\sir_builder.h(434,35): error C2061: syntax error: identifier 'LiteralNode' [C:\s\s_language\build\compiler\pipeline\llvm\llvm_pipeline.vcxproj]
  (compiling source file '../../../../compiler/pipeline/llvm/src/llvm_compiler_pipeline.cpp')
  
C:\s\s_language\compiler\frontend\include\sir_builder.h(447,40): error C2039: 'MethodCallNode': is not a member of 'Sad::AST' [C:\s\s_language\build\compiler\pipeline\llvm\llvm_pipeline.vcxproj]
  (compiling source file '../../../../compiler/pipeline/llvm/src/llvm_compiler_pipeline.cpp')
      C:\s\s_language\include\parser\ast\pattern_nodes.h(26,11):
      see declaration of 'Sad::AST'
  
C:\s\s_language\compiler\frontend\include\sir_builder.h(447,40): error C2061: syntax error: identifier 'MethodCallNode' [C:\s\s_language\build\compiler\pipeline\llvm\llvm_pipeline.vcxproj]
  (compiling source file '../../../../compiler/pipeline/llvm/src/llvm_compiler_pipeline.cpp')
  
C:\s\s_language\compiler\frontend\include\sir_builder.h(685,37): error C2039: 'BinaryOperator': is not a member of 'Sad::AST' [C:\s\s_language\build\compiler\pipeline\llvm\llvm_pipeline.vcxproj]
  (compiling source file '../../../../compiler/pipeline/llvm/src/llvm_compiler_pipeline.cpp')
      C:\s\s_language\include\parser\ast\pattern_nodes.h(26,11):
      see declaration of 'Sad::AST'
  
C:\s\s_language\compiler\frontend\include\sir_builder.h(685,37): error C2061: syntax error: identifier 'BinaryOperator' [C:\s\s_language\build\compiler\pipeline\llvm\llvm_pipeline.vcxproj]
  (compiling source file '../../../../compiler/pipeline/llvm/src/llvm_compiler_pipeline.cpp')
  
C:\s\s_language\compiler\frontend\include\sir_builder.h(691,36): error C2039: 'UnaryOperator': is not a member of 'Sad::AST' [C:\s\s_language\build\compiler\pipeline\llvm\llvm_pipeline.vcxproj]
  (compiling source file '../../../../compiler/pipeline/llvm/src/llvm_compiler_pipeline.cpp')
      C:\s\s_language\include\parser\ast\pattern_nodes.h(26,11):
      see declaration of 'Sad::AST'
  
C:\s\s_language\compiler\frontend\include\sir_builder.h(691,36): error C2061: syntax error: identifier 'UnaryOperator' [C:\s\s_language\build\compiler\pipeline\llvm\llvm_pipeline.vcxproj]
  (compiling source file '../../../../compiler/pipeline/llvm/src/llvm_compiler_pipeline.cpp')
  
C:\LLVM\include\llvm\ADT\DenseMapInfo.h(103,54): warning C4245: 'return': conversion from 'int' to 'unsigned char', signed/unsigned mismatch [C:\s\s_language\build\compiler\pipeline\llvm\llvm_pipeline.vcxproj]
  (compiling source file '../../../../compiler/pipeline/llvm/src/llvm_compiler_pipeline.cpp')
  
C:\LLVM\include\llvm\ADT\DenseMapInfo.h(104,61): warning C4245: 'return': conversion from 'int' to 'unsigned char', signed/unsigned mismatch [C:\s\s_language\build\compiler\pipeline\llvm\llvm_pipeline.vcxproj]
  (compiling source file '../../../../compiler/pipeline/llvm/src/llvm_compiler_pipeline.cpp')
  
C:\LLVM\include\llvm\ADT\Hashing.h(678,60): warning C4245: 'argument': conversion from 'int' to 'size_t', signed/unsigned mismatch [C:\s\s_language\build\compiler\pipeline\llvm\llvm_pipeline.vcxproj]
  (compiling source file '../../../../compiler/pipeline/llvm/src/llvm_compiler_pipeline.cpp')
  
C:\LLVM\include\llvm\ADT\Hashing.h(679,64): warning C4245: 'argument': conversion from 'int' to 'size_t', signed/unsigned mismatch [C:\s\s_language\build\compiler\pipeline\llvm\llvm_pipeline.vcxproj]
  (compiling source file '../../../../compiler/pipeline/llvm/src/llvm_compiler_pipeline.cpp')
  
C:\LLVM\include\llvm\Support\Alignment.h(79,25): warning C4244: '=': conversion from 'unsigned int' to 'uint8_t', possible loss of data [C:\s\s_language\build\compiler\pipeline\llvm\llvm_pipeline.vcxproj]
  (compiling source file '../../../../compiler/pipeline/llvm/src/llvm_compiler_pipeline.cpp')
  
C:\LLVM\include\llvm\Support\Alignment.h(224,26): warning C4244: '=': conversion from 'unsigned int' to 'uint8_t', possible loss of data [C:\s\s_language\build\compiler\pipeline\llvm\llvm_pipeline.vcxproj]
  (compiling source file '../../../../compiler/pipeline/llvm/src/llvm_compiler_pipeline.cpp')
  
C:\LLVM\include\llvm\Support\raw_ostream.h(487,39): warning C4458: declaration of 'EC' hides class member [C:\s\s_language\build\compiler\pipeline\llvm\llvm_pipeline.vcxproj]
  (compiling source file '../../../../compiler/pipeline/llvm/src/llvm_compiler_pipeline.cpp')
      C:\LLVM\include\llvm\Support\raw_ostream.h(467,19):
      see declaration of 'llvm::raw_fd_ostream::EC'
  
C:\LLVM\include\llvm\IR\DerivedTypes.h(455,22): warning C4244: 'initializing': conversion from 'unsigned __int64' to 'unsigned int', possible loss of data [C:\s\s_language\build\compiler\pipeline\llvm\llvm_pipeline.vcxproj]
  (compiling source file '../../../../compiler/pipeline/llvm/src/llvm_compiler_pipeline.cpp')
  
C:\LLVM\include\llvm\IR\DerivedTypes.h(486,24): warning C4244: 'initializing': conversion from 'unsigned __int64' to 'unsigned int', possible loss of data [C:\s\s_language\build\compiler\pipeline\llvm\llvm_pipeline.vcxproj]
  (compiling source file '../../../../compiler/pipeline/llvm/src/llvm_compiler_pipeline.cpp')
  
C:\LLVM\include\llvm\IR\DerivedTypes.h(596,52): warning C4244: 'argument': conversion from 'uint64_t' to 'unsigned int', possible loss of data [C:\s\s_language\build\compiler\pipeline\llvm\llvm_pipeline.vcxproj]
  (compiling source file '../../../../compiler/pipeline/llvm/src/llvm_compiler_pipeline.cpp')
  
C:\LLVM\include\llvm\ADT\SmallVector.h(1130,23): warning C4324: 'llvm::SmallVectorStorage<T,0>': structure was padded due to alignment specifier [C:\s\s_language\build\compiler\pipeline\llvm\llvm_pipeline.vcxproj]
C:\LLVM\include\llvm\ADT\SmallVector.h(1130,23): warning C4324:         with [C:\s\s_language\build\compiler\pipeline\llvm\llvm_pipeline.vcxproj]
C:\LLVM\include\llvm\ADT\SmallVector.h(1130,23): warning C4324:         [ [C:\s\s_language\build\compiler\pipeline\llvm\llvm_pipeline.vcxproj]
C:\LLVM\include\llvm\ADT\SmallVector.h(1130,23): warning C4324:             T=llvm::APInt [C:\s\s_language\build\compiler\pipeline\llvm\llvm_pipeline.vcxproj]
C:\LLVM\include\llvm\ADT\SmallVector.h(1130,23): warning C4324:         ] [C:\s\s_language\build\compiler\pipeline\llvm\llvm_pipeline.vcxproj]
  (compiling source file '../../../../compiler/pipeline/llvm/src/llvm_compiler_pipeline.cpp')
      C:\LLVM\include\llvm\ADT\SmallVector.h(1130,23):
      the template instantiation context (the oldest one first) is
          C:\LLVM\include\llvm\ADT\SmallVector.h(1207,71):
          see reference to class template instantiation 'llvm::CalculateSmallVectorDefaultInlinedElements<T>' being compiled
          with
          [
              T=llvm::APInt
          ]
          C:\LLVM\include\llvm\ADT\SmallVector.h(1184,43):
          see reference to class template instantiation 'llvm::SmallVector<T,0>' being compiled
          with
          [
              T=llvm::APInt
          ]
          C:\LLVM\include\llvm\ADT\SmallVector.h(1209,36):
          see reference to class template instantiation 'llvm::SmallVectorStorage<T,0>' being compiled
          with
          [
              T=llvm::APInt
          ]
  
C:\LLVM\include\llvm\Support\TrailingObjects.h(203,1): warning C4324: 'llvm::trailing_objects_internal::TrailingObjectsImpl<8,BaseTy,TopTrailingObj,NextTy>': structure was padded due to alignment specifier [C:\s\s_language\build\compiler\pipeline\llvm\llvm_pipeline.vcxproj]
C:\LLVM\include\llvm\Support\TrailingObjects.h(203,1): warning C4324:         with [C:\s\s_language\build\compiler\pipeline\llvm\llvm_pipeline.vcxproj]
C:\LLVM\include\llvm\Support\TrailingObjects.h(203,1): warning C4324:         [ [C:\s\s_language\build\compiler\pipeline\llvm\llvm_pipeline.vcxproj]
C:\LLVM\include\llvm\Support\TrailingObjects.h(203,1): warning C4324:             BaseTy=llvm::StructLayout, [C:\s\s_language\build\compiler\pipeline\llvm\llvm_pipeline.vcxproj]
C:\LLVM\include\llvm\Support\TrailingObjects.h(203,1): warning C4324:             TopTrailingObj=llvm::TrailingObjects<llvm::StructLayout,llvm::TypeSize>, [C:\s\s_language\build\compiler\pipeline\llvm\llvm_pipeline.vcxproj]
C:\LLVM\include\llvm\Support\TrailingObjects.h(203,1): warning C4324:             NextTy=llvm::TypeSize [C:\s\s_language\build\compiler\pipeline\llvm\llvm_pipeline.vcxproj]
C:\LLVM\include\llvm\Support\TrailingObjects.h(203,1): warning C4324:         ] [C:\s\s_language\build\compiler\pipeline\llvm\llvm_pipeline.vcxproj]
  (compiling source file '../../../../compiler/pipeline/llvm/src/llvm_compiler_pipeline.cpp')
      C:\LLVM\include\llvm\Support\TrailingObjects.h(203,1):
      the template instantiation context (the oldest one first) is
          C:\LLVM\include\llvm\IR\DataLayout.h(622,35):
          see reference to class template instantiation 'llvm::TrailingObjects<llvm::StructLayout,llvm::TypeSize>' being compiled
          C:\LLVM\include\llvm\Support\TrailingObjects.h(212,60):
          see reference to class template instantiation 'llvm::trailing_objects_internal::TrailingObjectsImpl<8,BaseTy,llvm::TrailingObjects<BaseTy,llvm::TypeSize>,BaseTy,llvm::TypeSize>' being compiled
          with
          [
              BaseTy=llvm::StructLayout
          ]
          C:\LLVM\include\llvm\Support\TrailingObjects.h(117,14):
          see reference to class template instantiation 'llvm::trailing_objects_internal::TrailingObjectsImpl<8,BaseTy,TopTrailingObj,NextTy>' being compiled
          with
          [
              BaseTy=llvm::StructLayout,
              TopTrailingObj=llvm::TrailingObjects<llvm::StructLayout,llvm::TypeSize>,
              NextTy=llvm::TypeSize
          ]
  
C:\LLVM\include\llvm\ADT\ilist_node_base.h(26,33): warning C4458: declaration of 'Prev' hides class member [C:\s\s_language\build\compiler\pipeline\llvm\llvm_pipeline.vcxproj]
  (compiling source file '../../../../compiler/pipeline/llvm/src/llvm_compiler_pipeline.cpp')
      C:\LLVM\include\llvm\ADT\ilist_node_base.h(22,20):
      see declaration of 'llvm::ilist_node_base<false>::Prev'
  
C:\LLVM\include\llvm\ADT\ilist_node_base.h(27,33): warning C4458: declaration of 'Next' hides class member [C:\s\s_language\build\compiler\pipeline\llvm\llvm_pipeline.vcxproj]
  (compiling source file '../../../../compiler/pipeline/llvm/src/llvm_compiler_pipeline.cpp')
      C:\LLVM\include\llvm\ADT\ilist_node_base.h(23,20):
      see declaration of 'llvm::ilist_node_base<false>::Next'
  
C:\LLVM\include\llvm\ADT\ilist_node_base.h(41,33): warning C4458: declaration of 'Next' hides class member [C:\s\s_language\build\compiler\pipeline\llvm\llvm_pipeline.vcxproj]
  (compiling source file '../../../../compiler/pipeline/llvm/src/llvm_compiler_pipeline.cpp')
      C:\LLVM\include\llvm\ADT\ilist_node_base.h(37,20):
      see declaration of 'llvm::ilist_node_base<true>::Next'
  
C:\LLVM\include\llvm\IR\Metadata.h(57,38): warning C4245: 'initializing': conversion from 'int' to 'uint64_t', signed/unsigned mismatch [C:\s\s_language\build\compiler\pipeline\llvm\llvm_pipeline.vcxproj]
  (compiling source file '../../../../compiler/pipeline/llvm/src/llvm_compiler_pipeline.cpp')
  
C:\LLVM\include\llvm\IR\Metadata.h(87,19): warning C4244: 'initializing': conversion from 'unsigned int' to 'const unsigned char', possible loss of data [C:\s\s_language\build\compiler\pipeline\llvm\llvm_pipeline.vcxproj]
  (compiling source file '../../../../compiler/pipeline/llvm/src/llvm_compiler_pipeline.cpp')
  
C:\LLVM\include\llvm\IR\Metadata.h(87,32): warning C4244: 'initializing': conversion from 'llvm::Metadata::StorageType' to 'unsigned char', possible loss of data [C:\s\s_language\build\compiler\pipeline\llvm\llvm_pipeline.vcxproj]
  (compiling source file '../../../../compiler/pipeline/llvm/src/llvm_compiler_pipeline.cpp')
  
C:\LLVM\include\llvm\ADT\SmallVector.h(1130,23): warning C4324: 'llvm::SmallVectorStorage<T,0>': structure was padded due to alignment specifier [C:\s\s_language\build\compiler\pipeline\llvm\llvm_pipeline.vcxproj]
C:\LLVM\include\llvm\ADT\SmallVector.h(1130,23): warning C4324:         with [C:\s\s_language\build\compiler\pipeline\llvm\llvm_pipeline.vcxproj]
C:\LLVM\include\llvm\ADT\SmallVector.h(1130,23): warning C4324:         [ [C:\s\s_language\build\compiler\pipeline\llvm\llvm_pipeline.vcxproj]
C:\LLVM\include\llvm\ADT\SmallVector.h(1130,23): warning C4324:             T=llvm::Metadata * [C:\s\s_language\build\compiler\pipeline\llvm\llvm_pipeline.vcxproj]
C:\LLVM\include\llvm\ADT\SmallVector.h(1130,23): warning C4324:         ] [C:\s\s_language\build\compiler\pipeline\llvm\llvm_pipeline.vcxproj]
  (compiling source file '../../../../compiler/pipeline/llvm/src/llvm_compiler_pipeline.cpp')
      C:\LLVM\include\llvm\ADT\SmallVector.h(1130,23):
      the template instantiation context (the oldest one first) is
          C:\LLVM\include\llvm\ADT\SmallVector.h(1207,71):
          see reference to class template instantiation 'llvm::CalculateSmallVectorDefaultInlinedElements<T>' being compiled
          with
          [
              T=llvm::Metadata *
          ]
          C:\LLVM\include\llvm\ADT\SmallVector.h(1184,43):
          see reference to class template instantiation 'llvm::SmallVector<T,0>' being compiled
          with
          [
              T=llvm::Metadata *
          ]
          C:\LLVM\include\llvm\ADT\SmallVector.h(1209,36):
          see reference to class template instantiation 'llvm::SmallVectorStorage<T,0>' being compiled
          with
          [
              T=llvm::Metadata *
          ]
  
C:\LLVM\include\llvm\ADT\SmallVector.h(1130,23): warning C4324: 'llvm::SmallVectorStorage<T,0>': structure was padded due to alignment specifier [C:\s\s_language\build\compiler\pipeline\llvm\llvm_pipeline.vcxproj]
C:\LLVM\include\llvm\ADT\SmallVector.h(1130,23): warning C4324:         with [C:\s\s_language\build\compiler\pipeline\llvm\llvm_pipeline.vcxproj]
C:\LLVM\include\llvm\ADT\SmallVector.h(1130,23): warning C4324:         [ [C:\s\s_language\build\compiler\pipeline\llvm\llvm_pipeline.vcxproj]
C:\LLVM\include\llvm\ADT\SmallVector.h(1130,23): warning C4324:             T=llvm::DPValue * [C:\s\s_language\build\compiler\pipeline\llvm\llvm_pipeline.vcxproj]
C:\LLVM\include\llvm\ADT\SmallVector.h(1130,23): warning C4324:         ] [C:\s\s_language\build\compiler\pipeline\llvm\llvm_pipeline.vcxproj]
  (compiling source file '../../../../compiler/pipeline/llvm/src/llvm_compiler_pipeline.cpp')
      C:\LLVM\include\llvm\ADT\SmallVector.h(1130,23):
      the template instantiation context (the oldest one first) is
          C:\LLVM\include\llvm\ADT\SmallVector.h(1207,71):
          see reference to class template instantiation 'llvm::CalculateSmallVectorDefaultInlinedElements<T>' being compiled
          with
          [
              T=llvm::DPValue *
          ]
          C:\LLVM\include\llvm\ADT\SmallVector.h(1184,43):
          see reference to class template instantiation 'llvm::SmallVector<T,0>' being compiled
          with
          [
              T=llvm::DPValue *
          ]
          C:\LLVM\include\llvm\ADT\SmallVector.h(1209,36):
          see reference to class template instantiation 'llvm::SmallVectorStorage<T,0>' being compiled
          with
          [
              T=llvm::DPValue *
          ]
  
C:\LLVM\include\llvm\IR\Metadata.h(919,24): warning C4458: declaration of 'MD' hides class member [C:\s\s_language\build\compiler\pipeline\llvm\llvm_pipeline.vcxproj]
  (compiling source file '../../../../compiler/pipeline/llvm/src/llvm_compiler_pipeline.cpp')
      C:\LLVM\include\llvm\IR\Metadata.h(882,13):
      see declaration of 'llvm::MDOperand::MD'
  
C:\LLVM\include\llvm\ADT\SmallVector.h(1130,23): warning C4324: 'llvm::SmallVectorStorage<T,0>': structure was padded due to alignment specifier [C:\s\s_language\build\compiler\pipeline\llvm\llvm_pipeline.vcxproj]
C:\LLVM\include\llvm\ADT\SmallVector.h(1130,23): warning C4324:         with [C:\s\s_language\build\compiler\pipeline\llvm\llvm_pipeline.vcxproj]
C:\LLVM\include\llvm\ADT\SmallVector.h(1130,23): warning C4324:         [ [C:\s\s_language\build\compiler\pipeline\llvm\llvm_pipeline.vcxproj]
C:\LLVM\include\llvm\ADT\SmallVector.h(1130,23): warning C4324:             T=llvm::MDOperand [C:\s\s_language\build\compiler\pipeline\llvm\llvm_pipeline.vcxproj]
C:\LLVM\include\llvm\ADT\SmallVector.h(1130,23): warning C4324:         ] [C:\s\s_language\build\compiler\pipeline\llvm\llvm_pipeline.vcxproj]
  (compiling source file '../../../../compiler/pipeline/llvm/src/llvm_compiler_pipeline.cpp')
      C:\LLVM\include\llvm\ADT\SmallVector.h(1130,23):
      the template instantiation context (the oldest one first) is
          C:\LLVM\include\llvm\IR\Metadata.h(1082,15):
          see reference to class template instantiation 'llvm::SmallVector<llvm::MDOperand,0>' being compiled
          C:\LLVM\include\llvm\ADT\SmallVector.h(1209,36):
          see reference to class template instantiation 'llvm::SmallVectorStorage<T,0>' being compiled
          with
          [
              T=llvm::MDOperand
          ]
  
C:\LLVM\include\llvm\IR\Metadata.h(1101,30): warning C4267: 'argument': conversion from 'size_t' to 'unsigned int', possible loss of data [C:\s\s_language\build\compiler\pipeline\llvm\llvm_pipeline.vcxproj]
  (compiling source file '../../../../compiler/pipeline/llvm/src/llvm_compiler_pipeline.cpp')
  
C:\LLVM\include\llvm\IR\Metadata.h(1160,29): warning C4267: 'return': conversion from 'size_t' to 'unsigned int', possible loss of data [C:\s\s_language\build\compiler\pipeline\llvm\llvm_pipeline.vcxproj]
  (compiling source file '../../../../compiler/pipeline/llvm/src/llvm_compiler_pipeline.cpp')
  
C:\LLVM\include\llvm\IR\Metadata.h(1522,16): warning C4267: 'argument': conversion from 'size_t' to 'unsigned int', possible loss of data [C:\s\s_language\build\compiler\pipeline\llvm\llvm_pipeline.vcxproj]
  (compiling source file '../../../../compiler/pipeline/llvm/src/llvm_compiler_pipeline.cpp')
  
C:\LLVM\include\llvm\IR\TrackingMDRef.h(66,24): warning C4458: declaration of 'MD' hides class member [C:\s\s_language\build\compiler\pipeline\llvm\llvm_pipeline.vcxproj]
  (compiling source file '../../../../compiler/pipeline/llvm/src/llvm_compiler_pipeline.cpp')
      C:\LLVM\include\llvm\IR\TrackingMDRef.h(26,13):
      see declaration of 'llvm::TrackingMDRef::MD'
  
C:\LLVM\include\llvm\ADT\SmallVector.h(1130,23): warning C4324: 'llvm::SmallVectorStorage<T,0>': structure was padded due to alignment specifier [C:\s\s_language\build\compiler\pipeline\llvm\llvm_pipeline.vcxproj]
C:\LLVM\include\llvm\ADT\SmallVector.h(1130,23): warning C4324:         with [C:\s\s_language\build\compiler\pipeline\llvm\llvm_pipeline.vcxproj]
C:\LLVM\include\llvm\ADT\SmallVector.h(1130,23): warning C4324:         [ [C:\s\s_language\build\compiler\pipeline\llvm\llvm_pipeline.vcxproj]
C:\LLVM\include\llvm\ADT\SmallVector.h(1130,23): warning C4324:             T=llvm::StringRef [C:\s\s_language\build\compiler\pipeline\llvm\llvm_pipeline.vcxproj]
C:\LLVM\include\llvm\ADT\SmallVector.h(1130,23): warning C4324:         ] [C:\s\s_language\build\compiler\pipeline\llvm\llvm_pipeline.vcxproj]
  (compiling source file '../../../../compiler/pipeline/llvm/src/llvm_compiler_pipeline.cpp')
      C:\LLVM\include\llvm\ADT\SmallVector.h(1130,23):
      the template instantiation context (the oldest one first) is
          C:\LLVM\include\llvm\ADT\SmallVector.h(1207,71):
          see reference to class template instantiation 'llvm::CalculateSmallVectorDefaultInlinedElements<T>' being compiled
          with
          [
              T=llvm::StringRef
          ]
          C:\LLVM\include\llvm\ADT\SmallVector.h(1184,43):
          see reference to class template instantiation 'llvm::SmallVector<T,0>' being compiled
          with
          [
              T=llvm::StringRef
          ]
          C:\LLVM\include\llvm\ADT\SmallVector.h(1209,36):
          see reference to class template instantiation 'llvm::SmallVectorStorage<T,0>' being compiled
          with
          [
              T=llvm::StringRef
          ]
  
C:\LLVM\include\llvm\IR\BasicBlock.h(760,34): warning C4244: '+=': conversion from 'int' to 'unsigned short', possible loss of data [C:\s\s_language\build\compiler\pipeline\llvm\llvm_pipeline.vcxproj]
  (compiling source file '../../../../compiler/pipeline/llvm/src/llvm_compiler_pipeline.cpp')
  
C:\LLVM\include\llvm\IR\Function.h(269,64): warning C4244: 'argument': conversion from 'unsigned int' to 'unsigned short', possible loss of data [C:\s\s_language\build\compiler\pipeline\llvm\llvm_pipeline.vcxproj]
  (compiling source file '../../../../compiler/pipeline/llvm/src/llvm_compiler_pipeline.cpp')
  
C:\LLVM\include\llvm\IR\Constants.h(783,66): warning C4244: 'argument': conversion from 'uint64_t' to 'unsigned int', possible loss of data [C:\s\s_language\build\compiler\pipeline\llvm\llvm_pipeline.vcxproj]
  (compiling source file '../../../../compiler/pipeline/llvm/src/llvm_compiler_pipeline.cpp')
  
C:\LLVM\include\llvm\IR\Constants.h(1013,26): warning C4244: 'argument': conversion from 'unsigned int' to 'unsigned short', possible loss of data [C:\s\s_language\build\compiler\pipeline\llvm\llvm_pipeline.vcxproj]
  (compiling source file '../../../../compiler/pipeline/llvm/src/llvm_compiler_pipeline.cpp')
  
C:\LLVM\include\llvm\IR\InstrTypes.h(1341,41): warning C4458: declaration of 'FTy' hides class member [C:\s\s_language\build\compiler\pipeline\llvm\llvm_pipeline.vcxproj]
  (compiling source file '../../../../compiler/pipeline/llvm/src/llvm_compiler_pipeline.cpp')
      C:\LLVM\include\llvm\IR\InstrTypes.h(1274,17):
      see declaration of 'llvm::CallBase::FTy'
  
C:\LLVM\include\llvm\IR\InstrTypes.h(1375,25): warning C4244: 'return': conversion from '__int64' to 'unsigned int', possible loss of data [C:\s\s_language\build\compiler\pipeline\llvm\llvm_pipeline.vcxproj]
  (compiling source file '../../../../compiler/pipeline/llvm/src/llvm_compiler_pipeline.cpp')
  
C:\LLVM\include\llvm\IR\InstrTypes.h(1397,14): warning C4244: 'return': conversion from '__int64' to 'unsigned int', possible loss of data [C:\s\s_language\build\compiler\pipeline\llvm\llvm_pipeline.vcxproj]
  (compiling source file '../../../../compiler/pipeline/llvm/src/llvm_compiler_pipeline.cpp')
  
C:\LLVM\include\llvm\IR\InstrTypes.h(1424,48): warning C4244: 'return': conversion from '__int64' to 'unsigned int', possible loss of data [C:\s\s_language\build\compiler\pipeline\llvm\llvm_pipeline.vcxproj]
  (compiling source file '../../../../compiler/pipeline/llvm/src/llvm_compiler_pipeline.cpp')
  
C:\LLVM\include\llvm\IR\InstrTypes.h(1459,14): warning C4244: 'return': conversion from '__int64' to 'unsigned int', possible loss of data [C:\s\s_language\build\compiler\pipeline\llvm\llvm_pipeline.vcxproj]
  (compiling source file '../../../../compiler/pipeline/llvm/src/llvm_compiler_pipeline.cpp')
  
C:\LLVM\include\llvm\IR\InstrTypes.h(1531,40): warning C4458: declaration of 'FTy' hides class member [C:\s\s_language\build\compiler\pipeline\llvm\llvm_pipeline.vcxproj]
  (compiling source file '../../../../compiler/pipeline/llvm/src/llvm_compiler_pipeline.cpp')
      C:\LLVM\include\llvm\IR\InstrTypes.h(1274,17):
      see declaration of 'llvm::CallBase::FTy'
  
C:\LLVM\include\llvm\IR\InstrTypes.h(2037,25): warning C4244: 'return': conversion from '__int64' to 'unsigned int', possible loss of data [C:\s\s_language\build\compiler\pipeline\llvm\llvm_pipeline.vcxproj]
  (compiling source file '../../../../compiler/pipeline/llvm/src/llvm_compiler_pipeline.cpp')
  
C:\LLVM\include\llvm\IR\InstrTypes.h(2072,53): warning C4244: 'argument': conversion from '__int64' to 'unsigned int', possible loss of data [C:\s\s_language\build\compiler\pipeline\llvm\llvm_pipeline.vcxproj]
  (compiling source file '../../../../compiler/pipeline/llvm/src/llvm_compiler_pipeline.cpp')
  
C:\LLVM\include\llvm\IR\InstrTypes.h(2350,28): warning C4267: '+=': conversion from 'size_t' to 'unsigned int', possible loss of data [C:\s\s_language\build\compiler\pipeline\llvm\llvm_pipeline.vcxproj]
  (compiling source file '../../../../compiler/pipeline/llvm/src/llvm_compiler_pipeline.cpp')
  
C:\LLVM\include\llvm\IR\Operator.h(75,7): warning C4624: 'llvm::OverflowingBinaryOperator': destructor was implicitly defined as deleted [C:\s\s_language\build\compiler\pipeline\llvm\llvm_pipeline.vcxproj]
  (compiling source file '../../../../compiler/pipeline/llvm/src/llvm_compiler_pipeline.cpp')
  
C:\LLVM\include\llvm\IR\Operator.h(129,7): warning C4624: 'llvm::PossiblyExactOperator': destructor was implicitly defined as deleted [C:\s\s_language\build\compiler\pipeline\llvm\llvm_pipeline.vcxproj]
  (compiling source file '../../../../compiler/pipeline/llvm/src/llvm_compiler_pipeline.cpp')
  
C:\LLVM\include\llvm\IR\Operator.h(170,7): warning C4624: 'llvm::FPMathOperator': destructor was implicitly defined as deleted [C:\s\s_language\build\compiler\pipeline\llvm\llvm_pipeline.vcxproj]
  (compiling source file '../../../../compiler/pipeline/llvm/src/llvm_compiler_pipeline.cpp')
  
C:\LLVM\include\llvm\IR\Operator.h(336,7): warning C4624: 'llvm::ConcreteOperator<llvm::OverflowingBinaryOperator,13>': destructor was implicitly defined as deleted [C:\s\s_language\build\compiler\pipeline\llvm\llvm_pipeline.vcxproj]
  (compiling source file '../../../../compiler/pipeline/llvm/src/llvm_compiler_pipeline.cpp')
      C:\LLVM\include\llvm\IR\Operator.h(336,7):
      the template instantiation context (the oldest one first) is
          C:\LLVM\include\llvm\IR\Operator.h(351,12):
          see reference to class template instantiation 'llvm::ConcreteOperator<llvm::OverflowingBinaryOperator,13>' being compiled
  
C:\LLVM\include\llvm\IR\Operator.h(350,7): warning C4624: 'llvm::AddOperator': destructor was implicitly defined as deleted [C:\s\s_language\build\compiler\pipeline\llvm\llvm_pipeline.vcxproj]
  (compiling source file '../../../../compiler/pipeline/llvm/src/llvm_compiler_pipeline.cpp')
  
C:\LLVM\include\llvm\IR\Operator.h(336,7): warning C4624: 'llvm::ConcreteOperator<llvm::OverflowingBinaryOperator,15>': destructor was implicitly defined as deleted [C:\s\s_language\build\compiler\pipeline\llvm\llvm_pipeline.vcxproj]
  (compiling source file '../../../../compiler/pipeline/llvm/src/llvm_compiler_pipeline.cpp')
      C:\LLVM\include\llvm\IR\Operator.h(336,7):
      the template instantiation context (the oldest one first) is
          C:\LLVM\include\llvm\IR\Operator.h(354,12):
          see reference to class template instantiation 'llvm::ConcreteOperator<llvm::OverflowingBinaryOperator,15>' being compiled
  
C:\LLVM\include\llvm\IR\Operator.h(353,7): warning C4624: 'llvm::SubOperator': destructor was implicitly defined as deleted [C:\s\s_language\build\compiler\pipeline\llvm\llvm_pipeline.vcxproj]
  (compiling source file '../../../../compiler/pipeline/llvm/src/llvm_compiler_pipeline.cpp')
  
C:\LLVM\include\llvm\IR\Operator.h(336,7): warning C4624: 'llvm::ConcreteOperator<llvm::OverflowingBinaryOperator,17>': destructor was implicitly defined as deleted [C:\s\s_language\build\compiler\pipeline\llvm\llvm_pipeline.vcxproj]
  (compiling source file '../../../../compiler/pipeline/llvm/src/llvm_compiler_pipeline.cpp')
      C:\LLVM\include\llvm\IR\Operator.h(336,7):
      the template instantiation context (the oldest one first) is
          C:\LLVM\include\llvm\IR\Operator.h(357,12):
          see reference to class template instantiation 'llvm::ConcreteOperator<llvm::OverflowingBinaryOperator,17>' being compiled
  
C:\LLVM\include\llvm\IR\Operator.h(356,7): warning C4624: 'llvm::MulOperator': destructor was implicitly defined as deleted [C:\s\s_language\build\compiler\pipeline\llvm\llvm_pipeline.vcxproj]
  (compiling source file '../../../../compiler/pipeline/llvm/src/llvm_compiler_pipeline.cpp')
  
C:\LLVM\include\llvm\IR\Operator.h(336,7): warning C4624: 'llvm::ConcreteOperator<llvm::OverflowingBinaryOperator,25>': destructor was implicitly defined as deleted [C:\s\s_language\build\compiler\pipeline\llvm\llvm_pipeline.vcxproj]
  (compiling source file '../../../../compiler/pipeline/llvm/src/llvm_compiler_pipeline.cpp')
      C:\LLVM\include\llvm\IR\Operator.h(336,7):
      the template instantiation context (the oldest one first) is
          C:\LLVM\include\llvm\IR\Operator.h(360,12):
          see reference to class template instantiation 'llvm::ConcreteOperator<llvm::OverflowingBinaryOperator,25>' being compiled
  
C:\LLVM\include\llvm\IR\Operator.h(359,7): warning C4624: 'llvm::ShlOperator': destructor was implicitly defined as deleted [C:\s\s_language\build\compiler\pipeline\llvm\llvm_pipeline.vcxproj]
  (compiling source file '../../../../compiler/pipeline/llvm/src/llvm_compiler_pipeline.cpp')
  
C:\LLVM\include\llvm\IR\Operator.h(336,7): warning C4624: 'llvm::ConcreteOperator<llvm::PossiblyExactOperator,27>': destructor was implicitly defined as deleted [C:\s\s_language\build\compiler\pipeline\llvm\llvm_pipeline.vcxproj]
  (compiling source file '../../../../compiler/pipeline/llvm/src/llvm_compiler_pipeline.cpp')
      C:\LLVM\include\llvm\IR\Operator.h(336,7):
      the template instantiation context (the oldest one first) is
          C:\LLVM\include\llvm\IR\Operator.h(364,12):
          see reference to class template instantiation 'llvm::ConcreteOperator<llvm::PossiblyExactOperator,27>' being compiled
  
C:\LLVM\include\llvm\IR\Operator.h(363,7): warning C4624: 'llvm::AShrOperator': destructor was implicitly defined as deleted [C:\s\s_language\build\compiler\pipeline\llvm\llvm_pipeline.vcxproj]
  (compiling source file '../../../../compiler/pipeline/llvm/src/llvm_compiler_pipeline.cpp')
  
C:\LLVM\include\llvm\IR\Operator.h(336,7): warning C4624: 'llvm::ConcreteOperator<llvm::PossiblyExactOperator,26>': destructor was implicitly defined as deleted [C:\s\s_language\build\compiler\pipeline\llvm\llvm_pipeline.vcxproj]
  (compiling source file '../../../../compiler/pipeline/llvm/src/llvm_compiler_pipeline.cpp')
      C:\LLVM\include\llvm\IR\Operator.h(336,7):
      the template instantiation context (the oldest one first) is
          C:\LLVM\include\llvm\IR\Operator.h(367,12):
          see reference to class template instantiation 'llvm::ConcreteOperator<llvm::PossiblyExactOperator,26>' being compiled
  
C:\LLVM\include\llvm\IR\Operator.h(366,7): warning C4624: 'llvm::LShrOperator': destructor was implicitly defined as deleted [C:\s\s_language\build\compiler\pipeline\llvm\llvm_pipeline.vcxproj]
  (compiling source file '../../../../compiler/pipeline/llvm/src/llvm_compiler_pipeline.cpp')
  
C:\LLVM\include\llvm\IR\Operator.h(336,7): warning C4624: 'llvm::ConcreteOperator<llvm::Operator,34>': destructor was implicitly defined as deleted [C:\s\s_language\build\compiler\pipeline\llvm\llvm_pipeline.vcxproj]
  (compiling source file '../../../../compiler/pipeline/llvm/src/llvm_compiler_pipeline.cpp')
      C:\LLVM\include\llvm\IR\Operator.h(336,7):
      the template instantiation context (the oldest one first) is
          C:\LLVM\include\llvm\IR\Operator.h(371,12):
          see reference to class template instantiation 'llvm::ConcreteOperator<llvm::Operator,34>' being compiled
  
C:\LLVM\include\llvm\IR\Operator.h(370,7): warning C4624: 'llvm::GEPOperator': destructor was implicitly defined as deleted [C:\s\s_language\build\compiler\pipeline\llvm\llvm_pipeline.vcxproj]
  (compiling source file '../../../../compiler/pipeline/llvm/src/llvm_compiler_pipeline.cpp')
  
C:\LLVM\include\llvm\IR\Operator.h(468,20): warning C4244: 'return': conversion from '__int64' to 'unsigned int', possible loss of data [C:\s\s_language\build\compiler\pipeline\llvm\llvm_pipeline.vcxproj]
  (compiling source file '../../../../compiler/pipeline/llvm/src/llvm_compiler_pipeline.cpp')
  
C:\LLVM\include\llvm\IR\Operator.h(336,7): warning C4624: 'llvm::ConcreteOperator<llvm::Operator,47>': destructor was implicitly defined as deleted [C:\s\s_language\build\compiler\pipeline\llvm\llvm_pipeline.vcxproj]
  (compiling source file '../../../../compiler/pipeline/llvm/src/llvm_compiler_pipeline.cpp')
      C:\LLVM\include\llvm\IR\Operator.h(336,7):
      the template instantiation context (the oldest one first) is
          C:\LLVM\include\llvm\IR\Operator.h(510,14):
          see reference to class template instantiation 'llvm::ConcreteOperator<llvm::Operator,47>' being compiled
  
C:\LLVM\include\llvm\IR\Operator.h(509,7): warning C4624: 'llvm::PtrToIntOperator': destructor was implicitly defined as deleted [C:\s\s_language\build\compiler\pipeline\llvm\llvm_pipeline.vcxproj]
  (compiling source file '../../../../compiler/pipeline/llvm/src/llvm_compiler_pipeline.cpp')
  
C:\LLVM\include\llvm\IR\Operator.h(336,7): warning C4624: 'llvm::ConcreteOperator<llvm::Operator,49>': destructor was implicitly defined as deleted [C:\s\s_language\build\compiler\pipeline\llvm\llvm_pipeline.vcxproj]
  (compiling source file '../../../../compiler/pipeline/llvm/src/llvm_compiler_pipeline.cpp')
      C:\LLVM\include\llvm\IR\Operator.h(336,7):
      the template instantiation context (the oldest one first) is
          C:\LLVM\include\llvm\IR\Operator.h(538,14):
          see reference to class template instantiation 'llvm::ConcreteOperator<llvm::Operator,49>' being compiled
  
C:\LLVM\include\llvm\IR\Operator.h(537,7): warning C4624: 'llvm::BitCastOperator': destructor was implicitly defined as deleted [C:\s\s_language\build\compiler\pipeline\llvm\llvm_pipeline.vcxproj]
  (compiling source file '../../../../compiler/pipeline/llvm/src/llvm_compiler_pipeline.cpp')
  
C:\LLVM\include\llvm\IR\Operator.h(336,7): warning C4624: 'llvm::ConcreteOperator<llvm::Operator,50>': destructor was implicitly defined as deleted [C:\s\s_language\build\compiler\pipeline\llvm\llvm_pipeline.vcxproj]
  (compiling source file '../../../../compiler/pipeline/llvm/src/llvm_compiler_pipeline.cpp')
      C:\LLVM\include\llvm\IR\Operator.h(336,7):
      the template instantiation context (the oldest one first) is
          C:\LLVM\include\llvm\IR\Operator.h(553,14):
          see reference to class template instantiation 'llvm::ConcreteOperator<llvm::Operator,50>' being compiled
  
C:\LLVM\include\llvm\IR\Operator.h(552,7): warning C4624: 'llvm::AddrSpaceCastOperator': destructor was implicitly defined as deleted [C:\s\s_language\build\compiler\pipeline\llvm\llvm_pipeline.vcxproj]
  (compiling source file '../../../../compiler/pipeline/llvm/src/llvm_compiler_pipeline.cpp')
  
C:\LLVM\include\llvm\IR\ConstantFolder.h(102,39): warning C4244: 'argument': conversion from 'llvm::CmpInst::Predicate' to 'unsigned short', possible loss of data [C:\s\s_language\build\compiler\pipeline\llvm\llvm_pipeline.vcxproj]
  (compiling source file '../../../../compiler/pipeline/llvm/src/llvm_compiler_pipeline.cpp')
  
C:\LLVM\include\llvm\IR\ConstantFolder.h(205,37): warning C4244: 'argument': conversion from 'llvm::CmpInst::Predicate' to 'unsigned short', possible loss of data [C:\s\s_language\build\compiler\pipeline\llvm\llvm_pipeline.vcxproj]
  (compiling source file '../../../../compiler/pipeline/llvm/src/llvm_compiler_pipeline.cpp')
  
C:\LLVM\include\llvm\IR\CFG.h(124,23): warning C4244: 'return': conversion from '__int64' to 'unsigned int', possible loss of data [C:\s\s_language\build\compiler\pipeline\llvm\llvm_pipeline.vcxproj]
  (compiling source file '../../../../compiler/pipeline/llvm/src/llvm_compiler_pipeline.cpp')
  
C:\LLVM\include\llvm\IR\Instructions.h(244,37): warning C4458: declaration of 'SSID' hides class member [C:\s\s_language\build\compiler\pipeline\llvm\llvm_pipeline.vcxproj]
  (compiling source file '../../../../compiler/pipeline/llvm/src/llvm_compiler_pipeline.cpp')
      C:\LLVM\include\llvm\IR\Instructions.h(293,17):
      see declaration of 'llvm::LoadInst::SSID'
  
C:\LLVM\include\llvm\IR\Instructions.h(251,32): warning C4458: declaration of 'SSID' hides class member [C:\s\s_language\build\compiler\pipeline\llvm\llvm_pipeline.vcxproj]
  (compiling source file '../../../../compiler/pipeline/llvm/src/llvm_compiler_pipeline.cpp')
      C:\LLVM\include\llvm\IR\Instructions.h(293,17):
      see declaration of 'llvm::LoadInst::SSID'
  
C:\LLVM\include\llvm\IR\Instructions.h(378,37): warning C4458: declaration of 'SSID' hides class member [C:\s\s_language\build\compiler\pipeline\llvm\llvm_pipeline.vcxproj]
  (compiling source file '../../../../compiler/pipeline/llvm/src/llvm_compiler_pipeline.cpp')
      C:\LLVM\include\llvm\IR\Instructions.h(430,17):
      see declaration of 'llvm::StoreInst::SSID'
  
C:\LLVM\include\llvm\IR\Instructions.h(385,32): warning C4458: declaration of 'SSID' hides class member [C:\s\s_language\build\compiler\pipeline\llvm\llvm_pipeline.vcxproj]
  (compiling source file '../../../../compiler/pipeline/llvm/src/llvm_compiler_pipeline.cpp')
      C:\LLVM\include\llvm\IR\Instructions.h(430,17):
      see declaration of 'llvm::StoreInst::SSID'
  
C:\LLVM\include\llvm\IR\Instructions.h(485,37): warning C4458: declaration of 'SSID' hides class member [C:\s\s_language\build\compiler\pipeline\llvm\llvm_pipeline.vcxproj]
  (compiling source file '../../../../compiler/pipeline/llvm/src/llvm_compiler_pipeline.cpp')
      C:\LLVM\include\llvm\IR\Instructions.h(508,17):
      see declaration of 'llvm::FenceInst::SSID'
  
C:\LLVM\include\llvm\IR\Instructions.h(647,37): warning C4458: declaration of 'SSID' hides class member [C:\s\s_language\build\compiler\pipeline\llvm\llvm_pipeline.vcxproj]
  (compiling source file '../../../../compiler/pipeline/llvm/src/llvm_compiler_pipeline.cpp')
      C:\LLVM\include\llvm\IR\Instructions.h(708,17):
      see declaration of 'llvm::AtomicCmpXchgInst::SSID'
  
C:\LLVM\include\llvm\IR\Instructions.h(881,37): warning C4458: declaration of 'SSID' hides class member [C:\s\s_language\build\compiler\pipeline\llvm\llvm_pipeline.vcxproj]
  (compiling source file '../../../../compiler/pipeline/llvm/src/llvm_compiler_pipeline.cpp')
      C:\LLVM\include\llvm\IR\Instructions.h(923,17):
      see declaration of 'llvm::AtomicRMWInst::SSID'
  
C:\LLVM\include\llvm\IR\Instructions.h(1527,45): warning C4267: 'argument': conversion from 'size_t' to 'int', possible loss of data [C:\s\s_language\build\compiler\pipeline\llvm\llvm_pipeline.vcxproj]
  (compiling source file '../../../../compiler/pipeline/llvm/src/llvm_compiler_pipeline.cpp')
  
C:\LLVM\include\llvm\IR\Instructions.h(1536,37): warning C4267: 'argument': conversion from 'size_t' to 'int', possible loss of data [C:\s\s_language\build\compiler\pipeline\llvm\llvm_pipeline.vcxproj]
  (compiling source file '../../../../compiler/pipeline/llvm/src/llvm_compiler_pipeline.cpp')
  
C:\LLVM\include\llvm\IR\Instructions.h(1537,53): warning C4267: 'initializing': conversion from 'size_t' to 'unsigned int', possible loss of data [C:\s\s_language\build\compiler\pipeline\llvm\llvm_pipeline.vcxproj]
  (compiling source file '../../../../compiler/pipeline/llvm/src/llvm_compiler_pipeline.cpp')
  
C:\LLVM\include\llvm\IR\Instructions.h(1537,36): warning C4267: 'initializing': conversion from 'size_t' to 'const unsigned int', possible loss of data [C:\s\s_language\build\compiler\pipeline\llvm\llvm_pipeline.vcxproj]
  (compiling source file '../../../../compiler/pipeline/llvm/src/llvm_compiler_pipeline.cpp')
  
C:\LLVM\include\llvm\IR\Instructions.h(1550,45): warning C4267: 'argument': conversion from 'size_t' to 'int', possible loss of data [C:\s\s_language\build\compiler\pipeline\llvm\llvm_pipeline.vcxproj]
  (compiling source file '../../../../compiler/pipeline/llvm/src/llvm_compiler_pipeline.cpp')
  
C:\LLVM\include\llvm\IR\Instructions.h(1558,37): warning C4267: 'argument': conversion from 'size_t' to 'int', possible loss of data [C:\s\s_language\build\compiler\pipeline\llvm\llvm_pipeline.vcxproj]
  (compiling source file '../../../../compiler/pipeline/llvm/src/llvm_compiler_pipeline.cpp')
  
C:\LLVM\include\llvm\IR\Instructions.h(1559,53): warning C4267: 'initializing': conversion from 'size_t' to 'unsigned int', possible loss of data [C:\s\s_language\build\compiler\pipeline\llvm\llvm_pipeline.vcxproj]
  (compiling source file '../../../../compiler/pipeline/llvm/src/llvm_compiler_pipeline.cpp')
  
C:\LLVM\include\llvm\IR\Instructions.h(1559,36): warning C4267: 'initializing': conversion from 'size_t' to 'const unsigned int', possible loss of data [C:\s\s_language\build\compiler\pipeline\llvm\llvm_pipeline.vcxproj]
  (compiling source file '../../../../compiler/pipeline/llvm/src/llvm_compiler_pipeline.cpp')
  
C:\LLVM\include\llvm\IR\Instructions.h(2061,26): warning C4267: 'initializing': conversion from 'size_t' to 'unsigned int', possible loss of data [C:\s\s_language\build\compiler\pipeline\llvm\llvm_pipeline.vcxproj]
  (compiling source file '../../../../compiler/pipeline/llvm/src/llvm_compiler_pipeline.cpp')
  
C:\LLVM\include\llvm\IR\Instructions.h(2072,26): warning C4267: 'initializing': conversion from 'size_t' to 'unsigned int', possible loss of data [C:\s\s_language\build\compiler\pipeline\llvm\llvm_pipeline.vcxproj]
  (compiling source file '../../../../compiler/pipeline/llvm/src/llvm_compiler_pipeline.cpp')
  
C:\LLVM\include\llvm\IR\Instructions.h(2095,60): warning C4267: 'argument': conversion from 'size_t' to 'int', possible loss of data [C:\s\s_language\build\compiler\pipeline\llvm\llvm_pipeline.vcxproj]
  (compiling source file '../../../../compiler/pipeline/llvm/src/llvm_compiler_pipeline.cpp')
  
C:\LLVM\include\llvm\IR\Instructions.h(2127,76): warning C4267: 'argument': conversion from 'size_t' to 'int', possible loss of data [C:\s\s_language\build\compiler\pipeline\llvm\llvm_pipeline.vcxproj]
  (compiling source file '../../../../compiler/pipeline/llvm/src/llvm_compiler_pipeline.cpp')
  
C:\LLVM\include\llvm\IR\Instructions.h(2168,74): warning C4267: 'argument': conversion from 'size_t' to 'int', possible loss of data [C:\s\s_language\build\compiler\pipeline\llvm\llvm_pipeline.vcxproj]
  (compiling source file '../../../../compiler/pipeline/llvm/src/llvm_compiler_pipeline.cpp')
  
C:\LLVM\include\llvm\IR\Instructions.h(2189,75): warning C4267: 'argument': conversion from 'size_t' to 'int', possible loss of data [C:\s\s_language\build\compiler\pipeline\llvm\llvm_pipeline.vcxproj]
  (compiling source file '../../../../compiler/pipeline/llvm/src/llvm_compiler_pipeline.cpp')
  
C:\LLVM\include\llvm\IR\Instructions.h(2213,60): warning C4267: 'argument': conversion from 'size_t' to 'int', possible loss of data [C:\s\s_language\build\compiler\pipeline\llvm\llvm_pipeline.vcxproj]
  (compiling source file '../../../../compiler/pipeline/llvm/src/llvm_compiler_pipeline.cpp')
  
C:\LLVM\include\llvm\IR\Instructions.h(2262,77): warning C4267: 'argument': conversion from 'size_t' to 'int', possible loss of data [C:\s\s_language\build\compiler\pipeline\llvm\llvm_pipeline.vcxproj]
  (compiling source file '../../../../compiler/pipeline/llvm/src/llvm_compiler_pipeline.cpp')
  
C:\LLVM\include\llvm\IR\Instructions.h(2285,54): warning C4267: 'argument': conversion from 'size_t' to 'int', possible loss of data [C:\s\s_language\build\compiler\pipeline\llvm\llvm_pipeline.vcxproj]
  (compiling source file '../../../../compiler/pipeline/llvm/src/llvm_compiler_pipeline.cpp')
  
C:\LLVM\include\llvm\IR\Instructions.h(3408,24): warning C4244: 'argument': conversion from 'ptrdiff_t' to 'unsigned int', possible loss of data [C:\s\s_language\build\compiler\pipeline\llvm\llvm_pipeline.vcxproj]
  (compiling source file '../../../../compiler/pipeline/llvm/src/llvm_compiler_pipeline.cpp')
  
C:\LLVM\include\llvm\IR\Instructions.h(3876,51): warning C4267: 'argument': conversion from 'size_t' to 'int', possible loss of data [C:\s\s_language\build\compiler\pipeline\llvm\llvm_pipeline.vcxproj]
  (compiling source file '../../../../compiler/pipeline/llvm/src/llvm_compiler_pipeline.cpp')
  
C:\LLVM\include\llvm\IR\Instructions.h(3888,37): warning C4267: 'argument': conversion from 'size_t' to 'int', possible loss of data [C:\s\s_language\build\compiler\pipeline\llvm\llvm_pipeline.vcxproj]
  (compiling source file '../../../../compiler/pipeline/llvm/src/llvm_compiler_pipeline.cpp')
  
C:\LLVM\include\llvm\IR\Instructions.h(3889,30): warning C4267: 'initializing': conversion from 'size_t' to 'unsigned int', possible loss of data [C:\s\s_language\build\compiler\pipeline\llvm\llvm_pipeline.vcxproj]
  (compiling source file '../../../../compiler/pipeline/llvm/src/llvm_compiler_pipeline.cpp')
  
C:\LLVM\include\llvm\IR\Instructions.h(3899,51): warning C4267: 'argument': conversion from 'size_t' to 'int', possible loss of data [C:\s\s_language\build\compiler\pipeline\llvm\llvm_pipeline.vcxproj]
  (compiling source file '../../../../compiler/pipeline/llvm/src/llvm_compiler_pipeline.cpp')
  
C:\LLVM\include\llvm\IR\Instructions.h(3910,37): warning C4267: 'argument': conversion from 'size_t' to 'int', possible loss of data [C:\s\s_language\build\compiler\pipeline\llvm\llvm_pipeline.vcxproj]
  (compiling source file '../../../../compiler/pipeline/llvm/src/llvm_compiler_pipeline.cpp')
  
C:\LLVM\include\llvm\IR\Instructions.h(3911,30): warning C4267: 'initializing': conversion from 'size_t' to 'unsigned int', possible loss of data [C:\s\s_language\build\compiler\pipeline\llvm\llvm_pipeline.vcxproj]
  (compiling source file '../../../../compiler/pipeline/llvm/src/llvm_compiler_pipeline.cpp')
  
C:\LLVM\include\llvm\IR\Instructions.h(4082,73): warning C4267: 'argument': conversion from 'size_t' to 'int', possible loss of data [C:\s\s_language\build\compiler\pipeline\llvm\llvm_pipeline.vcxproj]
  (compiling source file '../../../../compiler/pipeline/llvm/src/llvm_compiler_pipeline.cpp')
  
C:\LLVM\include\llvm\IR\Instructions.h(4082,51): warning C4267: 'argument': conversion from 'size_t' to 'int', possible loss of data [C:\s\s_language\build\compiler\pipeline\llvm\llvm_pipeline.vcxproj]
  (compiling source file '../../../../compiler/pipeline/llvm/src/llvm_compiler_pipeline.cpp')
  
C:\LLVM\include\llvm\IR\Instructions.h(4093,73): warning C4267: 'argument': conversion from 'size_t' to 'int', possible loss of data [C:\s\s_language\build\compiler\pipeline\llvm\llvm_pipeline.vcxproj]
  (compiling source file '../../../../compiler/pipeline/llvm/src/llvm_compiler_pipeline.cpp')
  
C:\LLVM\include\llvm\IR\Instructions.h(4093,51): warning C4267: 'argument': conversion from 'size_t' to 'int', possible loss of data [C:\s\s_language\build\compiler\pipeline\llvm\llvm_pipeline.vcxproj]
  (compiling source file '../../../../compiler/pipeline/llvm/src/llvm_compiler_pipeline.cpp')
  
C:\LLVM\include\llvm\IR\Instructions.h(4095,30): warning C4267: 'initializing': conversion from 'size_t' to 'unsigned int', possible loss of data [C:\s\s_language\build\compiler\pipeline\llvm\llvm_pipeline.vcxproj]
  (compiling source file '../../../../compiler/pipeline/llvm/src/llvm_compiler_pipeline.cpp')
  
C:\LLVM\include\llvm\IR\Instructions.h(4107,73): warning C4267: 'argument': conversion from 'size_t' to 'int', possible loss of data [C:\s\s_language\build\compiler\pipeline\llvm\llvm_pipeline.vcxproj]
  (compiling source file '../../../../compiler/pipeline/llvm/src/llvm_compiler_pipeline.cpp')
  
C:\LLVM\include\llvm\IR\Instructions.h(4107,51): warning C4267: 'argument': conversion from 'size_t' to 'int', possible loss of data [C:\s\s_language\build\compiler\pipeline\llvm\llvm_pipeline.vcxproj]
  (compiling source file '../../../../compiler/pipeline/llvm/src/llvm_compiler_pipeline.cpp')
  
C:\LLVM\include\llvm\IR\Instructions.h(4119,73): warning C4267: 'argument': conversion from 'size_t' to 'int', possible loss of data [C:\s\s_language\build\compiler\pipeline\llvm\llvm_pipeline.vcxproj]
  (compiling source file '../../../../compiler/pipeline/llvm/src/llvm_compiler_pipeline.cpp')
  
C:\LLVM\include\llvm\IR\Instructions.h(4119,51): warning C4267: 'argument': conversion from 'size_t' to 'int', possible loss of data [C:\s\s_language\build\compiler\pipeline\llvm\llvm_pipeline.vcxproj]
  (compiling source file '../../../../compiler/pipeline/llvm/src/llvm_compiler_pipeline.cpp')
  
C:\LLVM\include\llvm\IR\Instructions.h(4121,30): warning C4267: 'initializing': conversion from 'size_t' to 'unsigned int', possible loss of data [C:\s\s_language\build\compiler\pipeline\llvm\llvm_pipeline.vcxproj]
  (compiling source file '../../../../compiler/pipeline/llvm/src/llvm_compiler_pipeline.cpp')
  
C:\LLVM\include\llvm\IR\Instructions.h(4523,21): warning C4267: 'initializing': conversion from 'size_t' to 'unsigned int', possible loss of data [C:\s\s_language\build\compiler\pipeline\llvm\llvm_pipeline.vcxproj]
  (compiling source file '../../../../compiler/pipeline/llvm/src/llvm_compiler_pipeline.cpp')
  
C:\LLVM\include\llvm\IR\Instructions.h(4530,21): warning C4267: 'initializing': conversion from 'size_t' to 'unsigned int', possible loss of data [C:\s\s_language\build\compiler\pipeline\llvm\llvm_pipeline.vcxproj]
  (compiling source file '../../../../compiler/pipeline/llvm/src/llvm_compiler_pipeline.cpp')
  
C:\LLVM\include\llvm\IR\Instructions.h(4564,21): warning C4267: 'initializing': conversion from 'size_t' to 'unsigned int', possible loss of data [C:\s\s_language\build\compiler\pipeline\llvm\llvm_pipeline.vcxproj]
  (compiling source file '../../../../compiler/pipeline/llvm/src/llvm_compiler_pipeline.cpp')
  
C:\LLVM\include\llvm\IR\Instructions.h(4571,21): warning C4267: 'initializing': conversion from 'size_t' to 'unsigned int', possible loss of data [C:\s\s_language\build\compiler\pipeline\llvm\llvm_pipeline.vcxproj]
  (compiling source file '../../../../compiler/pipeline/llvm/src/llvm_compiler_pipeline.cpp')
  
C:\LLVM\include\llvm\IR\IRBuilder.h(1253,71): warning C4458: declaration of 'BB' hides class member [C:\s\s_language\build\compiler\pipeline\llvm\llvm_pipeline.vcxproj]
  (compiling source file '../../../../compiler/pipeline/llvm/src/llvm_compiler_pipeline.cpp')
      C:\LLVM\include\llvm\IR\IRBuilder.h(119,15):
      see declaration of 'llvm::IRBuilderBase::BB'
  
C:\LLVM\include\llvm\IR\IRBuilder.h(1276,41): warning C4458: declaration of 'FMF' hides class member [C:\s\s_language\build\compiler\pipeline\llvm\llvm_pipeline.vcxproj]
  (compiling source file '../../../../compiler/pipeline/llvm/src/llvm_compiler_pipeline.cpp')
      C:\LLVM\include\llvm\IR\IRBuilder.h(126,17):
      see declaration of 'llvm::IRBuilderBase::FMF'
  
C:\LLVM\include\llvm\IR\IRBuilder.h(1547,19): warning C4458: declaration of 'FMF' hides class member [C:\s\s_language\build\compiler\pipeline\llvm\llvm_pipeline.vcxproj]
  (compiling source file '../../../../compiler/pipeline/llvm/src/llvm_compiler_pipeline.cpp')
      C:\LLVM\include\llvm\IR\IRBuilder.h(126,17):
      see declaration of 'llvm::IRBuilderBase::FMF'
  
C:\LLVM\include\llvm\IR\IRBuilder.h(1574,19): warning C4458: declaration of 'FMF' hides class member [C:\s\s_language\build\compiler\pipeline\llvm\llvm_pipeline.vcxproj]
  (compiling source file '../../../../compiler/pipeline/llvm/src/llvm_compiler_pipeline.cpp')
      C:\LLVM\include\llvm\IR\IRBuilder.h(126,17):
      see declaration of 'llvm::IRBuilderBase::FMF'
  
C:\LLVM\include\llvm\IR\IRBuilder.h(1601,19): warning C4458: declaration of 'FMF' hides class member [C:\s\s_language\build\compiler\pipeline\llvm\llvm_pipeline.vcxproj]
  (compiling source file '../../../../compiler/pipeline/llvm/src/llvm_compiler_pipeline.cpp')
      C:\LLVM\include\llvm\IR\IRBuilder.h(126,17):
      see declaration of 'llvm::IRBuilderBase::FMF'
  
C:\LLVM\include\llvm\IR\IRBuilder.h(1628,19): warning C4458: declaration of 'FMF' hides class member [C:\s\s_language\build\compiler\pipeline\llvm\llvm_pipeline.vcxproj]
  (compiling source file '../../../../compiler/pipeline/llvm/src/llvm_compiler_pipeline.cpp')
      C:\LLVM\include\llvm\IR\IRBuilder.h(126,17):
      see declaration of 'llvm::IRBuilderBase::FMF'
  
C:\LLVM\include\llvm\IR\IRBuilder.h(1654,19): warning C4458: declaration of 'FMF' hides class member [C:\s\s_language\build\compiler\pipeline\llvm\llvm_pipeline.vcxproj]
  (compiling source file '../../../../compiler/pipeline/llvm/src/llvm_compiler_pipeline.cpp')
      C:\LLVM\include\llvm\IR\IRBuilder.h(126,17):
      see declaration of 'llvm::IRBuilderBase::FMF'
  
C:\LLVM\include\llvm\IR\IRBuilder.h(1741,18): warning C4458: declaration of 'FMF' hides class member [C:\s\s_language\build\compiler\pipeline\llvm\llvm_pipeline.vcxproj]
  (compiling source file '../../../../compiler/pipeline/llvm/src/llvm_compiler_pipeline.cpp')
      C:\LLVM\include\llvm\IR\IRBuilder.h(126,17):
      see declaration of 'llvm::IRBuilderBase::FMF'
  
C:\LLVM\include\llvm\ADT\SmallVector.h(1130,23): warning C4324: 'llvm::SmallVectorStorage<T,0>': structure was padded due to alignment specifier [C:\s\s_language\build\compiler\pipeline\llvm\llvm_pipeline.vcxproj]
C:\LLVM\include\llvm\ADT\SmallVector.h(1130,23): warning C4324:         with [C:\s\s_language\build\compiler\pipeline\llvm\llvm_pipeline.vcxproj]
C:\LLVM\include\llvm\ADT\SmallVector.h(1130,23): warning C4324:         [ [C:\s\s_language\build\compiler\pipeline\llvm\llvm_pipeline.vcxproj]
C:\LLVM\include\llvm\ADT\SmallVector.h(1130,23): warning C4324:             T=std::pair<void *,size_t> [C:\s\s_language\build\compiler\pipeline\llvm\llvm_pipeline.vcxproj]
C:\LLVM\include\llvm\ADT\SmallVector.h(1130,23): warning C4324:         ] [C:\s\s_language\build\compiler\pipeline\llvm\llvm_pipeline.vcxproj]
  (compiling source file '../../../../compiler/pipeline/llvm/src/llvm_compiler_pipeline.cpp')
      C:\LLVM\include\llvm\ADT\SmallVector.h(1130,23):
      the template instantiation context (the oldest one first) is
          C:\LLVM\include\llvm\Support\Allocator.h(63,7):
          while compiling class template 'llvm::BumpPtrAllocatorImpl'
          C:\LLVM\include\llvm\Support\Allocator.h(314,45):
          see reference to class template instantiation 'llvm::SmallVector<std::pair<void *,size_t>,0>' being compiled
          C:\LLVM\include\llvm\ADT\SmallVector.h(1209,36):
          see reference to class template instantiation 'llvm::SmallVectorStorage<T,0>' being compiled
          with
          [
              T=std::pair<void *,size_t>
          ]
  
C:\LLVM\include\llvm\Support\CommandLine.h(337,47): warning C4244: '=': conversion from 'unsigned int' to 'uint16_t', possible loss of data [C:\s\s_language\build\compiler\pipeline\llvm\llvm_pipeline.vcxproj]
  (compiling source file '../../../../compiler/pipeline/llvm/src/llvm_compiler_pipeline.cpp')
  
C:\LLVM\include\llvm\Support\CommandLine.h(344,39): warning C4244: 'initializing': conversion from 'llvm::cl::NumOccurrencesFlag' to 'uint16_t', possible loss of data [C:\s\s_language\build\compiler\pipeline\llvm\llvm_pipeline.vcxproj]
  (compiling source file '../../../../compiler/pipeline/llvm/src/llvm_compiler_pipeline.cpp')
  
C:\LLVM\include\llvm\Support\CommandLine.h(345,19): warning C4244: 'initializing': conversion from 'llvm::cl::OptionHidden' to 'uint16_t', possible loss of data [C:\s\s_language\build\compiler\pipeline\llvm\llvm_pipeline.vcxproj]
  (compiling source file '../../../../compiler/pipeline/llvm/src/llvm_compiler_pipeline.cpp')
  
C:\LLVM\include\llvm\Support\CommandLine.h(350,67): warning C4244: '=': conversion from 'unsigned int' to 'uint16_t', possible loss of data [C:\s\s_language\build\compiler\pipeline\llvm\llvm_pipeline.vcxproj]
  (compiling source file '../../../../compiler/pipeline/llvm/src/llvm_compiler_pipeline.cpp')
  
C:\LLVM\include\llvm\Support\CommandLine.h(1928,69): warning C4458: declaration of 'Value' hides class member [C:\s\s_language\build\compiler\pipeline\llvm\llvm_pipeline.vcxproj]
  (compiling source file '../../../../compiler/pipeline/llvm/src/llvm_compiler_pipeline.cpp')
      C:\LLVM\include\llvm\Support\CommandLine.h(280,12):
      see declaration of 'llvm::cl::Option::Value'
  
C:\LLVM\include\llvm\Support\Format.h(236,23): warning C4244: '=': conversion from 'uint32_t' to 'uint8_t', possible loss of data [C:\s\s_language\build\compiler\pipeline\llvm\llvm_pipeline.vcxproj]
  (compiling source file '../../../../compiler/pipeline/llvm/src/llvm_compiler_pipeline.cpp')
  
C:\LLVM\include\llvm\Support\Error.h(1152,37): warning C4458: declaration of 'EC' hides class member [C:\s\s_language\build\compiler\pipeline\llvm\llvm_pipeline.vcxproj]
  (compiling source file '../../../../compiler/pipeline/llvm/src/llvm_compiler_pipeline.cpp')
      C:\LLVM\include\llvm\Support\Error.h(1163,19):
      see declaration of 'llvm::ECError::EC'
  
C:\LLVM\include\llvm\Support\Error.h(1361,30): warning C4458: declaration of 'Banner' hides class member [C:\s\s_language\build\compiler\pipeline\llvm\llvm_pipeline.vcxproj]
  (compiling source file '../../../../compiler/pipeline/llvm/src/llvm_compiler_pipeline.cpp')
      C:\LLVM\include\llvm\Support\Error.h(1394,15):
      see declaration of 'llvm::ExitOnError::Banner'
  
C:\LLVM\include\llvm\Support\Error.h(1364,60): warning C4458: declaration of 'GetExitCode' hides class member [C:\s\s_language\build\compiler\pipeline\llvm\llvm_pipeline.vcxproj]
  (compiling source file '../../../../compiler/pipeline/llvm/src/llvm_compiler_pipeline.cpp')
      C:\LLVM\include\llvm\Support\Error.h(1395,37):
      see declaration of 'llvm::ExitOnError::GetExitCode'
  
C:\LLVM\include\llvm\IR\PassManager.h(89,32): warning C4324: 'llvm::AnalysisKey': structure was padded due to alignment specifier [C:\s\s_language\build\compiler\pipeline\llvm\llvm_pipeline.vcxproj]
  (compiling source file '../../../../compiler/pipeline/llvm/src/llvm_compiler_pipeline.cpp')
  
C:\LLVM\include\llvm\IR\PassManager.h(99,35): warning C4324: 'llvm::AnalysisSetKey': structure was padded due to alignment specifier [C:\s\s_language\build\compiler\pipeline\llvm\llvm_pipeline.vcxproj]
  (compiling source file '../../../../compiler/pipeline/llvm/src/llvm_compiler_pipeline.cpp')
  
C:\LLVM\include\llvm\Target\TargetMachine.h(144,56): warning C4458: declaration of 'STI' hides class member [C:\s\s_language\build\compiler\pipeline\llvm\llvm_pipeline.vcxproj]
  (compiling source file '../../../../compiler/pipeline/llvm/src/llvm_compiler_pipeline.cpp')
      C:\LLVM\include\llvm\Target\TargetMachine.h(110,42):
      see declaration of 'llvm::TargetMachine::STI'
  
C:\LLVM\include\llvm\Target\TargetMachine.h(340,71): warning C4245: 'return': conversion from 'int' to 'unsigned int', signed/unsigned mismatch [C:\s\s_language\build\compiler\pipeline\llvm\llvm_pipeline.vcxproj]
  (compiling source file '../../../../compiler/pipeline/llvm/src/llvm_compiler_pipeline.cpp')
  
C:\LLVM\include\llvm\ADT\SmallVector.h(1130,23): warning C4324: 'llvm::SmallVectorStorage<T,0>': structure was padded due to alignment specifier [C:\s\s_language\build\compiler\pipeline\llvm\llvm_pipeline.vcxproj]
C:\LLVM\include\llvm\ADT\SmallVector.h(1130,23): warning C4324:         with [C:\s\s_language\build\compiler\pipeline\llvm\llvm_pipeline.vcxproj]
C:\LLVM\include\llvm\ADT\SmallVector.h(1130,23): warning C4324:         [ [C:\s\s_language\build\compiler\pipeline\llvm\llvm_pipeline.vcxproj]
C:\LLVM\include\llvm\ADT\SmallVector.h(1130,23): warning C4324:             T=llvm::BitVector::BitWord [C:\s\s_language\build\compiler\pipeline\llvm\llvm_pipeline.vcxproj]
C:\LLVM\include\llvm\ADT\SmallVector.h(1130,23): warning C4324:         ] [C:\s\s_language\build\compiler\pipeline\llvm\llvm_pipeline.vcxproj]
  (compiling source file '../../../../compiler/pipeline/llvm/src/llvm_compiler_pipeline.cpp')
      C:\LLVM\include\llvm\ADT\SmallVector.h(1130,23):
      the template instantiation context (the oldest one first) is
          C:\LLVM\include\llvm\ADT\SmallVector.h(1207,71):
          see reference to class template instantiation 'llvm::CalculateSmallVectorDefaultInlinedElements<T>' being compiled
          with
          [
              T=llvm::BitVector::BitWord
          ]
          C:\LLVM\include\llvm\ADT\SmallVector.h(1184,43):
          see reference to class template instantiation 'llvm::SmallVector<T,0>' being compiled
          with
          [
              T=llvm::BitVector::BitWord
          ]
          C:\LLVM\include\llvm\ADT\SmallVector.h(1209,36):
          see reference to class template instantiation 'llvm::SmallVectorStorage<T,0>' being compiled
          with
          [
              T=llvm::BitVector::BitWord
          ]
  
C:\LLVM\include\llvm\ADT\BitVector.h(380,16): warning C4244: '=': conversion from 'uint64_t' to 'unsigned int', possible loss of data [C:\s\s_language\build\compiler\pipeline\llvm\llvm_pipeline.vcxproj]
  (compiling source file '../../../../compiler/pipeline/llvm/src/llvm_compiler_pipeline.cpp')
  
C:\LLVM\include\llvm\ADT\BitVector.h(419,16): warning C4244: '=': conversion from 'uint64_t' to 'unsigned int', possible loss of data [C:\s\s_language\build\compiler\pipeline\llvm\llvm_pipeline.vcxproj]
  (compiling source file '../../../../compiler/pipeline/llvm/src/llvm_compiler_pipeline.cpp')
  
C:\LLVM\include\llvm\ADT\BitVector.h(490,24): warning C4267: 'initializing': conversion from 'size_t' to 'unsigned int', possible loss of data [C:\s\s_language\build\compiler\pipeline\llvm\llvm_pipeline.vcxproj]
  (compiling source file '../../../../compiler/pipeline/llvm/src/llvm_compiler_pipeline.cpp')
  
C:\LLVM\include\llvm\ADT\BitVector.h(491,23): warning C4267: 'initializing': conversion from 'size_t' to 'unsigned int', possible loss of data [C:\s\s_language\build\compiler\pipeline\llvm\llvm_pipeline.vcxproj]
  (compiling source file '../../../../compiler/pipeline/llvm/src/llvm_compiler_pipeline.cpp')
  
C:\LLVM\include\llvm\ADT\BitVector.h(502,23): warning C4267: 'initializing': conversion from 'size_t' to 'unsigned int', possible loss of data [C:\s\s_language\build\compiler\pipeline\llvm\llvm_pipeline.vcxproj]
  (compiling source file '../../../../compiler/pipeline/llvm/src/llvm_compiler_pipeline.cpp')
  
C:\LLVM\include\llvm\ADT\BitVector.h(510,24): warning C4267: 'initializing': conversion from 'size_t' to 'unsigned int', possible loss of data [C:\s\s_language\build\compiler\pipeline\llvm\llvm_pipeline.vcxproj]
  (compiling source file '../../../../compiler/pipeline/llvm/src/llvm_compiler_pipeline.cpp')
  
C:\LLVM\include\llvm\ADT\BitVector.h(511,23): warning C4267: 'initializing': conversion from 'size_t' to 'unsigned int', possible loss of data [C:\s\s_language\build\compiler\pipeline\llvm\llvm_pipeline.vcxproj]
  (compiling source file '../../../../compiler/pipeline/llvm/src/llvm_compiler_pipeline.cpp')
  
C:\LLVM\include\llvm\ADT\BitVector.h(527,24): warning C4267: 'initializing': conversion from 'size_t' to 'unsigned int', possible loss of data [C:\s\s_language\build\compiler\pipeline\llvm\llvm_pipeline.vcxproj]
  (compiling source file '../../../../compiler/pipeline/llvm/src/llvm_compiler_pipeline.cpp')
  
C:\LLVM\include\llvm\ADT\BitVector.h(528,23): warning C4267: 'initializing': conversion from 'size_t' to 'unsigned int', possible loss of data [C:\s\s_language\build\compiler\pipeline\llvm\llvm_pipeline.vcxproj]
  (compiling source file '../../../../compiler/pipeline/llvm/src/llvm_compiler_pipeline.cpp')
  
C:\LLVM\include\llvm\ADT\BitVector.h(537,24): warning C4267: 'initializing': conversion from 'size_t' to 'unsigned int', possible loss of data [C:\s\s_language\build\compiler\pipeline\llvm\llvm_pipeline.vcxproj]
  (compiling source file '../../../../compiler/pipeline/llvm/src/llvm_compiler_pipeline.cpp')
  
C:\LLVM\include\llvm\ADT\BitVector.h(538,23): warning C4267: 'initializing': conversion from 'size_t' to 'unsigned int', possible loss of data [C:\s\s_language\build\compiler\pipeline\llvm\llvm_pipeline.vcxproj]
  (compiling source file '../../../../compiler/pipeline/llvm/src/llvm_compiler_pipeline.cpp')
  
C:\LLVM\include\llvm\ADT\BitVector.h(568,29): warning C4267: 'initializing': conversion from 'size_t' to 'llvm::BitVector::size_type', possible loss of data [C:\s\s_language\build\compiler\pipeline\llvm\llvm_pipeline.vcxproj]
  (compiling source file '../../../../compiler/pipeline/llvm/src/llvm_compiler_pipeline.cpp')
  
C:\LLVM\include\llvm\ADT\BitVector.h(576,29): warning C4267: 'initializing': conversion from 'size_t' to 'llvm::BitVector::size_type', possible loss of data [C:\s\s_language\build\compiler\pipeline\llvm\llvm_pipeline.vcxproj]
  (compiling source file '../../../../compiler/pipeline/llvm/src/llvm_compiler_pipeline.cpp')
  
C:\LLVM\include\llvm\ADT\BitVector.h(586,23): warning C4267: 'initializing': conversion from 'size_t' to 'unsigned int', possible loss of data [C:\s\s_language\build\compiler\pipeline\llvm\llvm_pipeline.vcxproj]
  (compiling source file '../../../../compiler/pipeline/llvm/src/llvm_compiler_pipeline.cpp')
  
C:\LLVM\include\llvm\ADT\BitVector.h(635,23): warning C4267: 'initializing': conversion from 'size_t' to 'unsigned int', possible loss of data [C:\s\s_language\build\compiler\pipeline\llvm\llvm_pipeline.vcxproj]
  (compiling source file '../../../../compiler/pipeline/llvm/src/llvm_compiler_pipeline.cpp')
  
C:\LLVM\include\llvm\ADT\BitVector.h(748,23): warning C4267: 'initializing': conversion from 'size_t' to 'uint32_t', possible loss of data [C:\s\s_language\build\compiler\pipeline\llvm\llvm_pipeline.vcxproj]
  (compiling source file '../../../../compiler/pipeline/llvm/src/llvm_compiler_pipeline.cpp')
  
C:\LLVM\include\llvm\ADT\BitVector.h(766,23): warning C4267: 'initializing': conversion from 'size_t' to 'uint32_t', possible loss of data [C:\s\s_language\build\compiler\pipeline\llvm\llvm_pipeline.vcxproj]
  (compiling source file '../../../../compiler/pipeline/llvm/src/llvm_compiler_pipeline.cpp')
  
C:\LLVM\include\llvm\ADT\BitVector.h(831,56): warning C4267: 'return': conversion from 'size_t' to 'llvm::BitVector::size_type', possible loss of data [C:\s\s_language\build\compiler\pipeline\llvm\llvm_pipeline.vcxproj]
  (compiling source file '../../../../compiler/pipeline/llvm/src/llvm_compiler_pipeline.cpp')
  
C:\LLVM\include\llvm\ADT\BitVector.h(832,57): warning C4267: 'return': conversion from 'size_t' to 'llvm::BitVector::size_type', possible loss of data [C:\s\s_language\build\compiler\pipeline\llvm\llvm_pipeline.vcxproj]
  (compiling source file '../../../../compiler/pipeline/llvm/src/llvm_compiler_pipeline.cpp')
  
C:\LLVM\include\llvm\ADT\SmallVector.h(1130,23): warning C4324: 'llvm::SmallVectorStorage<T,0>': structure was padded due to alignment specifier [C:\s\s_language\build\compiler\pipeline\llvm\llvm_pipeline.vcxproj]
C:\LLVM\include\llvm\ADT\SmallVector.h(1130,23): warning C4324:         with [C:\s\s_language\build\compiler\pipeline\llvm\llvm_pipeline.vcxproj]
C:\LLVM\include\llvm\ADT\SmallVector.h(1130,23): warning C4324:         [ [C:\s\s_language\build\compiler\pipeline\llvm\llvm_pipeline.vcxproj]
C:\LLVM\include\llvm\ADT\SmallVector.h(1130,23): warning C4324:             T=llvm::AnalysisID [C:\s\s_language\build\compiler\pipeline\llvm\llvm_pipeline.vcxproj]
C:\LLVM\include\llvm\ADT\SmallVector.h(1130,23): warning C4324:         ] [C:\s\s_language\build\compiler\pipeline\llvm\llvm_pipeline.vcxproj]
  (compiling source file '../../../../compiler/pipeline/llvm/src/llvm_compiler_pipeline.cpp')
      C:\LLVM\include\llvm\ADT\SmallVector.h(1130,23):
      the template instantiation context (the oldest one first) is
          C:\LLVM\include\llvm\PassAnalysisSupport.h(59,30):
          see reference to class template instantiation 'llvm::SmallVector<llvm::AnalysisID,0>' being compiled
          C:\LLVM\include\llvm\ADT\SmallVector.h(1209,36):
          see reference to class template instantiation 'llvm::SmallVectorStorage<T,0>' being compiled
          with
          [
              T=llvm::AnalysisID
          ]
  
C:\LLVM\include\llvm\Analysis\LazyCallGraph.h(480,41): warning C4267: 'return': conversion from 'size_t' to 'int', possible loss of data [C:\s\s_language\build\compiler\pipeline\llvm\llvm_pipeline.vcxproj]
  (compiling source file '../../../../compiler/pipeline/llvm/src/llvm_compiler_pipeline.cpp')
  
C:\LLVM\include\llvm\Analysis\CGSCCPassManager.h(400,45): warning C4458: declaration of 'FAM' hides class member [C:\s\s_language\build\compiler\pipeline\llvm\llvm_pipeline.vcxproj]
  (compiling source file '../../../../compiler/pipeline/llvm/src/llvm_compiler_pipeline.cpp')
      C:\LLVM\include\llvm\Analysis\CGSCCPassManager.h(411,30):
      see declaration of 'llvm::FunctionAnalysisManagerCGSCCProxy::Result::FAM'
  
C:\LLVM\include\llvm\CodeGen\MachinePassManager.h(41,35): warning C4324: 'llvm::MachinePassKey': structure was padded due to alignment specifier [C:\s\s_language\build\compiler\pipeline\llvm\llvm_pipeline.vcxproj]
  (compiling source file '../../../../compiler/pipeline/llvm/src/llvm_compiler_pipeline.cpp')
  
C:\LLVM\include\llvm\Support\JSON.h(739,11): warning C4244: '=': conversion from '_Ty' to 'int', possible loss of data [C:\s\s_language\build\compiler\pipeline\llvm\llvm_pipeline.vcxproj]
C:\LLVM\include\llvm\Support\JSON.h(739,11): warning C4244:         with [C:\s\s_language\build\compiler\pipeline\llvm\llvm_pipeline.vcxproj]
C:\LLVM\include\llvm\Support\JSON.h(739,11): warning C4244:         [ [C:\s\s_language\build\compiler\pipeline\llvm\llvm_pipeline.vcxproj]
C:\LLVM\include\llvm\Support\JSON.h(739,11): warning C4244:             _Ty=int64_t [C:\s\s_language\build\compiler\pipeline\llvm\llvm_pipeline.vcxproj]
C:\LLVM\include\llvm\Support\JSON.h(739,11): warning C4244:         ] [C:\s\s_language\build\compiler\pipeline\llvm\llvm_pipeline.vcxproj]
  (compiling source file '../../../../compiler/pipeline/llvm/src/llvm_compiler_pipeline.cpp')
  
C:\LLVM\include\llvm\IR\DebugInfoMetadata.h(143,22): warning C4244: '=': conversion from 'unsigned int' to 'unsigned short', possible loss of data [C:\s\s_language\build\compiler\pipeline\llvm\llvm_pipeline.vcxproj]
  (compiling source file '../../../../compiler/pipeline/llvm/src/llvm_compiler_pipeline.cpp')
  
C:\LLVM\include\llvm\IR\DebugInfoMetadata.h(164,48): warning C4244: '=': conversion from 'unsigned int' to 'unsigned short', possible loss of data [C:\s\s_language\build\compiler\pipeline\llvm\llvm_pipeline.vcxproj]
  (compiling source file '../../../../compiler/pipeline/llvm/src/llvm_compiler_pipeline.cpp')
  
C:\LLVM\include\llvm\IR\DebugInfoMetadata.h(724,22): warning C4458: declaration of 'Line' hides class member [C:\s\s_language\build\compiler\pipeline\llvm\llvm_pipeline.vcxproj]
  (compiling source file '../../../../compiler/pipeline/llvm/src/llvm_compiler_pipeline.cpp')
      C:\LLVM\include\llvm\IR\DebugInfoMetadata.h(710,12):
      see declaration of 'llvm::DIType::Line'
  
C:\LLVM\include\llvm\IR\DebugInfoMetadata.h(724,37): warning C4458: declaration of 'SizeInBits' hides class member [C:\s\s_language\build\compiler\pipeline\llvm\llvm_pipeline.vcxproj]
  (compiling source file '../../../../compiler/pipeline/llvm/src/llvm_compiler_pipeline.cpp')
      C:\LLVM\include\llvm\IR\DebugInfoMetadata.h(712,12):
      see declaration of 'llvm::DIType::SizeInBits'
  
C:\LLVM\include\llvm\IR\DebugInfoMetadata.h(725,22): warning C4458: declaration of 'OffsetInBits' hides class member [C:\s\s_language\build\compiler\pipeline\llvm\llvm_pipeline.vcxproj]
  (compiling source file '../../../../compiler/pipeline/llvm/src/llvm_compiler_pipeline.cpp')
      C:\LLVM\include\llvm\IR\DebugInfoMetadata.h(713,12):
      see declaration of 'llvm::DIType::OffsetInBits'
  
C:\LLVM\include\llvm\IR\DebugInfoMetadata.h(725,44): warning C4458: declaration of 'Flags' hides class member [C:\s\s_language\build\compiler\pipeline\llvm\llvm_pipeline.vcxproj]
  (compiling source file '../../../../compiler/pipeline/llvm/src/llvm_compiler_pipeline.cpp')
      C:\LLVM\include\llvm\IR\DebugInfoMetadata.h(711,11):
      see declaration of 'llvm::DIType::Flags'
  
C:\LLVM\include\llvm\IR\DebugInfoMetadata.h(734,38): warning C4458: declaration of 'Line' hides class member [C:\s\s_language\build\compiler\pipeline\llvm\llvm_pipeline.vcxproj]
  (compiling source file '../../../../compiler/pipeline/llvm/src/llvm_compiler_pipeline.cpp')
      C:\LLVM\include\llvm\IR\DebugInfoMetadata.h(710,12):
      see declaration of 'llvm::DIType::Line'
  
C:\LLVM\include\llvm\IR\DebugInfoMetadata.h(734,53): warning C4458: declaration of 'SizeInBits' hides class member [C:\s\s_language\build\compiler\pipeline\llvm\llvm_pipeline.vcxproj]
  (compiling source file '../../../../compiler/pipeline/llvm/src/llvm_compiler_pipeline.cpp')
      C:\LLVM\include\llvm\IR\DebugInfoMetadata.h(712,12):
      see declaration of 'llvm::DIType::SizeInBits'
  
C:\LLVM\include\llvm\IR\DebugInfoMetadata.h(735,46): warning C4458: declaration of 'OffsetInBits' hides class member [C:\s\s_language\build\compiler\pipeline\llvm\llvm_pipeline.vcxproj]
  (compiling source file '../../../../compiler/pipeline/llvm/src/llvm_compiler_pipeline.cpp')
      C:\LLVM\include\llvm\IR\DebugInfoMetadata.h(713,12):
      see declaration of 'llvm::DIType::OffsetInBits'
  
C:\LLVM\include\llvm\IR\DebugInfoMetadata.h(735,68): warning C4458: declaration of 'Flags' hides class member [C:\s\s_language\build\compiler\pipeline\llvm\llvm_pipeline.vcxproj]
  (compiling source file '../../../../compiler/pipeline/llvm/src/llvm_compiler_pipeline.cpp')
      C:\LLVM\include\llvm\IR\DebugInfoMetadata.h(711,11):
      see declaration of 'llvm::DIType::Flags'
  
C:\LLVM\include\llvm\IR\DebugInfoMetadata.h(1110,38): warning C4458: declaration of 'Line' hides class member [C:\s\s_language\build\compiler\pipeline\llvm\llvm_pipeline.vcxproj]
  (compiling source file '../../../../compiler/pipeline/llvm/src/llvm_compiler_pipeline.cpp')
      C:\LLVM\include\llvm\IR\DebugInfoMetadata.h(710,12):
      see declaration of 'llvm::DIType::Line'
  
C:\LLVM\include\llvm\IR\DebugInfoMetadata.h(1110,53): warning C4458: declaration of 'RuntimeLang' hides class member [C:\s\s_language\build\compiler\pipeline\llvm\llvm_pipeline.vcxproj]
  (compiling source file '../../../../compiler/pipeline/llvm/src/llvm_compiler_pipeline.cpp')
      C:\LLVM\include\llvm\IR\DebugInfoMetadata.h(1098,12):
      see declaration of 'llvm::DICompositeType::RuntimeLang'
  
C:\LLVM\include\llvm\IR\DebugInfoMetadata.h(1111,24): warning C4458: declaration of 'SizeInBits' hides class member [C:\s\s_language\build\compiler\pipeline\llvm\llvm_pipeline.vcxproj]
  (compiling source file '../../../../compiler/pipeline/llvm/src/llvm_compiler_pipeline.cpp')
      C:\LLVM\include\llvm\IR\DebugInfoMetadata.h(712,12):
      see declaration of 'llvm::DIType::SizeInBits'
  
C:\LLVM\include\llvm\IR\DebugInfoMetadata.h(1111,67): warning C4458: declaration of 'OffsetInBits' hides class member [C:\s\s_language\build\compiler\pipeline\llvm\llvm_pipeline.vcxproj]
  (compiling source file '../../../../compiler/pipeline/llvm/src/llvm_compiler_pipeline.cpp')
      C:\LLVM\include\llvm\IR\DebugInfoMetadata.h(713,12):
      see declaration of 'llvm::DIType::OffsetInBits'
  
C:\LLVM\include\llvm\IR\DebugInfoMetadata.h(1112,23): warning C4458: declaration of 'Flags' hides class member [C:\s\s_language\build\compiler\pipeline\llvm\llvm_pipeline.vcxproj]
  (compiling source file '../../../../compiler/pipeline/llvm/src/llvm_compiler_pipeline.cpp')
      C:\LLVM\include\llvm\IR\DebugInfoMetadata.h(711,11):
      see declaration of 'llvm::DIType::Flags'
  
C:\LLVM\include\llvm\IR\DebugInfoMetadata.h(1354,44): warning C4458: declaration of 'CC' hides class member [C:\s\s_language\build\compiler\pipeline\llvm\llvm_pipeline.vcxproj]
  (compiling source file '../../../../compiler/pipeline/llvm/src/llvm_compiler_pipeline.cpp')
      C:\LLVM\include\llvm\IR\DebugInfoMetadata.h(1323,11):
      see declaration of 'llvm::DISubroutineType::CC'
  
C:\LLVM\include\llvm\IR\DebugInfoMetadata.h(1532,35): warning C4458: declaration of 'SplitDebugInlining' hides class member [C:\s\s_language\build\compiler\pipeline\llvm\llvm_pipeline.vcxproj]
  (compiling source file '../../../../compiler/pipeline/llvm/src/llvm_compiler_pipeline.cpp')
      C:\LLVM\include\llvm\IR\DebugInfoMetadata.h(1407,8):
      see declaration of 'llvm::DICompileUnit::SplitDebugInlining'
  
C:\LLVM\include\llvm\IR\DebugInfoMetadata.h(2190,15): warning C4244: 'initializing': conversion from 'unsigned int' to 'uint16_t', possible loss of data [C:\s\s_language\build\compiler\pipeline\llvm\llvm_pipeline.vcxproj]
  (compiling source file '../../../../compiler/pipeline/llvm/src/llvm_compiler_pipeline.cpp')
  
C:\LLVM\include\llvm\IR\DebugInfoMetadata.h(2687,57): warning C4267: 'return': conversion from 'size_t' to 'unsigned int', possible loss of data [C:\s\s_language\build\compiler\pipeline\llvm\llvm_pipeline.vcxproj]
  (compiling source file '../../../../compiler/pipeline/llvm/src/llvm_compiler_pipeline.cpp')
  
C:\LLVM\include\llvm\IR\DebugInfoMetadata.h(3604,22): warning C4244: '=': conversion from 'unsigned int' to 'unsigned short', possible loss of data [C:\s\s_language\build\compiler\pipeline\llvm\llvm_pipeline.vcxproj]
  (compiling source file '../../../../compiler/pipeline/llvm/src/llvm_compiler_pipeline.cpp')
  
C:\LLVM\include\llvm\IR\DebugInfoMetadata.h(3877,24): warning C4267: 'return': conversion from 'size_t' to 'unsigned int', possible loss of data [C:\s\s_language\build\compiler\pipeline\llvm\llvm_pipeline.vcxproj]
  (compiling source file '../../../../compiler/pipeline/llvm/src/llvm_compiler_pipeline.cpp')
  
C:\LLVM\include\llvm\Transforms\Instrumentation.h(175,10): warning C4244: 'return': conversion from 'uint64_t' to 'uint32_t', possible loss of data [C:\s\s_language\build\compiler\pipeline\llvm\llvm_pipeline.vcxproj]
  (compiling source file '../../../../compiler/pipeline/llvm/src/llvm_compiler_pipeline.cpp')
  
C:\LLVM\include\llvm\ADT\SmallVector.h(1130,23): warning C4324: 'llvm::SmallVectorStorage<T,0>': structure was padded due to alignment specifier [C:\s\s_language\build\compiler\pipeline\llvm\llvm_pipeline.vcxproj]
C:\LLVM\include\llvm\ADT\SmallVector.h(1130,23): warning C4324:         with [C:\s\s_language\build\compiler\pipeline\llvm\llvm_pipeline.vcxproj]
C:\LLVM\include\llvm\ADT\SmallVector.h(1130,23): warning C4324:         [ [C:\s\s_language\build\compiler\pipeline\llvm\llvm_pipeline.vcxproj]
C:\LLVM\include\llvm\ADT\SmallVector.h(1130,23): warning C4324:             T=const llvm::Instruction * [C:\s\s_language\build\compiler\pipeline\llvm\llvm_pipeline.vcxproj]
C:\LLVM\include\llvm\ADT\SmallVector.h(1130,23): warning C4324:         ] [C:\s\s_language\build\compiler\pipeline\llvm\llvm_pipeline.vcxproj]
  (compiling source file '../../../../compiler/pipeline/llvm/src/llvm_compiler_pipeline.cpp')
      C:\LLVM\include\llvm\ADT\SmallVector.h(1130,23):
      the template instantiation context (the oldest one first) is
          C:\LLVM\include\llvm\ADT\SmallVector.h(1207,71):
          see reference to class template instantiation 'llvm::CalculateSmallVectorDefaultInlinedElements<T>' being compiled
          with
          [
              T=const llvm::Instruction *
          ]
          C:\LLVM\include\llvm\ADT\SmallVector.h(1184,43):
          see reference to class template instantiation 'llvm::SmallVector<T,0>' being compiled
          with
          [
              T=const llvm::Instruction *
          ]
          C:\LLVM\include\llvm\ADT\SmallVector.h(1209,36):
          see reference to class template instantiation 'llvm::SmallVectorStorage<T,0>' being compiled
          with
          [
              T=const llvm::Instruction *
          ]
  
C:\LLVM\include\llvm\IR\IntrinsicInst.h(261,63): warning C4267: 'return': conversion from 'size_t' to 'unsigned int', possible loss of data [C:\s\s_language\build\compiler\pipeline\llvm\llvm_pipeline.vcxproj]
  (compiling source file '../../../../compiler/pipeline/llvm/src/llvm_compiler_pipeline.cpp')
  
C:\LLVM\include\llvm\IR\IntrinsicInst.h(1071,52): warning C4244: 'return': conversion from 'uint64_t' to 'uint32_t', possible loss of data [C:\s\s_language\build\compiler\pipeline\llvm\llvm_pipeline.vcxproj]
  (compiling source file '../../../../compiler/pipeline/llvm/src/llvm_compiler_pipeline.cpp')
  
C:\LLVM\include\llvm\IR\IntrinsicInst.h(1690,61): warning C4244: 'return': conversion from 'uint64_t' to 'unsigned int', possible loss of data [C:\s\s_language\build\compiler\pipeline\llvm\llvm_pipeline.vcxproj]
  (compiling source file '../../../../compiler/pipeline/llvm/src/llvm_compiler_pipeline.cpp')
  
C:\LLVM\include\llvm\IR\IntrinsicInst.h(1696,61): warning C4244: 'return': conversion from 'uint64_t' to 'unsigned int', possible loss of data [C:\s\s_language\build\compiler\pipeline\llvm\llvm_pipeline.vcxproj]
  (compiling source file '../../../../compiler/pipeline/llvm/src/llvm_compiler_pipeline.cpp')
  
C:\LLVM\include\llvm\ADT\FoldingSet.h(344,22): warning C4127: conditional expression is constant [C:\s\s_language\build\compiler\pipeline\llvm\llvm_pipeline.vcxproj]
  (compiling source file '../../../../compiler/pipeline/llvm/src/llvm_compiler_pipeline.cpp')
      C:\LLVM\include\llvm\ADT\FoldingSet.h(344,22):
      consider using 'if constexpr' statement instead
  
C:\LLVM\include\llvm\ADT\FoldingSet.h(346,27): warning C4127: conditional expression is constant [C:\s\s_language\build\compiler\pipeline\llvm\llvm_pipeline.vcxproj]
  (compiling source file '../../../../compiler/pipeline/llvm/src/llvm_compiler_pipeline.cpp')
      C:\LLVM\include\llvm\ADT\FoldingSet.h(346,27):
      consider using 'if constexpr' statement instead
  
C:\LLVM\include\llvm\Analysis\ScalarEvolution.h(441,62): warning C4267: 'return': conversion from 'size_t' to 'unsigned int', possible loss of data [C:\s\s_language\build\compiler\pipeline\llvm\llvm_pipeline.vcxproj]
  (compiling source file '../../../../compiler/pipeline/llvm/src/llvm_compiler_pipeline.cpp')
  
C:\LLVM\include\llvm\Analysis\ScalarEvolution.h(665,61): warning C4244: 'argument': conversion from 'uint64_t' to 'unsigned int', possible loss of data [C:\s\s_language\build\compiler\pipeline\llvm\llvm_pipeline.vcxproj]
  (compiling source file '../../../../compiler/pipeline/llvm/src/llvm_compiler_pipeline.cpp')
  
C:\LLVM\include\llvm\Analysis\ScalarEvolution.h(670,28): warning C4245: 'argument': conversion from 'int' to 'uint64_t', signed/unsigned mismatch [C:\s\s_language\build\compiler\pipeline\llvm\llvm_pipeline.vcxproj]
  (compiling source file '../../../../compiler/pipeline/llvm/src/llvm_compiler_pipeline.cpp')
  
C:\LLVM\include\llvm\Analysis\ScalarEvolution.h(1340,67): warning C4244: 'argument': conversion from 'uintptr_t' to 'unsigned int', possible loss of data [C:\s\s_language\build\compiler\pipeline\llvm\llvm_pipeline.vcxproj]
  (compiling source file '../../../../compiler/pipeline/llvm/src/llvm_compiler_pipeline.cpp')
  
C:\LLVM\include\llvm\Analysis\ScalarEvolution.h(1339,67): warning C4244: 'argument': conversion from 'uintptr_t' to 'unsigned int', possible loss of data [C:\s\s_language\build\compiler\pipeline\llvm\llvm_pipeline.vcxproj]
  (compiling source file '../../../../compiler/pipeline/llvm/src/llvm_compiler_pipeline.cpp')
  
C:\LLVM\include\llvm\Support\SourceMgr.h(130,55): warning C4267: 'return': conversion from 'size_t' to 'unsigned int', possible loss of data [C:\s\s_language\build\compiler\pipeline\llvm\llvm_pipeline.vcxproj]
  (compiling source file '../../../../compiler/pipeline/llvm/src/llvm_compiler_pipeline.cpp')
  
C:\LLVM\include\llvm\Support\SourceMgr.h(150,24): warning C4267: 'return': conversion from 'size_t' to 'unsigned int', possible loss of data [C:\s\s_language\build\compiler\pipeline\llvm\llvm_pipeline.vcxproj]
  (compiling source file '../../../../compiler/pipeline/llvm/src/llvm_compiler_pipeline.cpp')
  
C:\LLVM\include\llvm\Analysis\LoopAccessAnalysis.h(297,39): warning C4146: unary minus operator applied to unsigned type, result still unsigned [C:\s\s_language\build\compiler\pipeline\llvm\llvm_pipeline.vcxproj]
  (compiling source file '../../../../compiler/pipeline/llvm/src/llvm_compiler_pipeline.cpp')
  
C:\LLVM\include\llvm\ADT\SmallVector.h(1130,23): warning C4324: 'llvm::SmallVectorStorage<T,0>': structure was padded due to alignment specifier [C:\s\s_language\build\compiler\pipeline\llvm\llvm_pipeline.vcxproj]
C:\LLVM\include\llvm\ADT\SmallVector.h(1130,23): warning C4324:         with [C:\s\s_language\build\compiler\pipeline\llvm\llvm_pipeline.vcxproj]
C:\LLVM\include\llvm\ADT\SmallVector.h(1130,23): warning C4324:         [ [C:\s\s_language\build\compiler\pipeline\llvm\llvm_pipeline.vcxproj]
C:\LLVM\include\llvm\ADT\SmallVector.h(1130,23): warning C4324:             T=llvm::PointerDiffInfo [C:\s\s_language\build\compiler\pipeline\llvm\llvm_pipeline.vcxproj]
C:\LLVM\include\llvm\ADT\SmallVector.h(1130,23): warning C4324:         ] [C:\s\s_language\build\compiler\pipeline\llvm\llvm_pipeline.vcxproj]
  (compiling source file '../../../../compiler/pipeline/llvm/src/llvm_compiler_pipeline.cpp')
      C:\LLVM\include\llvm\ADT\SmallVector.h(1130,23):
      the template instantiation context (the oldest one first) is
          C:\LLVM\include\llvm\ADT\SmallVector.h(1207,71):
          see reference to class template instantiation 'llvm::CalculateSmallVectorDefaultInlinedElements<T>' being compiled
          with
          [
              T=llvm::PointerDiffInfo
          ]
          C:\LLVM\include\llvm\ADT\SmallVector.h(1184,43):
          see reference to class template instantiation 'llvm::SmallVector<T,0>' being compiled
          with
          [
              T=llvm::PointerDiffInfo
          ]
          C:\LLVM\include\llvm\ADT\SmallVector.h(1209,36):
          see reference to class template instantiation 'llvm::SmallVectorStorage<T,0>' being compiled
          with
          [
              T=llvm::PointerDiffInfo
          ]
  
C:\LLVM\include\llvm\Analysis\LoopAccessAnalysis.h(483,58): warning C4267: 'return': conversion from 'size_t' to 'unsigned int', possible loss of data [C:\s\s_language\build\compiler\pipeline\llvm\llvm_pipeline.vcxproj]
  (compiling source file '../../../../compiler/pipeline/llvm/src/llvm_compiler_pipeline.cpp')
  
C:\LLVM\include\llvm\ADT\SmallVector.h(1130,23): warning C4324: 'llvm::SmallVectorStorage<T,0>': structure was padded due to alignment specifier [C:\s\s_language\build\compiler\pipeline\llvm\llvm_pipeline.vcxproj]
C:\LLVM\include\llvm\ADT\SmallVector.h(1130,23): warning C4324:         with [C:\s\s_language\build\compiler\pipeline\llvm\llvm_pipeline.vcxproj]
C:\LLVM\include\llvm\ADT\SmallVector.h(1130,23): warning C4324:         [ [C:\s\s_language\build\compiler\pipeline\llvm\llvm_pipeline.vcxproj]
C:\LLVM\include\llvm\ADT\SmallVector.h(1130,23): warning C4324:             T=llvm::StoreInst * [C:\s\s_language\build\compiler\pipeline\llvm\llvm_pipeline.vcxproj]
C:\LLVM\include\llvm\ADT\SmallVector.h(1130,23): warning C4324:         ] [C:\s\s_language\build\compiler\pipeline\llvm\llvm_pipeline.vcxproj]
  (compiling source file '../../../../compiler/pipeline/llvm/src/llvm_compiler_pipeline.cpp')
      C:\LLVM\include\llvm\ADT\SmallVector.h(1130,23):
      the template instantiation context (the oldest one first) is
          C:\LLVM\include\llvm\ADT\SmallVector.h(1207,71):
          see reference to class template instantiation 'llvm::CalculateSmallVectorDefaultInlinedElements<T>' being compiled
          with
          [
              T=llvm::StoreInst *
          ]
          C:\LLVM\include\llvm\ADT\SmallVector.h(1184,43):
          see reference to class template instantiation 'llvm::SmallVector<T,0>' being compiled
          with
          [
              T=llvm::StoreInst *
          ]
          C:\LLVM\include\llvm\ADT\SmallVector.h(1209,36):
          see reference to class template instantiation 'llvm::SmallVectorStorage<T,0>' being compiled
          with
          [
              T=llvm::StoreInst *
          ]
  
C:\LLVM\include\llvm\ADT\SmallVector.h(1130,23): warning C4324: 'llvm::SmallVectorStorage<T,0>': structure was padded due to alignment specifier [C:\s\s_language\build\compiler\pipeline\llvm\llvm_pipeline.vcxproj]
C:\LLVM\include\llvm\ADT\SmallVector.h(1130,23): warning C4324:         with [C:\s\s_language\build\compiler\pipeline\llvm\llvm_pipeline.vcxproj]
C:\LLVM\include\llvm\ADT\SmallVector.h(1130,23): warning C4324:         [ [C:\s\s_language\build\compiler\pipeline\llvm\llvm_pipeline.vcxproj]
C:\LLVM\include\llvm\ADT\SmallVector.h(1130,23): warning C4324:             T=llvm::Instruction * [C:\s\s_language\build\compiler\pipeline\llvm\llvm_pipeline.vcxproj]
C:\LLVM\include\llvm\ADT\SmallVector.h(1130,23): warning C4324:         ] [C:\s\s_language\build\compiler\pipeline\llvm\llvm_pipeline.vcxproj]
  (compiling source file '../../../../compiler/pipeline/llvm/src/llvm_compiler_pipeline.cpp')
      C:\LLVM\include\llvm\ADT\SmallVector.h(1130,23):
      the template instantiation context (the oldest one first) is
          C:\LLVM\include\llvm\ADT\SmallVector.h(1207,71):
          see reference to class template instantiation 'llvm::CalculateSmallVectorDefaultInlinedElements<T>' being compiled
          with
          [
              T=llvm::Instruction *
          ]
          C:\LLVM\include\llvm\ADT\SmallVector.h(1184,43):
          see reference to class template instantiation 'llvm::SmallVector<T,0>' being compiled
          with
          [
              T=llvm::Instruction *
          ]
          C:\LLVM\include\llvm\ADT\SmallVector.h(1209,36):
          see reference to class template instantiation 'llvm::SmallVectorStorage<T,0>' being compiled
          with
          [
              T=llvm::Instruction *
          ]
  
C:\LLVM\include\llvm\ADT\SmallBitVector.h(343,15): warning C4244: 'argument': conversion from 'llvm::SmallBitVector::size_type' to 'unsigned int', possible loss of data [C:\s\s_language\build\compiler\pipeline\llvm\llvm_pipeline.vcxproj]
  (compiling source file '../../../../compiler/pipeline/llvm/src/llvm_compiler_pipeline.cpp')
  
C:\LLVM\include\llvm\ADT\SmallBitVector.h(353,39): warning C4244: 'argument': conversion from 'llvm::SmallBitVector::size_type' to 'unsigned int', possible loss of data [C:\s\s_language\build\compiler\pipeline\llvm\llvm_pipeline.vcxproj]
  (compiling source file '../../../../compiler/pipeline/llvm/src/llvm_compiler_pipeline.cpp')
  
C:\LLVM\include\llvm\ADT\SmallBitVector.h(356,21): warning C4244: 'argument': conversion from 'llvm::SmallBitVector::size_type' to 'unsigned int', possible loss of data [C:\s\s_language\build\compiler\pipeline\llvm\llvm_pipeline.vcxproj]
  (compiling source file '../../../../compiler/pipeline/llvm/src/llvm_compiler_pipeline.cpp')
  
C:\LLVM\include\llvm\ADT\SmallBitVector.h(469,27): warning C4244: 'argument': conversion from 'llvm::SmallBitVector::size_type' to 'unsigned int', possible loss of data [C:\s\s_language\build\compiler\pipeline\llvm\llvm_pipeline.vcxproj]
  (compiling source file '../../../../compiler/pipeline/llvm/src/llvm_compiler_pipeline.cpp')
  
C:\LLVM\include\llvm\ADT\SmallBitVector.h(478,19): warning C4244: 'argument': conversion from 'llvm::SmallBitVector::size_type' to 'unsigned int', possible loss of data [C:\s\s_language\build\compiler\pipeline\llvm\llvm_pipeline.vcxproj]
  (compiling source file '../../../../compiler/pipeline/llvm/src/llvm_compiler_pipeline.cpp')
  
C:\LLVM\include\llvm\ADT\SmallBitVector.h(484,19): warning C4244: 'argument': conversion from 'llvm::SmallBitVector::size_type' to 'unsigned int', possible loss of data [C:\s\s_language\build\compiler\pipeline\llvm\llvm_pipeline.vcxproj]
  (compiling source file '../../../../compiler/pipeline/llvm/src/llvm_compiler_pipeline.cpp')
  
C:\LLVM\include\llvm\ADT\SmallBitVector.h(494,28): warning C4267: 'initializing': conversion from 'size_t' to 'unsigned int', possible loss of data [C:\s\s_language\build\compiler\pipeline\llvm\llvm_pipeline.vcxproj]
  (compiling source file '../../../../compiler/pipeline/llvm/src/llvm_compiler_pipeline.cpp')
  
C:\LLVM\include\llvm\ADT\SmallBitVector.h(510,21): warning C4244: 'argument': conversion from 'llvm::SmallBitVector::size_type' to 'unsigned int', possible loss of data [C:\s\s_language\build\compiler\pipeline\llvm\llvm_pipeline.vcxproj]
  (compiling source file '../../../../compiler/pipeline/llvm/src/llvm_compiler_pipeline.cpp')
  
C:\LLVM\include\llvm\ADT\SmallBitVector.h(510,31): warning C4244: 'argument': conversion from 'llvm::SmallBitVector::size_type' to 'unsigned int', possible loss of data [C:\s\s_language\build\compiler\pipeline\llvm\llvm_pipeline.vcxproj]
  (compiling source file '../../../../compiler/pipeline/llvm/src/llvm_compiler_pipeline.cpp')
  
C:\LLVM\include\llvm\ADT\SmallBitVector.h(524,20): warning C4267: 'argument': conversion from 'size_t' to 'unsigned int', possible loss of data [C:\s\s_language\build\compiler\pipeline\llvm\llvm_pipeline.vcxproj]
  (compiling source file '../../../../compiler/pipeline/llvm/src/llvm_compiler_pipeline.cpp')
  
C:\LLVM\include\llvm\ADT\SmallBitVector.h(532,17): warning C4244: 'argument': conversion from 'llvm::SmallBitVector::size_type' to 'unsigned int', possible loss of data [C:\s\s_language\build\compiler\pipeline\llvm\llvm_pipeline.vcxproj]
  (compiling source file '../../../../compiler/pipeline/llvm/src/llvm_compiler_pipeline.cpp')
  
C:\LLVM\include\llvm\ADT\SmallBitVector.h(532,27): warning C4244: 'argument': conversion from 'llvm::SmallBitVector::size_type' to 'unsigned int', possible loss of data [C:\s\s_language\build\compiler\pipeline\llvm\llvm_pipeline.vcxproj]
  (compiling source file '../../../../compiler/pipeline/llvm/src/llvm_compiler_pipeline.cpp')
  
C:\LLVM\include\llvm\ADT\SmallBitVector.h(532,42): warning C4244: 'argument': conversion from 'llvm::SmallBitVector::size_type' to 'unsigned int', possible loss of data [C:\s\s_language\build\compiler\pipeline\llvm\llvm_pipeline.vcxproj]
  (compiling source file '../../../../compiler/pipeline/llvm/src/llvm_compiler_pipeline.cpp')
  
C:\LLVM\include\llvm\ADT\SmallBitVector.h(534,15): warning C4244: 'argument': conversion from 'llvm::SmallBitVector::size_type' to 'unsigned int', possible loss of data [C:\s\s_language\build\compiler\pipeline\llvm\llvm_pipeline.vcxproj]
  (compiling source file '../../../../compiler/pipeline/llvm/src/llvm_compiler_pipeline.cpp')
  
C:\LLVM\include\llvm\ADT\SmallBitVector.h(546,30): warning C4267: 'initializing': conversion from 'size_t' to 'unsigned int', possible loss of data [C:\s\s_language\build\compiler\pipeline\llvm\llvm_pipeline.vcxproj]
  (compiling source file '../../../../compiler/pipeline/llvm/src/llvm_compiler_pipeline.cpp')
  
C:\LLVM\include\llvm\ADT\SmallBitVector.h(561,29): warning C4267: '=': conversion from 'size_t' to 'unsigned int', possible loss of data [C:\s\s_language\build\compiler\pipeline\llvm\llvm_pipeline.vcxproj]
  (compiling source file '../../../../compiler/pipeline/llvm/src/llvm_compiler_pipeline.cpp')
  
C:\LLVM\include\llvm\ADT\SmallBitVector.h(565,18): warning C4244: '=': conversion from 'llvm::SmallBitVector::size_type' to 'unsigned int', possible loss of data [C:\s\s_language\build\compiler\pipeline\llvm\llvm_pipeline.vcxproj]
  (compiling source file '../../../../compiler/pipeline/llvm/src/llvm_compiler_pipeline.cpp')
  
C:\LLVM\include\llvm\ADT\SmallBitVector.h(573,20): warning C4267: 'argument': conversion from 'size_t' to 'unsigned int', possible loss of data [C:\s\s_language\build\compiler\pipeline\llvm\llvm_pipeline.vcxproj]
  (compiling source file '../../../../compiler/pipeline/llvm/src/llvm_compiler_pipeline.cpp')
  
C:\LLVM\include\llvm\ADT\SmallBitVector.h(580,17): warning C4244: 'argument': conversion from 'llvm::SmallBitVector::size_type' to 'unsigned int', possible loss of data [C:\s\s_language\build\compiler\pipeline\llvm\llvm_pipeline.vcxproj]
  (compiling source file '../../../../compiler/pipeline/llvm/src/llvm_compiler_pipeline.cpp')
  
C:\LLVM\include\llvm\ADT\SmallBitVector.h(580,27): warning C4244: 'argument': conversion from 'llvm::SmallBitVector::size_type' to 'unsigned int', possible loss of data [C:\s\s_language\build\compiler\pipeline\llvm\llvm_pipeline.vcxproj]
  (compiling source file '../../../../compiler/pipeline/llvm/src/llvm_compiler_pipeline.cpp')
  
C:\LLVM\include\llvm\ADT\SmallBitVector.h(580,42): warning C4244: 'argument': conversion from 'llvm::SmallBitVector::size_type' to 'unsigned int', possible loss of data [C:\s\s_language\build\compiler\pipeline\llvm\llvm_pipeline.vcxproj]
  (compiling source file '../../../../compiler/pipeline/llvm/src/llvm_compiler_pipeline.cpp')
  
C:\LLVM\include\llvm\ADT\SmallBitVector.h(586,20): warning C4267: 'argument': conversion from 'size_t' to 'unsigned int', possible loss of data [C:\s\s_language\build\compiler\pipeline\llvm\llvm_pipeline.vcxproj]
  (compiling source file '../../../../compiler/pipeline/llvm/src/llvm_compiler_pipeline.cpp')
  
C:\LLVM\include\llvm\ADT\SmallBitVector.h(593,17): warning C4244: 'argument': conversion from 'llvm::SmallBitVector::size_type' to 'unsigned int', possible loss of data [C:\s\s_language\build\compiler\pipeline\llvm\llvm_pipeline.vcxproj]
  (compiling source file '../../../../compiler/pipeline/llvm/src/llvm_compiler_pipeline.cpp')
  
C:\LLVM\include\llvm\ADT\SmallBitVector.h(593,27): warning C4244: 'argument': conversion from 'llvm::SmallBitVector::size_type' to 'unsigned int', possible loss of data [C:\s\s_language\build\compiler\pipeline\llvm\llvm_pipeline.vcxproj]
  (compiling source file '../../../../compiler/pipeline/llvm/src/llvm_compiler_pipeline.cpp')
  
C:\LLVM\include\llvm\ADT\SmallBitVector.h(593,42): warning C4244: 'argument': conversion from 'llvm::SmallBitVector::size_type' to 'unsigned int', possible loss of data [C:\s\s_language\build\compiler\pipeline\llvm\llvm_pipeline.vcxproj]
  (compiling source file '../../../../compiler/pipeline/llvm/src/llvm_compiler_pipeline.cpp')
  
C:\s\s_language\compiler\pipeline\llvm\src\llvm_compiler_pipeline.cpp(238,25): error C2065: 'errors_': undeclared identifier [C:\s\s_language\build\compiler\pipeline\llvm\llvm_pipeline.vcxproj]
C:\s\s_language\compiler\pipeline\llvm\src\llvm_compiler_pipeline.cpp(248,25): error C2065: 'errors_': undeclared identifier [C:\s\s_language\build\compiler\pipeline\llvm\llvm_pipeline.vcxproj]
C:\s\s_language\compiler\pipeline\llvm\src\llvm_compiler_pipeline.cpp(259,29): error C2065: 'errors_': undeclared identifier [C:\s\s_language\build\compiler\pipeline\llvm\llvm_pipeline.vcxproj]
C:\s\s_language\compiler\pipeline\llvm\src\llvm_compiler_pipeline.cpp(269,25): error C2065: 'errors_': undeclared identifier [C:\s\s_language\build\compiler\pipeline\llvm\llvm_pipeline.vcxproj]
C:\s\s_language\compiler\pipeline\llvm\src\llvm_compiler_pipeline.cpp(274,56): error C2039: 'getTotalInstructions': is not a member of 'Sad::Compiler::SIR::SIRModule' [C:\s\s_language\build\compiler\pipeline\llvm\llvm_pipeline.vcxproj]
      C:\s\s_language\compiler\frontend\include\sir_module.h(69,7):
      see declaration of 'Sad::Compiler::SIR::SIRModule'
  
C:\s\s_language\compiler\pipeline\llvm\src\llvm_compiler_pipeline.cpp(275,51): error C2039: 'getFunctionCount': is not a member of 'Sad::Compiler::SIR::SIRModule' [C:\s\s_language\build\compiler\pipeline\llvm\llvm_pipeline.vcxproj]
      C:\s\s_language\compiler\frontend\include\sir_module.h(69,7):
      see declaration of 'Sad::Compiler::SIR::SIRModule'
  
C:\s\s_language\compiler\pipeline\llvm\src\llvm_compiler_pipeline.cpp(276,52): error C2039: 'getGlobalCount': is not a member of 'Sad::Compiler::SIR::SIRModule' [C:\s\s_language\build\compiler\pipeline\llvm\llvm_pipeline.vcxproj]
      C:\s\s_language\compiler\frontend\include\sir_module.h(69,7):
      see declaration of 'Sad::Compiler::SIR::SIRModule'
  
C:\s\s_language\compiler\pipeline\llvm\src\llvm_compiler_pipeline.cpp(283,25): error C2065: 'errors_': undeclared identifier [C:\s\s_language\build\compiler\pipeline\llvm\llvm_pipeline.vcxproj]
C:\s\s_language\compiler\pipeline\llvm\src\llvm_compiler_pipeline.cpp(326,23): error C2065: 'warnings_': undeclared identifier [C:\s\s_language\build\compiler\pipeline\llvm\llvm_pipeline.vcxproj]
C:\s\s_language\compiler\pipeline\llvm\src\llvm_compiler_pipeline.cpp(443,35): error C2039: 'build': is not a member of 'Sad::Compiler::SIR::SIRBuilder' [C:\s\s_language\build\compiler\pipeline\llvm\llvm_pipeline.vcxproj]
      C:\s\s_language\compiler\frontend\include\sir_builder.h(240,7):
      see declaration of 'Sad::Compiler::SIR::SIRBuilder'
  
C:\s\s_language\compiler\pipeline\llvm\src\llvm_compiler_pipeline.cpp(452,83): error C2039: 'getFunctionCount': is not a member of 'Sad::Compiler::SIR::SIRModule' [C:\s\s_language\build\compiler\pipeline\llvm\llvm_pipeline.vcxproj]
      C:\s\s_language\compiler\frontend\include\sir_module.h(69,7):
      see declaration of 'Sad::Compiler::SIR::SIRModule'
  
C:\s\s_language\compiler\pipeline\llvm\src\llvm_compiler_pipeline.cpp(453,92): error C2039: 'getTotalInstructions': is not a member of 'Sad::Compiler::SIR::SIRModule' [C:\s\s_language\build\compiler\pipeline\llvm\llvm_pipeline.vcxproj]
      C:\s\s_language\compiler\frontend\include\sir_module.h(69,7):
      see declaration of 'Sad::Compiler::SIR::SIRModule'
  
C:\s\s_language\compiler\pipeline\llvm\src\llvm_compiler_pipeline.cpp(459,25): error C2039: 'print': is not a member of 'Sad::Compiler::SIR::SIRModule' [C:\s\s_language\build\compiler\pipeline\llvm\llvm_pipeline.vcxproj]
      C:\s\s_language\compiler\frontend\include\sir_module.h(69,7):
      see declaration of 'Sad::Compiler::SIR::SIRModule'
  
C:\s\s_language\compiler\pipeline\llvm\src\llvm_compiler_pipeline.cpp(484,33): error C2664: 'std::unique_ptr<llvm::Module,std::default_delete<llvm::Module>> Sad::LLVM::LLVMCodeGen::generate(std::shared_ptr<Sad::LLVM::SIRModule>)': cannot convert argument 1 from 'std::shared_ptr<Sad::Compiler::SIR::SIRModule>' to 'std::shared_ptr<Sad::LLVM::SIRModule>' [C:\s\s_language\build\compiler\pipeline\llvm\llvm_pipeline.vcxproj]
      C:\s\s_language\compiler\pipeline\llvm\src\llvm_compiler_pipeline.cpp(484,42):
      No user-defined-conversion operator available that can perform this conversion, or the operator cannot be called
      C:\s\s_language\compiler\backends\llvm\llvm_codegen.h(196,35):
      see declaration of 'Sad::LLVM::LLVMCodeGen::generate'
      C:\s\s_language\compiler\pipeline\llvm\src\llvm_compiler_pipeline.cpp(484,33):
      while trying to match the argument list '(std::shared_ptr<Sad::Compiler::SIR::SIRModule>)'
  
C:\s\s_language\compiler\pipeline\llvm\src\llvm_compiler_pipeline.cpp(588,26): error C2039: 'emitAssembly': is not a member of 'Sad::LLVM::LLVMCodeGen' [C:\s\s_language\build\compiler\pipeline\llvm\llvm_pipeline.vcxproj]
      C:\s\s_language\compiler\backends\llvm\llvm_codegen.h(149,7):
      see declaration of 'Sad::LLVM::LLVMCodeGen'
  
C:\s\s_language\compiler\pipeline\llvm\src\llvm_compiler_pipeline.cpp(610,26): error C2039: 'emitObjectFile': is not a member of 'Sad::LLVM::LLVMCodeGen' [C:\s\s_language\build\compiler\pipeline\llvm\llvm_pipeline.vcxproj]
      C:\s\s_language\compiler\backends\llvm\llvm_codegen.h(149,7):
      see declaration of 'Sad::LLVM::LLVMCodeGen'
  
C:\s\s_language\compiler\pipeline\llvm\src\llvm_compiler_pipeline.cpp(682,5): error C2065: 'errors_': undeclared identifier [C:\s\s_language\build\compiler\pipeline\llvm\llvm_pipeline.vcxproj]
C:\s\s_language\compiler\pipeline\llvm\src\llvm_compiler_pipeline.cpp(683,5): error C2065: 'warnings_': undeclared identifier [C:\s\s_language\build\compiler\pipeline\llvm\llvm_pipeline.vcxproj]
C:\s\s_language\compiler\pipeline\llvm\src\llvm_compiler_pipeline.cpp(699,5): error C2065: 'errors_': undeclared identifier [C:\s\s_language\build\compiler\pipeline\llvm\llvm_pipeline.vcxproj]
C:\s\s_language\compiler\pipeline\llvm\src\llvm_compiler_pipeline.cpp(711,5): error C2065: 'warnings_': undeclared identifier [C:\s\s_language\build\compiler\pipeline\llvm\llvm_pipeline.vcxproj]
  llvm_codegen.cpp
C:\LLVM\include\llvm\ADT\DenseMapInfo.h(103,54): warning C4245: 'return': conversion from 'int' to 'unsigned char', signed/unsigned mismatch [C:\s\s_language\build\compiler\pipeline\llvm\llvm_pipeline.vcxproj]
  (compiling source file '../../../../compiler/backends/llvm/llvm_codegen.cpp')
  
C:\LLVM\include\llvm\ADT\DenseMapInfo.h(104,61): warning C4245: 'return': conversion from 'int' to 'unsigned char', signed/unsigned mismatch [C:\s\s_language\build\compiler\pipeline\llvm\llvm_pipeline.vcxproj]
  (compiling source file '../../../../compiler/backends/llvm/llvm_codegen.cpp')
  
C:\LLVM\include\llvm\ADT\Hashing.h(678,60): warning C4245: 'argument': conversion from 'int' to 'size_t', signed/unsigned mismatch [C:\s\s_language\build\compiler\pipeline\llvm\llvm_pipeline.vcxproj]
  (compiling source file '../../../../compiler/backends/llvm/llvm_codegen.cpp')
  
C:\LLVM\include\llvm\ADT\Hashing.h(679,64): warning C4245: 'argument': conversion from 'int' to 'size_t', signed/unsigned mismatch [C:\s\s_language\build\compiler\pipeline\llvm\llvm_pipeline.vcxproj]
  (compiling source file '../../../../compiler/backends/llvm/llvm_codegen.cpp')
  
C:\LLVM\include\llvm\Support\Alignment.h(79,25): warning C4244: '=': conversion from 'unsigned int' to 'uint8_t', possible loss of data [C:\s\s_language\build\compiler\pipeline\llvm\llvm_pipeline.vcxproj]
  (compiling source file '../../../../compiler/backends/llvm/llvm_codegen.cpp')
  
C:\LLVM\include\llvm\Support\Alignment.h(224,26): warning C4244: '=': conversion from 'unsigned int' to 'uint8_t', possible loss of data [C:\s\s_language\build\compiler\pipeline\llvm\llvm_pipeline.vcxproj]
  (compiling source file '../../../../compiler/backends/llvm/llvm_codegen.cpp')
  
C:\LLVM\include\llvm\Support\raw_ostream.h(147,43): warning C4100: 'ExtraSize': unreferenced parameter [C:\s\s_language\build\compiler\pipeline\llvm\llvm_pipeline.vcxproj]
  (compiling source file '../../../../compiler/backends/llvm/llvm_codegen.cpp')
  
C:\LLVM\include\llvm\Support\raw_ostream.h(487,39): warning C4458: declaration of 'EC' hides class member [C:\s\s_language\build\compiler\pipeline\llvm\llvm_pipeline.vcxproj]
  (compiling source file '../../../../compiler/backends/llvm/llvm_codegen.cpp')
      C:\LLVM\include\llvm\Support\raw_ostream.h(467,19):
      see declaration of 'llvm::raw_fd_ostream::EC'
  
C:\LLVM\include\llvm\IR\DerivedTypes.h(455,22): warning C4244: 'initializing': conversion from 'unsigned __int64' to 'unsigned int', possible loss of data [C:\s\s_language\build\compiler\pipeline\llvm\llvm_pipeline.vcxproj]
  (compiling source file '../../../../compiler/backends/llvm/llvm_codegen.cpp')
  
C:\LLVM\include\llvm\IR\DerivedTypes.h(486,24): warning C4244: 'initializing': conversion from 'unsigned __int64' to 'unsigned int', possible loss of data [C:\s\s_language\build\compiler\pipeline\llvm\llvm_pipeline.vcxproj]
  (compiling source file '../../../../compiler/backends/llvm/llvm_codegen.cpp')
  
C:\LLVM\include\llvm\IR\DerivedTypes.h(596,52): warning C4244: 'argument': conversion from 'uint64_t' to 'unsigned int', possible loss of data [C:\s\s_language\build\compiler\pipeline\llvm\llvm_pipeline.vcxproj]
  (compiling source file '../../../../compiler/backends/llvm/llvm_codegen.cpp')
  
C:\LLVM\include\llvm\ADT\SmallVector.h(1130,23): warning C4324: 'llvm::SmallVectorStorage<T,0>': structure was padded due to alignment specifier [C:\s\s_language\build\compiler\pipeline\llvm\llvm_pipeline.vcxproj]
C:\LLVM\include\llvm\ADT\SmallVector.h(1130,23): warning C4324:         with [C:\s\s_language\build\compiler\pipeline\llvm\llvm_pipeline.vcxproj]
C:\LLVM\include\llvm\ADT\SmallVector.h(1130,23): warning C4324:         [ [C:\s\s_language\build\compiler\pipeline\llvm\llvm_pipeline.vcxproj]
C:\LLVM\include\llvm\ADT\SmallVector.h(1130,23): warning C4324:             T=llvm::APInt [C:\s\s_language\build\compiler\pipeline\llvm\llvm_pipeline.vcxproj]
C:\LLVM\include\llvm\ADT\SmallVector.h(1130,23): warning C4324:         ] [C:\s\s_language\build\compiler\pipeline\llvm\llvm_pipeline.vcxproj]
  (compiling source file '../../../../compiler/backends/llvm/llvm_codegen.cpp')
      C:\LLVM\include\llvm\ADT\SmallVector.h(1130,23):
      the template instantiation context (the oldest one first) is
          C:\LLVM\include\llvm\ADT\SmallVector.h(1207,71):
          see reference to class template instantiation 'llvm::CalculateSmallVectorDefaultInlinedElements<T>' being compiled
          with
          [
              T=llvm::APInt
          ]
          C:\LLVM\include\llvm\ADT\SmallVector.h(1184,43):
          see reference to class template instantiation 'llvm::SmallVector<T,0>' being compiled
          with
          [
              T=llvm::APInt
          ]
          C:\LLVM\include\llvm\ADT\SmallVector.h(1209,36):
          see reference to class template instantiation 'llvm::SmallVectorStorage<T,0>' being compiled
          with
          [
              T=llvm::APInt
          ]
  
C:\LLVM\include\llvm\Support\TrailingObjects.h(203,1): warning C4324: 'llvm::trailing_objects_internal::TrailingObjectsImpl<8,BaseTy,TopTrailingObj,NextTy>': structure was padded due to alignment specifier [C:\s\s_language\build\compiler\pipeline\llvm\llvm_pipeline.vcxproj]
C:\LLVM\include\llvm\Support\TrailingObjects.h(203,1): warning C4324:         with [C:\s\s_language\build\compiler\pipeline\llvm\llvm_pipeline.vcxproj]
C:\LLVM\include\llvm\Support\TrailingObjects.h(203,1): warning C4324:         [ [C:\s\s_language\build\compiler\pipeline\llvm\llvm_pipeline.vcxproj]
C:\LLVM\include\llvm\Support\TrailingObjects.h(203,1): warning C4324:             BaseTy=llvm::StructLayout, [C:\s\s_language\build\compiler\pipeline\llvm\llvm_pipeline.vcxproj]
C:\LLVM\include\llvm\Support\TrailingObjects.h(203,1): warning C4324:             TopTrailingObj=llvm::TrailingObjects<llvm::StructLayout,llvm::TypeSize>, [C:\s\s_language\build\compiler\pipeline\llvm\llvm_pipeline.vcxproj]
C:\LLVM\include\llvm\Support\TrailingObjects.h(203,1): warning C4324:             NextTy=llvm::TypeSize [C:\s\s_language\build\compiler\pipeline\llvm\llvm_pipeline.vcxproj]
C:\LLVM\include\llvm\Support\TrailingObjects.h(203,1): warning C4324:         ] [C:\s\s_language\build\compiler\pipeline\llvm\llvm_pipeline.vcxproj]
  (compiling source file '../../../../compiler/backends/llvm/llvm_codegen.cpp')
      C:\LLVM\include\llvm\Support\TrailingObjects.h(203,1):
      the template instantiation context (the oldest one first) is
          C:\LLVM\include\llvm\IR\DataLayout.h(622,35):
          see reference to class template instantiation 'llvm::TrailingObjects<llvm::StructLayout,llvm::TypeSize>' being compiled
          C:\LLVM\include\llvm\Support\TrailingObjects.h(212,60):
          see reference to class template instantiation 'llvm::trailing_objects_internal::TrailingObjectsImpl<8,BaseTy,llvm::TrailingObjects<BaseTy,llvm::TypeSize>,BaseTy,llvm::TypeSize>' being compiled
          with
          [
              BaseTy=llvm::StructLayout
          ]
          C:\LLVM\include\llvm\Support\TrailingObjects.h(117,14):
          see reference to class template instantiation 'llvm::trailing_objects_internal::TrailingObjectsImpl<8,BaseTy,TopTrailingObj,NextTy>' being compiled
          with
          [
              BaseTy=llvm::StructLayout,
              TopTrailingObj=llvm::TrailingObjects<llvm::StructLayout,llvm::TypeSize>,
              NextTy=llvm::TypeSize
          ]
  
C:\LLVM\include\llvm\ADT\ilist_node_base.h(26,33): warning C4458: declaration of 'Prev' hides class member [C:\s\s_language\build\compiler\pipeline\llvm\llvm_pipeline.vcxproj]
  (compiling source file '../../../../compiler/backends/llvm/llvm_codegen.cpp')
      C:\LLVM\include\llvm\ADT\ilist_node_base.h(22,20):
      see declaration of 'llvm::ilist_node_base<false>::Prev'
  
C:\LLVM\include\llvm\ADT\ilist_node_base.h(27,33): warning C4458: declaration of 'Next' hides class member [C:\s\s_language\build\compiler\pipeline\llvm\llvm_pipeline.vcxproj]
  (compiling source file '../../../../compiler/backends/llvm/llvm_codegen.cpp')
      C:\LLVM\include\llvm\ADT\ilist_node_base.h(23,20):
      see declaration of 'llvm::ilist_node_base<false>::Next'
  
C:\LLVM\include\llvm\ADT\ilist_node_base.h(41,33): warning C4458: declaration of 'Next' hides class member [C:\s\s_language\build\compiler\pipeline\llvm\llvm_pipeline.vcxproj]
  (compiling source file '../../../../compiler/backends/llvm/llvm_codegen.cpp')
      C:\LLVM\include\llvm\ADT\ilist_node_base.h(37,20):
      see declaration of 'llvm::ilist_node_base<true>::Next'
  
C:\LLVM\include\llvm\IR\Metadata.h(57,38): warning C4245: 'initializing': conversion from 'int' to 'uint64_t', signed/unsigned mismatch [C:\s\s_language\build\compiler\pipeline\llvm\llvm_pipeline.vcxproj]
  (compiling source file '../../../../compiler/backends/llvm/llvm_codegen.cpp')
  
C:\LLVM\include\llvm\IR\Metadata.h(87,19): warning C4244: 'initializing': conversion from 'unsigned int' to 'const unsigned char', possible loss of data [C:\s\s_language\build\compiler\pipeline\llvm\llvm_pipeline.vcxproj]
  (compiling source file '../../../../compiler/backends/llvm/llvm_codegen.cpp')
  
C:\LLVM\include\llvm\IR\Metadata.h(87,32): warning C4244: 'initializing': conversion from 'llvm::Metadata::StorageType' to 'unsigned char', possible loss of data [C:\s\s_language\build\compiler\pipeline\llvm\llvm_pipeline.vcxproj]
  (compiling source file '../../../../compiler/backends/llvm/llvm_codegen.cpp')
  
C:\LLVM\include\llvm\ADT\SmallVector.h(1130,23): warning C4324: 'llvm::SmallVectorStorage<T,0>': structure was padded due to alignment specifier [C:\s\s_language\build\compiler\pipeline\llvm\llvm_pipeline.vcxproj]
C:\LLVM\include\llvm\ADT\SmallVector.h(1130,23): warning C4324:         with [C:\s\s_language\build\compiler\pipeline\llvm\llvm_pipeline.vcxproj]
C:\LLVM\include\llvm\ADT\SmallVector.h(1130,23): warning C4324:         [ [C:\s\s_language\build\compiler\pipeline\llvm\llvm_pipeline.vcxproj]
C:\LLVM\include\llvm\ADT\SmallVector.h(1130,23): warning C4324:             T=llvm::Metadata * [C:\s\s_language\build\compiler\pipeline\llvm\llvm_pipeline.vcxproj]
C:\LLVM\include\llvm\ADT\SmallVector.h(1130,23): warning C4324:         ] [C:\s\s_language\build\compiler\pipeline\llvm\llvm_pipeline.vcxproj]
  (compiling source file '../../../../compiler/backends/llvm/llvm_codegen.cpp')
      C:\LLVM\include\llvm\ADT\SmallVector.h(1130,23):
      the template instantiation context (the oldest one first) is
          C:\LLVM\include\llvm\ADT\SmallVector.h(1207,71):
          see reference to class template instantiation 'llvm::CalculateSmallVectorDefaultInlinedElements<T>' being compiled
          with
          [
              T=llvm::Metadata *
          ]
          C:\LLVM\include\llvm\ADT\SmallVector.h(1184,43):
          see reference to class template instantiation 'llvm::SmallVector<T,0>' being compiled
          with
          [
              T=llvm::Metadata *
          ]
          C:\LLVM\include\llvm\ADT\SmallVector.h(1209,36):
          see reference to class template instantiation 'llvm::SmallVectorStorage<T,0>' being compiled
          with
          [
              T=llvm::Metadata *
          ]
  
C:\LLVM\include\llvm\ADT\SmallVector.h(1130,23): warning C4324: 'llvm::SmallVectorStorage<T,0>': structure was padded due to alignment specifier [C:\s\s_language\build\compiler\pipeline\llvm\llvm_pipeline.vcxproj]
C:\LLVM\include\llvm\ADT\SmallVector.h(1130,23): warning C4324:         with [C:\s\s_language\build\compiler\pipeline\llvm\llvm_pipeline.vcxproj]
C:\LLVM\include\llvm\ADT\SmallVector.h(1130,23): warning C4324:         [ [C:\s\s_language\build\compiler\pipeline\llvm\llvm_pipeline.vcxproj]
C:\LLVM\include\llvm\ADT\SmallVector.h(1130,23): warning C4324:             T=llvm::DPValue * [C:\s\s_language\build\compiler\pipeline\llvm\llvm_pipeline.vcxproj]
C:\LLVM\include\llvm\ADT\SmallVector.h(1130,23): warning C4324:         ] [C:\s\s_language\build\compiler\pipeline\llvm\llvm_pipeline.vcxproj]
  (compiling source file '../../../../compiler/backends/llvm/llvm_codegen.cpp')
      C:\LLVM\include\llvm\ADT\SmallVector.h(1130,23):
      the template instantiation context (the oldest one first) is
          C:\LLVM\include\llvm\ADT\SmallVector.h(1207,71):
          see reference to class template instantiation 'llvm::CalculateSmallVectorDefaultInlinedElements<T>' being compiled
          with
          [
              T=llvm::DPValue *
          ]
          C:\LLVM\include\llvm\ADT\SmallVector.h(1184,43):
          see reference to class template instantiation 'llvm::SmallVector<T,0>' being compiled
          with
          [
              T=llvm::DPValue *
          ]
          C:\LLVM\include\llvm\ADT\SmallVector.h(1209,36):
          see reference to class template instantiation 'llvm::SmallVectorStorage<T,0>' being compiled
          with
          [
              T=llvm::DPValue *
          ]
  
C:\LLVM\include\llvm\IR\Metadata.h(919,24): warning C4458: declaration of 'MD' hides class member [C:\s\s_language\build\compiler\pipeline\llvm\llvm_pipeline.vcxproj]
  (compiling source file '../../../../compiler/backends/llvm/llvm_codegen.cpp')
      C:\LLVM\include\llvm\IR\Metadata.h(882,13):
      see declaration of 'llvm::MDOperand::MD'
  
C:\LLVM\include\llvm\ADT\SmallVector.h(1130,23): warning C4324: 'llvm::SmallVectorStorage<T,0>': structure was padded due to alignment specifier [C:\s\s_language\build\compiler\pipeline\llvm\llvm_pipeline.vcxproj]
C:\LLVM\include\llvm\ADT\SmallVector.h(1130,23): warning C4324:         with [C:\s\s_language\build\compiler\pipeline\llvm\llvm_pipeline.vcxproj]
C:\LLVM\include\llvm\ADT\SmallVector.h(1130,23): warning C4324:         [ [C:\s\s_language\build\compiler\pipeline\llvm\llvm_pipeline.vcxproj]
C:\LLVM\include\llvm\ADT\SmallVector.h(1130,23): warning C4324:             T=llvm::MDOperand [C:\s\s_language\build\compiler\pipeline\llvm\llvm_pipeline.vcxproj]
C:\LLVM\include\llvm\ADT\SmallVector.h(1130,23): warning C4324:         ] [C:\s\s_language\build\compiler\pipeline\llvm\llvm_pipeline.vcxproj]
  (compiling source file '../../../../compiler/backends/llvm/llvm_codegen.cpp')
      C:\LLVM\include\llvm\ADT\SmallVector.h(1130,23):
      the template instantiation context (the oldest one first) is
          C:\LLVM\include\llvm\IR\Metadata.h(1082,15):
          see reference to class template instantiation 'llvm::SmallVector<llvm::MDOperand,0>' being compiled
          C:\LLVM\include\llvm\ADT\SmallVector.h(1209,36):
          see reference to class template instantiation 'llvm::SmallVectorStorage<T,0>' being compiled
          with
          [
              T=llvm::MDOperand
          ]
  
C:\LLVM\include\llvm\IR\Metadata.h(1101,30): warning C4267: 'argument': conversion from 'size_t' to 'unsigned int', possible loss of data [C:\s\s_language\build\compiler\pipeline\llvm\llvm_pipeline.vcxproj]
  (compiling source file '../../../../compiler/backends/llvm/llvm_codegen.cpp')
  
C:\LLVM\include\llvm\IR\Metadata.h(1160,29): warning C4267: 'return': conversion from 'size_t' to 'unsigned int', possible loss of data [C:\s\s_language\build\compiler\pipeline\llvm\llvm_pipeline.vcxproj]
  (compiling source file '../../../../compiler/backends/llvm/llvm_codegen.cpp')
  
C:\LLVM\include\llvm\IR\Metadata.h(1522,16): warning C4267: 'argument': conversion from 'size_t' to 'unsigned int', possible loss of data [C:\s\s_language\build\compiler\pipeline\llvm\llvm_pipeline.vcxproj]
  (compiling source file '../../../../compiler/backends/llvm/llvm_codegen.cpp')
  
C:\LLVM\include\llvm\IR\TrackingMDRef.h(66,24): warning C4458: declaration of 'MD' hides class member [C:\s\s_language\build\compiler\pipeline\llvm\llvm_pipeline.vcxproj]
  (compiling source file '../../../../compiler/backends/llvm/llvm_codegen.cpp')
      C:\LLVM\include\llvm\IR\TrackingMDRef.h(26,13):
      see declaration of 'llvm::TrackingMDRef::MD'
  
C:\LLVM\include\llvm\ADT\SmallVector.h(1130,23): warning C4324: 'llvm::SmallVectorStorage<T,0>': structure was padded due to alignment specifier [C:\s\s_language\build\compiler\pipeline\llvm\llvm_pipeline.vcxproj]
C:\LLVM\include\llvm\ADT\SmallVector.h(1130,23): warning C4324:         with [C:\s\s_language\build\compiler\pipeline\llvm\llvm_pipeline.vcxproj]
C:\LLVM\include\llvm\ADT\SmallVector.h(1130,23): warning C4324:         [ [C:\s\s_language\build\compiler\pipeline\llvm\llvm_pipeline.vcxproj]
C:\LLVM\include\llvm\ADT\SmallVector.h(1130,23): warning C4324:             T=llvm::StringRef [C:\s\s_language\build\compiler\pipeline\llvm\llvm_pipeline.vcxproj]
C:\LLVM\include\llvm\ADT\SmallVector.h(1130,23): warning C4324:         ] [C:\s\s_language\build\compiler\pipeline\llvm\llvm_pipeline.vcxproj]
  (compiling source file '../../../../compiler/backends/llvm/llvm_codegen.cpp')
      C:\LLVM\include\llvm\ADT\SmallVector.h(1130,23):
      the template instantiation context (the oldest one first) is
          C:\LLVM\include\llvm\ADT\SmallVector.h(1207,71):
          see reference to class template instantiation 'llvm::CalculateSmallVectorDefaultInlinedElements<T>' being compiled
          with
          [
              T=llvm::StringRef
          ]
          C:\LLVM\include\llvm\ADT\SmallVector.h(1184,43):
          see reference to class template instantiation 'llvm::SmallVector<T,0>' being compiled
          with
          [
              T=llvm::StringRef
          ]
          C:\LLVM\include\llvm\ADT\SmallVector.h(1209,36):
          see reference to class template instantiation 'llvm::SmallVectorStorage<T,0>' being compiled
          with
          [
              T=llvm::StringRef
          ]
  
C:\LLVM\include\llvm\IR\BasicBlock.h(760,34): warning C4244: '+=': conversion from 'int' to 'unsigned short', possible loss of data [C:\s\s_language\build\compiler\pipeline\llvm\llvm_pipeline.vcxproj]
  (compiling source file '../../../../compiler/backends/llvm/llvm_codegen.cpp')
  
C:\LLVM\include\llvm\IR\Function.h(269,64): warning C4244: 'argument': conversion from 'unsigned int' to 'unsigned short', possible loss of data [C:\s\s_language\build\compiler\pipeline\llvm\llvm_pipeline.vcxproj]
  (compiling source file '../../../../compiler/backends/llvm/llvm_codegen.cpp')
  
C:\LLVM\include\llvm\IR\Constants.h(54,54): warning C4100: 'To': unreferenced parameter [C:\s\s_language\build\compiler\pipeline\llvm\llvm_pipeline.vcxproj]
  (compiling source file '../../../../compiler/backends/llvm/llvm_codegen.cpp')
  
C:\LLVM\include\llvm\IR\Constants.h(54,41): warning C4100: 'From': unreferenced parameter [C:\s\s_language\build\compiler\pipeline\llvm\llvm_pipeline.vcxproj]
  (compiling source file '../../../../compiler/backends/llvm/llvm_codegen.cpp')
  
C:\LLVM\include\llvm\IR\Constants.h(783,66): warning C4244: 'argument': conversion from 'uint64_t' to 'unsigned int', possible loss of data [C:\s\s_language\build\compiler\pipeline\llvm\llvm_pipeline.vcxproj]
  (compiling source file '../../../../compiler/backends/llvm/llvm_codegen.cpp')
  
C:\LLVM\include\llvm\IR\Constants.h(1013,26): warning C4244: 'argument': conversion from 'unsigned int' to 'unsigned short', possible loss of data [C:\s\s_language\build\compiler\pipeline\llvm\llvm_pipeline.vcxproj]
  (compiling source file '../../../../compiler/backends/llvm/llvm_codegen.cpp')
  
C:\LLVM\include\llvm\IR\InstrTypes.h(1341,41): warning C4458: declaration of 'FTy' hides class member [C:\s\s_language\build\compiler\pipeline\llvm\llvm_pipeline.vcxproj]
  (compiling source file '../../../../compiler/backends/llvm/llvm_codegen.cpp')
      C:\LLVM\include\llvm\IR\InstrTypes.h(1274,17):
      see declaration of 'llvm::CallBase::FTy'
  
C:\LLVM\include\llvm\IR\InstrTypes.h(1375,25): warning C4244: 'return': conversion from '__int64' to 'unsigned int', possible loss of data [C:\s\s_language\build\compiler\pipeline\llvm\llvm_pipeline.vcxproj]
  (compiling source file '../../../../compiler/backends/llvm/llvm_codegen.cpp')
  
C:\LLVM\include\llvm\IR\InstrTypes.h(1397,14): warning C4244: 'return': conversion from '__int64' to 'unsigned int', possible loss of data [C:\s\s_language\build\compiler\pipeline\llvm\llvm_pipeline.vcxproj]
  (compiling source file '../../../../compiler/backends/llvm/llvm_codegen.cpp')
  
C:\LLVM\include\llvm\IR\InstrTypes.h(1424,48): warning C4244: 'return': conversion from '__int64' to 'unsigned int', possible loss of data [C:\s\s_language\build\compiler\pipeline\llvm\llvm_pipeline.vcxproj]
  (compiling source file '../../../../compiler/backends/llvm/llvm_codegen.cpp')
  
C:\LLVM\include\llvm\IR\InstrTypes.h(1459,14): warning C4244: 'return': conversion from '__int64' to 'unsigned int', possible loss of data [C:\s\s_language\build\compiler\pipeline\llvm\llvm_pipeline.vcxproj]
  (compiling source file '../../../../compiler/backends/llvm/llvm_codegen.cpp')
  
C:\LLVM\include\llvm\IR\InstrTypes.h(1531,40): warning C4458: declaration of 'FTy' hides class member [C:\s\s_language\build\compiler\pipeline\llvm\llvm_pipeline.vcxproj]
  (compiling source file '../../../../compiler/backends/llvm/llvm_codegen.cpp')
      C:\LLVM\include\llvm\IR\InstrTypes.h(1274,17):
      see declaration of 'llvm::CallBase::FTy'
  
C:\LLVM\include\llvm\IR\InstrTypes.h(2037,25): warning C4244: 'return': conversion from '__int64' to 'unsigned int', possible loss of data [C:\s\s_language\build\compiler\pipeline\llvm\llvm_pipeline.vcxproj]
  (compiling source file '../../../../compiler/backends/llvm/llvm_codegen.cpp')
  
C:\LLVM\include\llvm\IR\InstrTypes.h(2072,53): warning C4244: 'argument': conversion from '__int64' to 'unsigned int', possible loss of data [C:\s\s_language\build\compiler\pipeline\llvm\llvm_pipeline.vcxproj]
  (compiling source file '../../../../compiler/backends/llvm/llvm_codegen.cpp')
  
C:\LLVM\include\llvm\IR\InstrTypes.h(2350,28): warning C4267: '+=': conversion from 'size_t' to 'unsigned int', possible loss of data [C:\s\s_language\build\compiler\pipeline\llvm\llvm_pipeline.vcxproj]
  (compiling source file '../../../../compiler/backends/llvm/llvm_codegen.cpp')
  
C:\LLVM\include\llvm\IR\Operator.h(75,7): warning C4624: 'llvm::OverflowingBinaryOperator': destructor was implicitly defined as deleted [C:\s\s_language\build\compiler\pipeline\llvm\llvm_pipeline.vcxproj]
  (compiling source file '../../../../compiler/backends/llvm/llvm_codegen.cpp')
  
C:\LLVM\include\llvm\IR\Operator.h(129,7): warning C4624: 'llvm::PossiblyExactOperator': destructor was implicitly defined as deleted [C:\s\s_language\build\compiler\pipeline\llvm\llvm_pipeline.vcxproj]
  (compiling source file '../../../../compiler/backends/llvm/llvm_codegen.cpp')
  
C:\LLVM\include\llvm\IR\Operator.h(170,7): warning C4624: 'llvm::FPMathOperator': destructor was implicitly defined as deleted [C:\s\s_language\build\compiler\pipeline\llvm\llvm_pipeline.vcxproj]
  (compiling source file '../../../../compiler/backends/llvm/llvm_codegen.cpp')
  
C:\LLVM\include\llvm\IR\Operator.h(336,7): warning C4624: 'llvm::ConcreteOperator<llvm::OverflowingBinaryOperator,13>': destructor was implicitly defined as deleted [C:\s\s_language\build\compiler\pipeline\llvm\llvm_pipeline.vcxproj]
  (compiling source file '../../../../compiler/backends/llvm/llvm_codegen.cpp')
      C:\LLVM\include\llvm\IR\Operator.h(336,7):
      the template instantiation context (the oldest one first) is
          C:\LLVM\include\llvm\IR\Operator.h(351,12):
          see reference to class template instantiation 'llvm::ConcreteOperator<llvm::OverflowingBinaryOperator,13>' being compiled
  
C:\LLVM\include\llvm\IR\Operator.h(350,7): warning C4624: 'llvm::AddOperator': destructor was implicitly defined as deleted [C:\s\s_language\build\compiler\pipeline\llvm\llvm_pipeline.vcxproj]
  (compiling source file '../../../../compiler/backends/llvm/llvm_codegen.cpp')
  
C:\LLVM\include\llvm\IR\Operator.h(336,7): warning C4624: 'llvm::ConcreteOperator<llvm::OverflowingBinaryOperator,15>': destructor was implicitly defined as deleted [C:\s\s_language\build\compiler\pipeline\llvm\llvm_pipeline.vcxproj]
  (compiling source file '../../../../compiler/backends/llvm/llvm_codegen.cpp')
      C:\LLVM\include\llvm\IR\Operator.h(336,7):
      the template instantiation context (the oldest one first) is
          C:\LLVM\include\llvm\IR\Operator.h(354,12):
          see reference to class template instantiation 'llvm::ConcreteOperator<llvm::OverflowingBinaryOperator,15>' being compiled
  
C:\LLVM\include\llvm\IR\Operator.h(353,7): warning C4624: 'llvm::SubOperator': destructor was implicitly defined as deleted [C:\s\s_language\build\compiler\pipeline\llvm\llvm_pipeline.vcxproj]
  (compiling source file '../../../../compiler/backends/llvm/llvm_codegen.cpp')
  
C:\LLVM\include\llvm\IR\Operator.h(336,7): warning C4624: 'llvm::ConcreteOperator<llvm::OverflowingBinaryOperator,17>': destructor was implicitly defined as deleted [C:\s\s_language\build\compiler\pipeline\llvm\llvm_pipeline.vcxproj]
  (compiling source file '../../../../compiler/backends/llvm/llvm_codegen.cpp')
      C:\LLVM\include\llvm\IR\Operator.h(336,7):
      the template instantiation context (the oldest one first) is
          C:\LLVM\include\llvm\IR\Operator.h(357,12):
          see reference to class template instantiation 'llvm::ConcreteOperator<llvm::OverflowingBinaryOperator,17>' being compiled
  
C:\LLVM\include\llvm\IR\Operator.h(356,7): warning C4624: 'llvm::MulOperator': destructor was implicitly defined as deleted [C:\s\s_language\build\compiler\pipeline\llvm\llvm_pipeline.vcxproj]
  (compiling source file '../../../../compiler/backends/llvm/llvm_codegen.cpp')
  
C:\LLVM\include\llvm\IR\Operator.h(336,7): warning C4624: 'llvm::ConcreteOperator<llvm::OverflowingBinaryOperator,25>': destructor was implicitly defined as deleted [C:\s\s_language\build\compiler\pipeline\llvm\llvm_pipeline.vcxproj]
  (compiling source file '../../../../compiler/backends/llvm/llvm_codegen.cpp')
      C:\LLVM\include\llvm\IR\Operator.h(336,7):
      the template instantiation context (the oldest one first) is
          C:\LLVM\include\llvm\IR\Operator.h(360,12):
          see reference to class template instantiation 'llvm::ConcreteOperator<llvm::OverflowingBinaryOperator,25>' being compiled
  
C:\LLVM\include\llvm\IR\Operator.h(359,7): warning C4624: 'llvm::ShlOperator': destructor was implicitly defined as deleted [C:\s\s_language\build\compiler\pipeline\llvm\llvm_pipeline.vcxproj]
  (compiling source file '../../../../compiler/backends/llvm/llvm_codegen.cpp')
  
C:\LLVM\include\llvm\IR\Operator.h(336,7): warning C4624: 'llvm::ConcreteOperator<llvm::PossiblyExactOperator,27>': destructor was implicitly defined as deleted [C:\s\s_language\build\compiler\pipeline\llvm\llvm_pipeline.vcxproj]
  (compiling source file '../../../../compiler/backends/llvm/llvm_codegen.cpp')
      C:\LLVM\include\llvm\IR\Operator.h(336,7):
      the template instantiation context (the oldest one first) is
          C:\LLVM\include\llvm\IR\Operator.h(364,12):
          see reference to class template instantiation 'llvm::ConcreteOperator<llvm::PossiblyExactOperator,27>' being compiled
  
C:\LLVM\include\llvm\IR\Operator.h(363,7): warning C4624: 'llvm::AShrOperator': destructor was implicitly defined as deleted [C:\s\s_language\build\compiler\pipeline\llvm\llvm_pipeline.vcxproj]
  (compiling source file '../../../../compiler/backends/llvm/llvm_codegen.cpp')
  
C:\LLVM\include\llvm\IR\Operator.h(336,7): warning C4624: 'llvm::ConcreteOperator<llvm::PossiblyExactOperator,26>': destructor was implicitly defined as deleted [C:\s\s_language\build\compiler\pipeline\llvm\llvm_pipeline.vcxproj]
  (compiling source file '../../../../compiler/backends/llvm/llvm_codegen.cpp')
      C:\LLVM\include\llvm\IR\Operator.h(336,7):
      the template instantiation context (the oldest one first) is
          C:\LLVM\include\llvm\IR\Operator.h(367,12):
          see reference to class template instantiation 'llvm::ConcreteOperator<llvm::PossiblyExactOperator,26>' being compiled
  
C:\LLVM\include\llvm\IR\Operator.h(366,7): warning C4624: 'llvm::LShrOperator': destructor was implicitly defined as deleted [C:\s\s_language\build\compiler\pipeline\llvm\llvm_pipeline.vcxproj]
  (compiling source file '../../../../compiler/backends/llvm/llvm_codegen.cpp')
  
C:\LLVM\include\llvm\IR\Operator.h(336,7): warning C4624: 'llvm::ConcreteOperator<llvm::Operator,34>': destructor was implicitly defined as deleted [C:\s\s_language\build\compiler\pipeline\llvm\llvm_pipeline.vcxproj]
  (compiling source file '../../../../compiler/backends/llvm/llvm_codegen.cpp')
      C:\LLVM\include\llvm\IR\Operator.h(336,7):
      the template instantiation context (the oldest one first) is
          C:\LLVM\include\llvm\IR\Operator.h(371,12):
          see reference to class template instantiation 'llvm::ConcreteOperator<llvm::Operator,34>' being compiled
  
C:\LLVM\include\llvm\IR\Operator.h(370,7): warning C4624: 'llvm::GEPOperator': destructor was implicitly defined as deleted [C:\s\s_language\build\compiler\pipeline\llvm\llvm_pipeline.vcxproj]
  (compiling source file '../../../../compiler/backends/llvm/llvm_codegen.cpp')
  
C:\LLVM\include\llvm\IR\Operator.h(468,20): warning C4244: 'return': conversion from '__int64' to 'unsigned int', possible loss of data [C:\s\s_language\build\compiler\pipeline\llvm\llvm_pipeline.vcxproj]
  (compiling source file '../../../../compiler/backends/llvm/llvm_codegen.cpp')
  
C:\LLVM\include\llvm\IR\Operator.h(336,7): warning C4624: 'llvm::ConcreteOperator<llvm::Operator,47>': destructor was implicitly defined as deleted [C:\s\s_language\build\compiler\pipeline\llvm\llvm_pipeline.vcxproj]
  (compiling source file '../../../../compiler/backends/llvm/llvm_codegen.cpp')
      C:\LLVM\include\llvm\IR\Operator.h(336,7):
      the template instantiation context (the oldest one first) is
          C:\LLVM\include\llvm\IR\Operator.h(510,14):
          see reference to class template instantiation 'llvm::ConcreteOperator<llvm::Operator,47>' being compiled
  
C:\LLVM\include\llvm\IR\Operator.h(509,7): warning C4624: 'llvm::PtrToIntOperator': destructor was implicitly defined as deleted [C:\s\s_language\build\compiler\pipeline\llvm\llvm_pipeline.vcxproj]
  (compiling source file '../../../../compiler/backends/llvm/llvm_codegen.cpp')
  
C:\LLVM\include\llvm\IR\Operator.h(336,7): warning C4624: 'llvm::ConcreteOperator<llvm::Operator,49>': destructor was implicitly defined as deleted [C:\s\s_language\build\compiler\pipeline\llvm\llvm_pipeline.vcxproj]
  (compiling source file '../../../../compiler/backends/llvm/llvm_codegen.cpp')
      C:\LLVM\include\llvm\IR\Operator.h(336,7):
      the template instantiation context (the oldest one first) is
          C:\LLVM\include\llvm\IR\Operator.h(538,14):
          see reference to class template instantiation 'llvm::ConcreteOperator<llvm::Operator,49>' being compiled
  
C:\LLVM\include\llvm\IR\Operator.h(537,7): warning C4624: 'llvm::BitCastOperator': destructor was implicitly defined as deleted [C:\s\s_language\build\compiler\pipeline\llvm\llvm_pipeline.vcxproj]
  (compiling source file '../../../../compiler/backends/llvm/llvm_codegen.cpp')
  
C:\LLVM\include\llvm\IR\Operator.h(336,7): warning C4624: 'llvm::ConcreteOperator<llvm::Operator,50>': destructor was implicitly defined as deleted [C:\s\s_language\build\compiler\pipeline\llvm\llvm_pipeline.vcxproj]
  (compiling source file '../../../../compiler/backends/llvm/llvm_codegen.cpp')
      C:\LLVM\include\llvm\IR\Operator.h(336,7):
      the template instantiation context (the oldest one first) is
          C:\LLVM\include\llvm\IR\Operator.h(553,14):
          see reference to class template instantiation 'llvm::ConcreteOperator<llvm::Operator,50>' being compiled
  
C:\LLVM\include\llvm\IR\Operator.h(552,7): warning C4624: 'llvm::AddrSpaceCastOperator': destructor was implicitly defined as deleted [C:\s\s_language\build\compiler\pipeline\llvm\llvm_pipeline.vcxproj]
  (compiling source file '../../../../compiler/backends/llvm/llvm_codegen.cpp')
  
C:\LLVM\include\llvm\IR\ConstantFolder.h(87,37): warning C4100: 'FMF': unreferenced parameter [C:\s\s_language\build\compiler\pipeline\llvm\llvm_pipeline.vcxproj]
  (compiling source file '../../../../compiler/backends/llvm/llvm_codegen.cpp')
  
C:\LLVM\include\llvm\IR\ConstantFolder.h(92,37): warning C4100: 'FMF': unreferenced parameter [C:\s\s_language\build\compiler\pipeline\llvm\llvm_pipeline.vcxproj]
  (compiling source file '../../../../compiler/backends/llvm/llvm_codegen.cpp')
  
C:\LLVM\include\llvm\IR\ConstantFolder.h(102,39): warning C4244: 'argument': conversion from 'llvm::CmpInst::Predicate' to 'unsigned short', possible loss of data [C:\s\s_language\build\compiler\pipeline\llvm\llvm_pipeline.vcxproj]
  (compiling source file '../../../../compiler/backends/llvm/llvm_codegen.cpp')
  
C:\LLVM\include\llvm\IR\ConstantFolder.h(205,37): warning C4244: 'argument': conversion from 'llvm::CmpInst::Predicate' to 'unsigned short', possible loss of data [C:\s\s_language\build\compiler\pipeline\llvm\llvm_pipeline.vcxproj]
  (compiling source file '../../../../compiler/backends/llvm/llvm_codegen.cpp')
  
C:\LLVM\include\llvm\IR\CFG.h(124,23): warning C4244: 'return': conversion from '__int64' to 'unsigned int', possible loss of data [C:\s\s_language\build\compiler\pipeline\llvm\llvm_pipeline.vcxproj]
  (compiling source file '../../../../compiler/backends/llvm/llvm_codegen.cpp')
  
C:\LLVM\include\llvm\IR\Instructions.h(244,37): warning C4458: declaration of 'SSID' hides class member [C:\s\s_language\build\compiler\pipeline\llvm\llvm_pipeline.vcxproj]
  (compiling source file '../../../../compiler/backends/llvm/llvm_codegen.cpp')
      C:\LLVM\include\llvm\IR\Instructions.h(293,17):
      see declaration of 'llvm::LoadInst::SSID'
  
C:\LLVM\include\llvm\IR\Instructions.h(251,32): warning C4458: declaration of 'SSID' hides class member [C:\s\s_language\build\compiler\pipeline\llvm\llvm_pipeline.vcxproj]
  (compiling source file '../../../../compiler/backends/llvm/llvm_codegen.cpp')
      C:\LLVM\include\llvm\IR\Instructions.h(293,17):
      see declaration of 'llvm::LoadInst::SSID'
  
C:\LLVM\include\llvm\IR\Instructions.h(378,37): warning C4458: declaration of 'SSID' hides class member [C:\s\s_language\build\compiler\pipeline\llvm\llvm_pipeline.vcxproj]
  (compiling source file '../../../../compiler/backends/llvm/llvm_codegen.cpp')
      C:\LLVM\include\llvm\IR\Instructions.h(430,17):
      see declaration of 'llvm::StoreInst::SSID'
  
C:\LLVM\include\llvm\IR\Instructions.h(385,32): warning C4458: declaration of 'SSID' hides class member [C:\s\s_language\build\compiler\pipeline\llvm\llvm_pipeline.vcxproj]
  (compiling source file '../../../../compiler/backends/llvm/llvm_codegen.cpp')
      C:\LLVM\include\llvm\IR\Instructions.h(430,17):
      see declaration of 'llvm::StoreInst::SSID'
  
C:\LLVM\include\llvm\IR\Instructions.h(485,37): warning C4458: declaration of 'SSID' hides class member [C:\s\s_language\build\compiler\pipeline\llvm\llvm_pipeline.vcxproj]
  (compiling source file '../../../../compiler/backends/llvm/llvm_codegen.cpp')
      C:\LLVM\include\llvm\IR\Instructions.h(508,17):
      see declaration of 'llvm::FenceInst::SSID'
  
C:\LLVM\include\llvm\IR\Instructions.h(647,37): warning C4458: declaration of 'SSID' hides class member [C:\s\s_language\build\compiler\pipeline\llvm\llvm_pipeline.vcxproj]
  (compiling source file '../../../../compiler/backends/llvm/llvm_codegen.cpp')
      C:\LLVM\include\llvm\IR\Instructions.h(708,17):
      see declaration of 'llvm::AtomicCmpXchgInst::SSID'
  
C:\LLVM\include\llvm\IR\Instructions.h(881,37): warning C4458: declaration of 'SSID' hides class member [C:\s\s_language\build\compiler\pipeline\llvm\llvm_pipeline.vcxproj]
  (compiling source file '../../../../compiler/backends/llvm/llvm_codegen.cpp')
      C:\LLVM\include\llvm\IR\Instructions.h(923,17):
      see declaration of 'llvm::AtomicRMWInst::SSID'
  
C:\LLVM\include\llvm\IR\Instructions.h(1527,45): warning C4267: 'argument': conversion from 'size_t' to 'int', possible loss of data [C:\s\s_language\build\compiler\pipeline\llvm\llvm_pipeline.vcxproj]
  (compiling source file '../../../../compiler/backends/llvm/llvm_codegen.cpp')
  
C:\LLVM\include\llvm\IR\Instructions.h(1536,37): warning C4267: 'argument': conversion from 'size_t' to 'int', possible loss of data [C:\s\s_language\build\compiler\pipeline\llvm\llvm_pipeline.vcxproj]
  (compiling source file '../../../../compiler/backends/llvm/llvm_codegen.cpp')
  
C:\LLVM\include\llvm\IR\Instructions.h(1537,53): warning C4267: 'initializing': conversion from 'size_t' to 'unsigned int', possible loss of data [C:\s\s_language\build\compiler\pipeline\llvm\llvm_pipeline.vcxproj]
  (compiling source file '../../../../compiler/backends/llvm/llvm_codegen.cpp')
  
C:\LLVM\include\llvm\IR\Instructions.h(1537,36): warning C4267: 'initializing': conversion from 'size_t' to 'const unsigned int', possible loss of data [C:\s\s_language\build\compiler\pipeline\llvm\llvm_pipeline.vcxproj]
  (compiling source file '../../../../compiler/backends/llvm/llvm_codegen.cpp')
  
C:\LLVM\include\llvm\IR\Instructions.h(1550,45): warning C4267: 'argument': conversion from 'size_t' to 'int', possible loss of data [C:\s\s_language\build\compiler\pipeline\llvm\llvm_pipeline.vcxproj]
  (compiling source file '../../../../compiler/backends/llvm/llvm_codegen.cpp')
  
C:\LLVM\include\llvm\IR\Instructions.h(1558,37): warning C4267: 'argument': conversion from 'size_t' to 'int', possible loss of data [C:\s\s_language\build\compiler\pipeline\llvm\llvm_pipeline.vcxproj]
  (compiling source file '../../../../compiler/backends/llvm/llvm_codegen.cpp')
  
C:\LLVM\include\llvm\IR\Instructions.h(1559,53): warning C4267: 'initializing': conversion from 'size_t' to 'unsigned int', possible loss of data [C:\s\s_language\build\compiler\pipeline\llvm\llvm_pipeline.vcxproj]
  (compiling source file '../../../../compiler/backends/llvm/llvm_codegen.cpp')
  
C:\LLVM\include\llvm\IR\Instructions.h(1559,36): warning C4267: 'initializing': conversion from 'size_t' to 'const unsigned int', possible loss of data [C:\s\s_language\build\compiler\pipeline\llvm\llvm_pipeline.vcxproj]
  (compiling source file '../../../../compiler/backends/llvm/llvm_codegen.cpp')
  
C:\LLVM\include\llvm\IR\Instructions.h(2061,26): warning C4267: 'initializing': conversion from 'size_t' to 'unsigned int', possible loss of data [C:\s\s_language\build\compiler\pipeline\llvm\llvm_pipeline.vcxproj]
  (compiling source file '../../../../compiler/backends/llvm/llvm_codegen.cpp')
  
C:\LLVM\include\llvm\IR\Instructions.h(2072,26): warning C4267: 'initializing': conversion from 'size_t' to 'unsigned int', possible loss of data [C:\s\s_language\build\compiler\pipeline\llvm\llvm_pipeline.vcxproj]
  (compiling source file '../../../../compiler/backends/llvm/llvm_codegen.cpp')
  
C:\LLVM\include\llvm\IR\Instructions.h(2095,60): warning C4267: 'argument': conversion from 'size_t' to 'int', possible loss of data [C:\s\s_language\build\compiler\pipeline\llvm\llvm_pipeline.vcxproj]
  (compiling source file '../../../../compiler/backends/llvm/llvm_codegen.cpp')
  
C:\LLVM\include\llvm\IR\Instructions.h(2127,76): warning C4267: 'argument': conversion from 'size_t' to 'int', possible loss of data [C:\s\s_language\build\compiler\pipeline\llvm\llvm_pipeline.vcxproj]
  (compiling source file '../../../../compiler/backends/llvm/llvm_codegen.cpp')
  
C:\LLVM\include\llvm\IR\Instructions.h(2168,74): warning C4267: 'argument': conversion from 'size_t' to 'int', possible loss of data [C:\s\s_language\build\compiler\pipeline\llvm\llvm_pipeline.vcxproj]
  (compiling source file '../../../../compiler/backends/llvm/llvm_codegen.cpp')
  
C:\LLVM\include\llvm\IR\Instructions.h(2189,75): warning C4267: 'argument': conversion from 'size_t' to 'int', possible loss of data [C:\s\s_language\build\compiler\pipeline\llvm\llvm_pipeline.vcxproj]
  (compiling source file '../../../../compiler/backends/llvm/llvm_codegen.cpp')
  
C:\LLVM\include\llvm\IR\Instructions.h(2213,60): warning C4267: 'argument': conversion from 'size_t' to 'int', possible loss of data [C:\s\s_language\build\compiler\pipeline\llvm\llvm_pipeline.vcxproj]
  (compiling source file '../../../../compiler/backends/llvm/llvm_codegen.cpp')
  
C:\LLVM\include\llvm\IR\Instructions.h(2262,77): warning C4267: 'argument': conversion from 'size_t' to 'int', possible loss of data [C:\s\s_language\build\compiler\pipeline\llvm\llvm_pipeline.vcxproj]
  (compiling source file '../../../../compiler/backends/llvm/llvm_codegen.cpp')
  
C:\LLVM\include\llvm\IR\Instructions.h(2285,54): warning C4267: 'argument': conversion from 'size_t' to 'int', possible loss of data [C:\s\s_language\build\compiler\pipeline\llvm\llvm_pipeline.vcxproj]
  (compiling source file '../../../../compiler/backends/llvm/llvm_codegen.cpp')
  
C:\LLVM\include\llvm\IR\Instructions.h(3131,37): warning C4100: 'idx': unreferenced parameter [C:\s\s_language\build\compiler\pipeline\llvm\llvm_pipeline.vcxproj]
  (compiling source file '../../../../compiler/backends/llvm/llvm_codegen.cpp')
  
C:\LLVM\include\llvm\IR\Instructions.h(3135,47): warning C4100: 'B': unreferenced parameter [C:\s\s_language\build\compiler\pipeline\llvm\llvm_pipeline.vcxproj]
  (compiling source file '../../../../compiler/backends/llvm/llvm_codegen.cpp')
  
C:\LLVM\include\llvm\IR\Instructions.h(3135,30): warning C4100: 'idx': unreferenced parameter [C:\s\s_language\build\compiler\pipeline\llvm\llvm_pipeline.vcxproj]
  (compiling source file '../../../../compiler/backends/llvm/llvm_codegen.cpp')
  
C:\LLVM\include\llvm\IR\Instructions.h(3408,24): warning C4244: 'argument': conversion from 'ptrdiff_t' to 'unsigned int', possible loss of data [C:\s\s_language\build\compiler\pipeline\llvm\llvm_pipeline.vcxproj]
  (compiling source file '../../../../compiler/backends/llvm/llvm_codegen.cpp')
  
C:\LLVM\include\llvm\IR\Instructions.h(3876,51): warning C4267: 'argument': conversion from 'size_t' to 'int', possible loss of data [C:\s\s_language\build\compiler\pipeline\llvm\llvm_pipeline.vcxproj]
  (compiling source file '../../../../compiler/backends/llvm/llvm_codegen.cpp')
  
C:\LLVM\include\llvm\IR\Instructions.h(3888,37): warning C4267: 'argument': conversion from 'size_t' to 'int', possible loss of data [C:\s\s_language\build\compiler\pipeline\llvm\llvm_pipeline.vcxproj]
  (compiling source file '../../../../compiler/backends/llvm/llvm_codegen.cpp')
  
C:\LLVM\include\llvm\IR\Instructions.h(3889,30): warning C4267: 'initializing': conversion from 'size_t' to 'unsigned int', possible loss of data [C:\s\s_language\build\compiler\pipeline\llvm\llvm_pipeline.vcxproj]
  (compiling source file '../../../../compiler/backends/llvm/llvm_codegen.cpp')
  
C:\LLVM\include\llvm\IR\Instructions.h(3899,51): warning C4267: 'argument': conversion from 'size_t' to 'int', possible loss of data [C:\s\s_language\build\compiler\pipeline\llvm\llvm_pipeline.vcxproj]
  (compiling source file '../../../../compiler/backends/llvm/llvm_codegen.cpp')
  
C:\LLVM\include\llvm\IR\Instructions.h(3910,37): warning C4267: 'argument': conversion from 'size_t' to 'int', possible loss of data [C:\s\s_language\build\compiler\pipeline\llvm\llvm_pipeline.vcxproj]
  (compiling source file '../../../../compiler/backends/llvm/llvm_codegen.cpp')
  
C:\LLVM\include\llvm\IR\Instructions.h(3911,30): warning C4267: 'initializing': conversion from 'size_t' to 'unsigned int', possible loss of data [C:\s\s_language\build\compiler\pipeline\llvm\llvm_pipeline.vcxproj]
  (compiling source file '../../../../compiler/backends/llvm/llvm_codegen.cpp')
  
C:\LLVM\include\llvm\IR\Instructions.h(4082,73): warning C4267: 'argument': conversion from 'size_t' to 'int', possible loss of data [C:\s\s_language\build\compiler\pipeline\llvm\llvm_pipeline.vcxproj]
  (compiling source file '../../../../compiler/backends/llvm/llvm_codegen.cpp')
  
C:\LLVM\include\llvm\IR\Instructions.h(4082,51): warning C4267: 'argument': conversion from 'size_t' to 'int', possible loss of data [C:\s\s_language\build\compiler\pipeline\llvm\llvm_pipeline.vcxproj]
  (compiling source file '../../../../compiler/backends/llvm/llvm_codegen.cpp')
  
C:\LLVM\include\llvm\IR\Instructions.h(4093,73): warning C4267: 'argument': conversion from 'size_t' to 'int', possible loss of data [C:\s\s_language\build\compiler\pipeline\llvm\llvm_pipeline.vcxproj]
  (compiling source file '../../../../compiler/backends/llvm/llvm_codegen.cpp')
  
C:\LLVM\include\llvm\IR\Instructions.h(4093,51): warning C4267: 'argument': conversion from 'size_t' to 'int', possible loss of data [C:\s\s_language\build\compiler\pipeline\llvm\llvm_pipeline.vcxproj]
  (compiling source file '../../../../compiler/backends/llvm/llvm_codegen.cpp')
  
C:\LLVM\include\llvm\IR\Instructions.h(4095,30): warning C4267: 'initializing': conversion from 'size_t' to 'unsigned int', possible loss of data [C:\s\s_language\build\compiler\pipeline\llvm\llvm_pipeline.vcxproj]
  (compiling source file '../../../../compiler/backends/llvm/llvm_codegen.cpp')
  
C:\LLVM\include\llvm\IR\Instructions.h(4107,73): warning C4267: 'argument': conversion from 'size_t' to 'int', possible loss of data [C:\s\s_language\build\compiler\pipeline\llvm\llvm_pipeline.vcxproj]
  (compiling source file '../../../../compiler/backends/llvm/llvm_codegen.cpp')
  
C:\LLVM\include\llvm\IR\Instructions.h(4107,51): warning C4267: 'argument': conversion from 'size_t' to 'int', possible loss of data [C:\s\s_language\build\compiler\pipeline\llvm\llvm_pipeline.vcxproj]
  (compiling source file '../../../../compiler/backends/llvm/llvm_codegen.cpp')
  
C:\LLVM\include\llvm\IR\Instructions.h(4119,73): warning C4267: 'argument': conversion from 'size_t' to 'int', possible loss of data [C:\s\s_language\build\compiler\pipeline\llvm\llvm_pipeline.vcxproj]
  (compiling source file '../../../../compiler/backends/llvm/llvm_codegen.cpp')
  
C:\LLVM\include\llvm\IR\Instructions.h(4119,51): warning C4267: 'argument': conversion from 'size_t' to 'int', possible loss of data [C:\s\s_language\build\compiler\pipeline\llvm\llvm_pipeline.vcxproj]
  (compiling source file '../../../../compiler/backends/llvm/llvm_codegen.cpp')
  
C:\LLVM\include\llvm\IR\Instructions.h(4121,30): warning C4267: 'initializing': conversion from 'size_t' to 'unsigned int', possible loss of data [C:\s\s_language\build\compiler\pipeline\llvm\llvm_pipeline.vcxproj]
  (compiling source file '../../../../compiler/backends/llvm/llvm_codegen.cpp')
  
C:\LLVM\include\llvm\IR\Instructions.h(4308,37): warning C4100: 'idx': unreferenced parameter [C:\s\s_language\build\compiler\pipeline\llvm\llvm_pipeline.vcxproj]
  (compiling source file '../../../../compiler/backends/llvm/llvm_codegen.cpp')
  
C:\LLVM\include\llvm\IR\Instructions.h(4312,47): warning C4100: 'NewSucc': unreferenced parameter [C:\s\s_language\build\compiler\pipeline\llvm\llvm_pipeline.vcxproj]
  (compiling source file '../../../../compiler/backends/llvm/llvm_codegen.cpp')
  
C:\LLVM\include\llvm\IR\Instructions.h(4312,30): warning C4100: 'idx': unreferenced parameter [C:\s\s_language\build\compiler\pipeline\llvm\llvm_pipeline.vcxproj]
  (compiling source file '../../../../compiler/backends/llvm/llvm_codegen.cpp')
  
C:\LLVM\include\llvm\IR\Instructions.h(4523,21): warning C4267: 'initializing': conversion from 'size_t' to 'unsigned int', possible loss of data [C:\s\s_language\build\compiler\pipeline\llvm\llvm_pipeline.vcxproj]
  (compiling source file '../../../../compiler/backends/llvm/llvm_codegen.cpp')
  
C:\LLVM\include\llvm\IR\Instructions.h(4530,21): warning C4267: 'initializing': conversion from 'size_t' to 'unsigned int', possible loss of data [C:\s\s_language\build\compiler\pipeline\llvm\llvm_pipeline.vcxproj]
  (compiling source file '../../../../compiler/backends/llvm/llvm_codegen.cpp')
  
C:\LLVM\include\llvm\IR\Instructions.h(4564,21): warning C4267: 'initializing': conversion from 'size_t' to 'unsigned int', possible loss of data [C:\s\s_language\build\compiler\pipeline\llvm\llvm_pipeline.vcxproj]
  (compiling source file '../../../../compiler/backends/llvm/llvm_codegen.cpp')
  
C:\LLVM\include\llvm\IR\Instructions.h(4571,21): warning C4267: 'initializing': conversion from 'size_t' to 'unsigned int', possible loss of data [C:\s\s_language\build\compiler\pipeline\llvm\llvm_pipeline.vcxproj]
  (compiling source file '../../../../compiler/backends/llvm/llvm_codegen.cpp')
  
C:\LLVM\include\llvm\IR\Instructions.h(4813,37): warning C4100: 'idx': unreferenced parameter [C:\s\s_language\build\compiler\pipeline\llvm\llvm_pipeline.vcxproj]
  (compiling source file '../../../../compiler/backends/llvm/llvm_codegen.cpp')
  
C:\LLVM\include\llvm\IR\Instructions.h(4817,47): warning C4100: 'B': unreferenced parameter [C:\s\s_language\build\compiler\pipeline\llvm\llvm_pipeline.vcxproj]
  (compiling source file '../../../../compiler/backends/llvm/llvm_codegen.cpp')
  
C:\LLVM\include\llvm\IR\Instructions.h(4817,30): warning C4100: 'idx': unreferenced parameter [C:\s\s_language\build\compiler\pipeline\llvm\llvm_pipeline.vcxproj]
  (compiling source file '../../../../compiler/backends/llvm/llvm_codegen.cpp')
  
C:\LLVM\include\llvm\IR\IRBuilder.h(1220,55): warning C4100: 'OpBundles': unreferenced parameter [C:\s\s_language\build\compiler\pipeline\llvm\llvm_pipeline.vcxproj]
  (compiling source file '../../../../compiler/backends/llvm/llvm_codegen.cpp')
  
C:\LLVM\include\llvm\IR\IRBuilder.h(1253,71): warning C4458: declaration of 'BB' hides class member [C:\s\s_language\build\compiler\pipeline\llvm\llvm_pipeline.vcxproj]
  (compiling source file '../../../../compiler/backends/llvm/llvm_codegen.cpp')
      C:\LLVM\include\llvm\IR\IRBuilder.h(119,15):
      see declaration of 'llvm::IRBuilderBase::BB'
  
C:\LLVM\include\llvm\IR\IRBuilder.h(1276,41): warning C4458: declaration of 'FMF' hides class member [C:\s\s_language\build\compiler\pipeline\llvm\llvm_pipeline.vcxproj]
  (compiling source file '../../../../compiler/backends/llvm/llvm_codegen.cpp')
      C:\LLVM\include\llvm\IR\IRBuilder.h(126,17):
      see declaration of 'llvm::IRBuilderBase::FMF'
  
C:\LLVM\include\llvm\IR\IRBuilder.h(1547,19): warning C4458: declaration of 'FMF' hides class member [C:\s\s_language\build\compiler\pipeline\llvm\llvm_pipeline.vcxproj]
  (compiling source file '../../../../compiler/backends/llvm/llvm_codegen.cpp')
      C:\LLVM\include\llvm\IR\IRBuilder.h(126,17):
      see declaration of 'llvm::IRBuilderBase::FMF'
  
C:\LLVM\include\llvm\IR\IRBuilder.h(1574,19): warning C4458: declaration of 'FMF' hides class member [C:\s\s_language\build\compiler\pipeline\llvm\llvm_pipeline.vcxproj]
  (compiling source file '../../../../compiler/backends/llvm/llvm_codegen.cpp')
      C:\LLVM\include\llvm\IR\IRBuilder.h(126,17):
      see declaration of 'llvm::IRBuilderBase::FMF'
  
C:\LLVM\include\llvm\IR\IRBuilder.h(1601,19): warning C4458: declaration of 'FMF' hides class member [C:\s\s_language\build\compiler\pipeline\llvm\llvm_pipeline.vcxproj]
  (compiling source file '../../../../compiler/backends/llvm/llvm_codegen.cpp')
      C:\LLVM\include\llvm\IR\IRBuilder.h(126,17):
      see declaration of 'llvm::IRBuilderBase::FMF'
  
C:\LLVM\include\llvm\IR\IRBuilder.h(1628,19): warning C4458: declaration of 'FMF' hides class member [C:\s\s_language\build\compiler\pipeline\llvm\llvm_pipeline.vcxproj]
  (compiling source file '../../../../compiler/backends/llvm/llvm_codegen.cpp')
      C:\LLVM\include\llvm\IR\IRBuilder.h(126,17):
      see declaration of 'llvm::IRBuilderBase::FMF'
  
C:\LLVM\include\llvm\IR\IRBuilder.h(1654,19): warning C4458: declaration of 'FMF' hides class member [C:\s\s_language\build\compiler\pipeline\llvm\llvm_pipeline.vcxproj]
  (compiling source file '../../../../compiler/backends/llvm/llvm_codegen.cpp')
      C:\LLVM\include\llvm\IR\IRBuilder.h(126,17):
      see declaration of 'llvm::IRBuilderBase::FMF'
  
C:\LLVM\include\llvm\IR\IRBuilder.h(1741,18): warning C4458: declaration of 'FMF' hides class member [C:\s\s_language\build\compiler\pipeline\llvm\llvm_pipeline.vcxproj]
  (compiling source file '../../../../compiler/backends/llvm/llvm_codegen.cpp')
      C:\LLVM\include\llvm\IR\IRBuilder.h(126,17):
      see declaration of 'llvm::IRBuilderBase::FMF'
  
C:\LLVM\include\llvm\ADT\SmallVector.h(1130,23): warning C4324: 'llvm::SmallVectorStorage<T,0>': structure was padded due to alignment specifier [C:\s\s_language\build\compiler\pipeline\llvm\llvm_pipeline.vcxproj]
C:\LLVM\include\llvm\ADT\SmallVector.h(1130,23): warning C4324:         with [C:\s\s_language\build\compiler\pipeline\llvm\llvm_pipeline.vcxproj]
C:\LLVM\include\llvm\ADT\SmallVector.h(1130,23): warning C4324:         [ [C:\s\s_language\build\compiler\pipeline\llvm\llvm_pipeline.vcxproj]
C:\LLVM\include\llvm\ADT\SmallVector.h(1130,23): warning C4324:             T=std::pair<void *,size_t> [C:\s\s_language\build\compiler\pipeline\llvm\llvm_pipeline.vcxproj]
C:\LLVM\include\llvm\ADT\SmallVector.h(1130,23): warning C4324:         ] [C:\s\s_language\build\compiler\pipeline\llvm\llvm_pipeline.vcxproj]
  (compiling source file '../../../../compiler/backends/llvm/llvm_codegen.cpp')
      C:\LLVM\include\llvm\ADT\SmallVector.h(1130,23):
      the template instantiation context (the oldest one first) is
          C:\LLVM\include\llvm\Support\Allocator.h(63,7):
          while compiling class template 'llvm::BumpPtrAllocatorImpl'
          C:\LLVM\include\llvm\Support\Allocator.h(314,45):
          see reference to class template instantiation 'llvm::SmallVector<std::pair<void *,size_t>,0>' being compiled
          C:\LLVM\include\llvm\ADT\SmallVector.h(1209,36):
          see reference to class template instantiation 'llvm::SmallVectorStorage<T,0>' being compiled
          with
          [
              T=std::pair<void *,size_t>
          ]
  
C:\LLVM\include\llvm\Support\CommandLine.h(337,47): warning C4244: '=': conversion from 'unsigned int' to 'uint16_t', possible loss of data [C:\s\s_language\build\compiler\pipeline\llvm\llvm_pipeline.vcxproj]
  (compiling source file '../../../../compiler/backends/llvm/llvm_codegen.cpp')
  
C:\LLVM\include\llvm\Support\CommandLine.h(344,39): warning C4244: 'initializing': conversion from 'llvm::cl::NumOccurrencesFlag' to 'uint16_t', possible loss of data [C:\s\s_language\build\compiler\pipeline\llvm\llvm_pipeline.vcxproj]
  (compiling source file '../../../../compiler/backends/llvm/llvm_codegen.cpp')
  
C:\LLVM\include\llvm\Support\CommandLine.h(345,19): warning C4244: 'initializing': conversion from 'llvm::cl::OptionHidden' to 'uint16_t', possible loss of data [C:\s\s_language\build\compiler\pipeline\llvm\llvm_pipeline.vcxproj]
  (compiling source file '../../../../compiler/backends/llvm/llvm_codegen.cpp')
  
C:\LLVM\include\llvm\Support\CommandLine.h(350,67): warning C4244: '=': conversion from 'unsigned int' to 'uint16_t', possible loss of data [C:\s\s_language\build\compiler\pipeline\llvm\llvm_pipeline.vcxproj]
  (compiling source file '../../../../compiler/backends/llvm/llvm_codegen.cpp')
  
C:\LLVM\include\llvm\Support\CommandLine.h(1928,69): warning C4458: declaration of 'Value' hides class member [C:\s\s_language\build\compiler\pipeline\llvm\llvm_pipeline.vcxproj]
  (compiling source file '../../../../compiler/backends/llvm/llvm_codegen.cpp')
      C:\LLVM\include\llvm\Support\CommandLine.h(280,12):
      see declaration of 'llvm::cl::Option::Value'
  
C:\LLVM\include\llvm\Support\Format.h(236,23): warning C4244: '=': conversion from 'uint32_t' to 'uint8_t', possible loss of data [C:\s\s_language\build\compiler\pipeline\llvm\llvm_pipeline.vcxproj]
  (compiling source file '../../../../compiler/backends/llvm/llvm_codegen.cpp')
  
C:\LLVM\include\llvm\Support\Error.h(302,24): warning C4100: 'V': unreferenced parameter [C:\s\s_language\build\compiler\pipeline\llvm\llvm_pipeline.vcxproj]
  (compiling source file '../../../../compiler/backends/llvm/llvm_codegen.cpp')
  
C:\LLVM\include\llvm\Support\Error.h(1152,37): warning C4458: declaration of 'EC' hides class member [C:\s\s_language\build\compiler\pipeline\llvm\llvm_pipeline.vcxproj]
  (compiling source file '../../../../compiler/backends/llvm/llvm_codegen.cpp')
      C:\LLVM\include\llvm\Support\Error.h(1163,19):
      see declaration of 'llvm::ECError::EC'
  
C:\LLVM\include\llvm\Support\Error.h(1361,30): warning C4458: declaration of 'Banner' hides class member [C:\s\s_language\build\compiler\pipeline\llvm\llvm_pipeline.vcxproj]
  (compiling source file '../../../../compiler/backends/llvm/llvm_codegen.cpp')
      C:\LLVM\include\llvm\Support\Error.h(1394,15):
      see declaration of 'llvm::ExitOnError::Banner'
  
C:\LLVM\include\llvm\Support\Error.h(1364,60): warning C4458: declaration of 'GetExitCode' hides class member [C:\s\s_language\build\compiler\pipeline\llvm\llvm_pipeline.vcxproj]
  (compiling source file '../../../../compiler/backends/llvm/llvm_codegen.cpp')
      C:\LLVM\include\llvm\Support\Error.h(1395,37):
      see declaration of 'llvm::ExitOnError::GetExitCode'
  
C:\LLVM\include\llvm\IR\PassManager.h(89,32): warning C4324: 'llvm::AnalysisKey': structure was padded due to alignment specifier [C:\s\s_language\build\compiler\pipeline\llvm\llvm_pipeline.vcxproj]
  (compiling source file '../../../../compiler/backends/llvm/llvm_codegen.cpp')
  
C:\LLVM\include\llvm\IR\PassManager.h(99,35): warning C4324: 'llvm::AnalysisSetKey': structure was padded due to alignment specifier [C:\s\s_language\build\compiler\pipeline\llvm\llvm_pipeline.vcxproj]
  (compiling source file '../../../../compiler/backends/llvm/llvm_codegen.cpp')
  
C:\LLVM\include\llvm\Target\TargetMachine.h(144,56): warning C4458: declaration of 'STI' hides class member [C:\s\s_language\build\compiler\pipeline\llvm\llvm_pipeline.vcxproj]
  (compiling source file '../../../../compiler/backends/llvm/llvm_codegen.cpp')
      C:\LLVM\include\llvm\Target\TargetMachine.h(110,42):
      see declaration of 'llvm::TargetMachine::STI'
  
C:\LLVM\include\llvm\Target\TargetMachine.h(144,56): warning C4100: 'STI': unreferenced parameter [C:\s\s_language\build\compiler\pipeline\llvm\llvm_pipeline.vcxproj]
  (compiling source file '../../../../compiler/backends/llvm/llvm_codegen.cpp')
  
C:\LLVM\include\llvm\Target\TargetMachine.h(143,74): warning C4100: 'F': unreferenced parameter [C:\s\s_language\build\compiler\pipeline\llvm\llvm_pipeline.vcxproj]
  (compiling source file '../../../../compiler/backends/llvm/llvm_codegen.cpp')
  
C:\LLVM\include\llvm\Target\TargetMachine.h(143,47): warning C4100: 'Allocator': unreferenced parameter [C:\s\s_language\build\compiler\pipeline\llvm\llvm_pipeline.vcxproj]
  (compiling source file '../../../../compiler/backends/llvm/llvm_codegen.cpp')
  
C:\LLVM\include\llvm\Target\TargetMachine.h(157,48): warning C4100: 'MF': unreferenced parameter [C:\s\s_language\build\compiler\pipeline\llvm\llvm_pipeline.vcxproj]
  (compiling source file '../../../../compiler/backends/llvm/llvm_codegen.cpp')
  
C:\LLVM\include\llvm\Target\TargetMachine.h(165,50): warning C4100: 'SourceRange': unreferenced parameter [C:\s\s_language\build\compiler\pipeline\llvm\llvm_pipeline.vcxproj]
  (compiling source file '../../../../compiler/backends/llvm/llvm_codegen.cpp')
  
C:\LLVM\include\llvm\Target\TargetMachine.h(164,55): warning C4100: 'Error': unreferenced parameter [C:\s\s_language\build\compiler\pipeline\llvm\llvm_pipeline.vcxproj]
  (compiling source file '../../../../compiler/backends/llvm/llvm_codegen.cpp')
  
C:\LLVM\include\llvm\Target\TargetMachine.h(163,68): warning C4100: 'PFS': unreferenced parameter [C:\s\s_language\build\compiler\pipeline\llvm\llvm_pipeline.vcxproj]
  (compiling source file '../../../../compiler/backends/llvm/llvm_codegen.cpp')
  
C:\LLVM\include\llvm\Target\TargetMachine.h(327,61): warning C4100: 'DestAS': unreferenced parameter [C:\s\s_language\build\compiler\pipeline\llvm\llvm_pipeline.vcxproj]
  (compiling source file '../../../../compiler/backends/llvm/llvm_codegen.cpp')
  
C:\LLVM\include\llvm\Target\TargetMachine.h(327,45): warning C4100: 'SrcAS': unreferenced parameter [C:\s\s_language\build\compiler\pipeline\llvm\llvm_pipeline.vcxproj]
  (compiling source file '../../../../compiler/backends/llvm/llvm_codegen.cpp')
  
C:\LLVM\include\llvm\Target\TargetMachine.h(340,71): warning C4245: 'return': conversion from 'int' to 'unsigned int', signed/unsigned mismatch [C:\s\s_language\build\compiler\pipeline\llvm\llvm_pipeline.vcxproj]
  (compiling source file '../../../../compiler/backends/llvm/llvm_codegen.cpp')
  
C:\LLVM\include\llvm\Target\TargetMachine.h(340,53): warning C4100: 'V': unreferenced parameter [C:\s\s_language\build\compiler\pipeline\llvm\llvm_pipeline.vcxproj]
  (compiling source file '../../../../compiler/backends/llvm/llvm_codegen.cpp')
  
C:\LLVM\include\llvm\Target\TargetMachine.h(350,39): warning C4100: 'V': unreferenced parameter [C:\s\s_language\build\compiler\pipeline\llvm\llvm_pipeline.vcxproj]
  (compiling source file '../../../../compiler/backends/llvm/llvm_codegen.cpp')
  
C:\LLVM\include\llvm\Target\TargetMachine.h(370,50): warning C4100: 'PopulateClassToPassNames': unreferenced parameter [C:\s\s_language\build\compiler\pipeline\llvm\llvm_pipeline.vcxproj]
  (compiling source file '../../../../compiler/backends/llvm/llvm_codegen.cpp')
  
C:\LLVM\include\llvm\Target\TargetMachine.h(386,53): warning C4100: 'MMIWP': unreferenced parameter [C:\s\s_language\build\compiler\pipeline\llvm\llvm_pipeline.vcxproj]
  (compiling source file '../../../../compiler/backends/llvm/llvm_codegen.cpp')
  
C:\LLVM\include\llvm\Target\TargetMachine.h(420,64): warning C4100: 'Kind': unreferenced parameter [C:\s\s_language\build\compiler\pipeline\llvm\llvm_pipeline.vcxproj]
  (compiling source file '../../../../compiler/backends/llvm/llvm_codegen.cpp')
  
C:\LLVM\include\llvm\Target\TargetMachine.h(516,69): warning C4100: 'MF': unreferenced parameter [C:\s\s_language\build\compiler\pipeline\llvm\llvm_pipeline.vcxproj]
  (compiling source file '../../../../compiler/backends/llvm/llvm_codegen.cpp')
  
C:\s\s_language\include\parser\ast\ast_visitor.h(673,38): warning C4100: 'expr': unreferenced parameter [C:\s\s_language\build\compiler\pipeline\llvm\llvm_pipeline.vcxproj]
  (compiling source file '../../../../compiler/backends/llvm/llvm_codegen.cpp')
  
C:\s\s_language\include\parser\ast\ast_visitor.h(674,36): warning C4100: 'expr': unreferenced parameter [C:\s\s_language\build\compiler\pipeline\llvm\llvm_pipeline.vcxproj]
  (compiling source file '../../../../compiler/backends/llvm/llvm_codegen.cpp')
  
C:\s\s_language\include\parser\ast\ast_visitor.h(675,40): warning C4100: 'expr': unreferenced parameter [C:\s\s_language\build\compiler\pipeline\llvm\llvm_pipeline.vcxproj]
  (compiling source file '../../../../compiler/backends/llvm/llvm_codegen.cpp')
  
C:\s\s_language\include\parser\ast\ast_visitor.h(676,40): warning C4100: 'expr': unreferenced parameter [C:\s\s_language\build\compiler\pipeline\llvm\llvm_pipeline.vcxproj]
  (compiling source file '../../../../compiler/backends/llvm/llvm_codegen.cpp')
  
C:\s\s_language\include\parser\ast\ast_visitor.h(677,42): warning C4100: 'expr': unreferenced parameter [C:\s\s_language\build\compiler\pipeline\llvm\llvm_pipeline.vcxproj]
  (compiling source file '../../../../compiler/backends/llvm/llvm_codegen.cpp')
  
C:\s\s_language\include\parser\ast\ast_visitor.h(678,38): warning C4100: 'expr': unreferenced parameter [C:\s\s_language\build\compiler\pipeline\llvm\llvm_pipeline.vcxproj]
  (compiling source file '../../../../compiler/backends/llvm/llvm_codegen.cpp')
  
C:\s\s_language\include\parser\ast\ast_visitor.h(679,34): warning C4100: 'expr': unreferenced parameter [C:\s\s_language\build\compiler\pipeline\llvm\llvm_pipeline.vcxproj]
  (compiling source file '../../../../compiler/backends/llvm/llvm_codegen.cpp')
  
C:\s\s_language\include\parser\ast\ast_visitor.h(680,36): warning C4100: 'expr': unreferenced parameter [C:\s\s_language\build\compiler\pipeline\llvm\llvm_pipeline.vcxproj]
  (compiling source file '../../../../compiler/backends/llvm/llvm_codegen.cpp')
  
C:\s\s_language\include\parser\ast\ast_visitor.h(681,38): warning C4100: 'expr': unreferenced parameter [C:\s\s_language\build\compiler\pipeline\llvm\llvm_pipeline.vcxproj]
  (compiling source file '../../../../compiler/backends/llvm/llvm_codegen.cpp')
  
C:\s\s_language\include\parser\ast\ast_visitor.h(682,50): warning C4100: 'expr': unreferenced parameter [C:\s\s_language\build\compiler\pipeline\llvm\llvm_pipeline.vcxproj]
  (compiling source file '../../../../compiler/backends/llvm/llvm_codegen.cpp')
  
C:\s\s_language\include\parser\ast\ast_visitor.h(683,36): warning C4100: 'expr': unreferenced parameter [C:\s\s_language\build\compiler\pipeline\llvm\llvm_pipeline.vcxproj]
  (compiling source file '../../../../compiler/backends/llvm/llvm_codegen.cpp')
  
C:\s\s_language\include\parser\ast\ast_visitor.h(684,32): warning C4100: 'expr': unreferenced parameter [C:\s\s_language\build\compiler\pipeline\llvm\llvm_pipeline.vcxproj]
  (compiling source file '../../../../compiler/backends/llvm/llvm_codegen.cpp')
  
C:\s\s_language\include\parser\ast\ast_visitor.h(685,38): warning C4100: 'expr': unreferenced parameter [C:\s\s_language\build\compiler\pipeline\llvm\llvm_pipeline.vcxproj]
  (compiling source file '../../../../compiler/backends/llvm/llvm_codegen.cpp')
  
C:\s\s_language\include\parser\ast\ast_visitor.h(686,38): warning C4100: 'expr': unreferenced parameter [C:\s\s_language\build\compiler\pipeline\llvm\llvm_pipeline.vcxproj]
  (compiling source file '../../../../compiler/backends/llvm/llvm_codegen.cpp')
  
C:\s\s_language\include\parser\ast\ast_visitor.h(687,36): warning C4100: 'expr': unreferenced parameter [C:\s\s_language\build\compiler\pipeline\llvm\llvm_pipeline.vcxproj]
  (compiling source file '../../../../compiler/backends/llvm/llvm_codegen.cpp')
  
C:\s\s_language\include\parser\ast\ast_visitor.h(688,60): warning C4100: 'expr': unreferenced parameter [C:\s\s_language\build\compiler\pipeline\llvm\llvm_pipeline.vcxproj]
  (compiling source file '../../../../compiler/backends/llvm/llvm_codegen.cpp')
  
C:\s\s_language\include\parser\ast\ast_visitor.h(689,60): warning C4100: 'expr': unreferenced parameter [C:\s\s_language\build\compiler\pipeline\llvm\llvm_pipeline.vcxproj]
  (compiling source file '../../../../compiler/backends/llvm/llvm_codegen.cpp')
  
C:\s\s_language\include\parser\ast\ast_visitor.h(690,58): warning C4100: 'expr': unreferenced parameter [C:\s\s_language\build\compiler\pipeline\llvm\llvm_pipeline.vcxproj]
  (compiling source file '../../../../compiler/backends/llvm/llvm_codegen.cpp')
  
C:\s\s_language\include\parser\ast\ast_visitor.h(691,44): warning C4100: 'expr': unreferenced parameter [C:\s\s_language\build\compiler\pipeline\llvm\llvm_pipeline.vcxproj]
  (compiling source file '../../../../compiler/backends/llvm/llvm_codegen.cpp')
  
C:\s\s_language\include\parser\ast\ast_visitor.h(692,44): warning C4100: 'expr': unreferenced parameter [C:\s\s_language\build\compiler\pipeline\llvm\llvm_pipeline.vcxproj]
  (compiling source file '../../../../compiler/backends/llvm/llvm_codegen.cpp')
  
C:\s\s_language\include\parser\ast\ast_visitor.h(695,32): warning C4100: 'expr': unreferenced parameter [C:\s\s_language\build\compiler\pipeline\llvm\llvm_pipeline.vcxproj]
  (compiling source file '../../../../compiler/backends/llvm/llvm_codegen.cpp')
  
C:\s\s_language\include\parser\ast\ast_visitor.h(696,50): warning C4100: 'expr': unreferenced parameter [C:\s\s_language\build\compiler\pipeline\llvm\llvm_pipeline.vcxproj]
  (compiling source file '../../../../compiler/backends/llvm/llvm_codegen.cpp')
  
C:\s\s_language\include\parser\ast\ast_visitor.h(697,46): warning C4100: 'expr': unreferenced parameter [C:\s\s_language\build\compiler\pipeline\llvm\llvm_pipeline.vcxproj]
  (compiling source file '../../../../compiler/backends/llvm/llvm_codegen.cpp')
  
C:\s\s_language\include\parser\ast\ast_visitor.h(698,34): warning C4100: 'expr': unreferenced parameter [C:\s\s_language\build\compiler\pipeline\llvm\llvm_pipeline.vcxproj]
  (compiling source file '../../../../compiler/backends/llvm/llvm_codegen.cpp')
  
C:\s\s_language\include\parser\ast\ast_visitor.h(699,36): warning C4100: 'expr': unreferenced parameter [C:\s\s_language\build\compiler\pipeline\llvm\llvm_pipeline.vcxproj]
  (compiling source file '../../../../compiler/backends/llvm/llvm_codegen.cpp')
  
C:\s\s_language\include\parser\ast\ast_visitor.h(702,34): warning C4100: 'stmt': unreferenced parameter [C:\s\s_language\build\compiler\pipeline\llvm\llvm_pipeline.vcxproj]
  (compiling source file '../../../../compiler/backends/llvm/llvm_codegen.cpp')
  
C:\s\s_language\include\parser\ast\ast_visitor.h(703,40): warning C4100: 'stmt': unreferenced parameter [C:\s\s_language\build\compiler\pipeline\llvm\llvm_pipeline.vcxproj]
  (compiling source file '../../../../compiler/backends/llvm/llvm_codegen.cpp')
  
C:\s\s_language\include\parser\ast\ast_visitor.h(704,30): warning C4100: 'stmt': unreferenced parameter [C:\s\s_language\build\compiler\pipeline\llvm\llvm_pipeline.vcxproj]
  (compiling source file '../../../../compiler/backends/llvm/llvm_codegen.cpp')
  
C:\s\s_language\include\parser\ast\ast_visitor.h(705,36): warning C4100: 'stmt': unreferenced parameter [C:\s\s_language\build\compiler\pipeline\llvm\llvm_pipeline.vcxproj]
  (compiling source file '../../../../compiler/backends/llvm/llvm_codegen.cpp')
  
C:\s\s_language\include\parser\ast\ast_visitor.h(706,32): warning C4100: 'stmt': unreferenced parameter [C:\s\s_language\build\compiler\pipeline\llvm\llvm_pipeline.vcxproj]
  (compiling source file '../../../../compiler/backends/llvm/llvm_codegen.cpp')
  
C:\s\s_language\include\parser\ast\ast_visitor.h(707,42): warning C4100: 'stmt': unreferenced parameter [C:\s\s_language\build\compiler\pipeline\llvm\llvm_pipeline.vcxproj]
  (compiling source file '../../../../compiler/backends/llvm/llvm_codegen.cpp')
  
C:\s\s_language\include\parser\ast\ast_visitor.h(708,38): warning C4100: 'stmt': unreferenced parameter [C:\s\s_language\build\compiler\pipeline\llvm\llvm_pipeline.vcxproj]
  (compiling source file '../../../../compiler/backends/llvm/llvm_codegen.cpp')
  
C:\s\s_language\include\parser\ast\ast_visitor.h(709,38): warning C4100: 'stmt': unreferenced parameter [C:\s\s_language\build\compiler\pipeline\llvm\llvm_pipeline.vcxproj]
  (compiling source file '../../../../compiler/backends/llvm/llvm_codegen.cpp')
  
C:\s\s_language\include\parser\ast\ast_visitor.h(710,36): warning C4100: 'stmt': unreferenced parameter [C:\s\s_language\build\compiler\pipeline\llvm\llvm_pipeline.vcxproj]
  (compiling source file '../../../../compiler/backends/llvm/llvm_codegen.cpp')
  
C:\s\s_language\include\parser\ast\ast_visitor.h(711,36): warning C4100: 'stmt': unreferenced parameter [C:\s\s_language\build\compiler\pipeline\llvm\llvm_pipeline.vcxproj]
  (compiling source file '../../../../compiler/backends/llvm/llvm_codegen.cpp')
  
C:\s\s_language\include\parser\ast\ast_visitor.h(712,42): warning C4100: 'stmt': unreferenced parameter [C:\s\s_language\build\compiler\pipeline\llvm\llvm_pipeline.vcxproj]
  (compiling source file '../../../../compiler/backends/llvm/llvm_codegen.cpp')
  
C:\s\s_language\include\parser\ast\ast_visitor.h(713,36): warning C4100: 'stmt': unreferenced parameter [C:\s\s_language\build\compiler\pipeline\llvm\llvm_pipeline.vcxproj]
  (compiling source file '../../../../compiler/backends/llvm/llvm_codegen.cpp')
  
C:\s\s_language\include\parser\ast\ast_visitor.h(714,32): warning C4100: 'stmt': unreferenced parameter [C:\s\s_language\build\compiler\pipeline\llvm\llvm_pipeline.vcxproj]
  (compiling source file '../../../../compiler/backends/llvm/llvm_codegen.cpp')
  
C:\s\s_language\include\parser\ast\ast_visitor.h(715,36): warning C4100: 'stmt': unreferenced parameter [C:\s\s_language\build\compiler\pipeline\llvm\llvm_pipeline.vcxproj]
  (compiling source file '../../../../compiler/backends/llvm/llvm_codegen.cpp')
  
C:\s\s_language\include\parser\ast\ast_visitor.h(716,34): warning C4100: 'stmt': unreferenced parameter [C:\s\s_language\build\compiler\pipeline\llvm\llvm_pipeline.vcxproj]
  (compiling source file '../../../../compiler/backends/llvm/llvm_codegen.cpp')
  
C:\s\s_language\include\parser\ast\ast_visitor.h(717,36): warning C4100: 'stmt': unreferenced parameter [C:\s\s_language\build\compiler\pipeline\llvm\llvm_pipeline.vcxproj]
  (compiling source file '../../../../compiler/backends/llvm/llvm_codegen.cpp')
  
C:\s\s_language\include\parser\ast\ast_visitor.h(718,44): warning C4100: 'stmt': unreferenced parameter [C:\s\s_language\build\compiler\pipeline\llvm\llvm_pipeline.vcxproj]
  (compiling source file '../../../../compiler/backends/llvm/llvm_codegen.cpp')
  
C:\s\s_language\include\parser\ast\ast_visitor.h(721,42): warning C4100: 'decl': unreferenced parameter [C:\s\s_language\build\compiler\pipeline\llvm\llvm_pipeline.vcxproj]
  (compiling source file '../../../../compiler/backends/llvm/llvm_codegen.cpp')
  
C:\s\s_language\include\parser\ast\ast_visitor.h(722,36): warning C4100: 'decl': unreferenced parameter [C:\s\s_language\build\compiler\pipeline\llvm\llvm_pipeline.vcxproj]
  (compiling source file '../../../../compiler/backends/llvm/llvm_codegen.cpp')
  
C:\s\s_language\include\parser\ast\ast_visitor.h(723,36): warning C4100: 'decl': unreferenced parameter [C:\s\s_language\build\compiler\pipeline\llvm\llvm_pipeline.vcxproj]
  (compiling source file '../../../../compiler/backends/llvm/llvm_codegen.cpp')
  
C:\s\s_language\include\parser\ast\ast_visitor.h(724,38): warning C4100: 'decl': unreferenced parameter [C:\s\s_language\build\compiler\pipeline\llvm\llvm_pipeline.vcxproj]
  (compiling source file '../../../../compiler/backends/llvm/llvm_codegen.cpp')
  
C:\s\s_language\include\parser\ast\ast_visitor.h(725,42): warning C4100: 'decl': unreferenced parameter [C:\s\s_language\build\compiler\pipeline\llvm\llvm_pipeline.vcxproj]
  (compiling source file '../../../../compiler/backends/llvm/llvm_codegen.cpp')
  
C:\s\s_language\include\parser\ast\ast_visitor.h(726,48): warning C4100: 'decl': unreferenced parameter [C:\s\s_language\build\compiler\pipeline\llvm\llvm_pipeline.vcxproj]
  (compiling source file '../../../../compiler/backends/llvm/llvm_codegen.cpp')
  
C:\s\s_language\include\parser\ast\ast_visitor.h(727,46): warning C4100: 'decl': unreferenced parameter [C:\s\s_language\build\compiler\pipeline\llvm\llvm_pipeline.vcxproj]
  (compiling source file '../../../../compiler/backends/llvm/llvm_codegen.cpp')
  
C:\s\s_language\include\parser\ast\ast_visitor.h(728,34): warning C4100: 'decl': unreferenced parameter [C:\s\s_language\build\compiler\pipeline\llvm\llvm_pipeline.vcxproj]
  (compiling source file '../../../../compiler/backends/llvm/llvm_codegen.cpp')
  
C:\s\s_language\include\parser\ast\ast_visitor.h(729,38): warning C4100: 'stmt': unreferenced parameter [C:\s\s_language\build\compiler\pipeline\llvm\llvm_pipeline.vcxproj]
  (compiling source file '../../../../compiler/backends/llvm/llvm_codegen.cpp')
  
C:\s\s_language\include\parser\ast\ast_visitor.h(730,46): warning C4100: 'stmt': unreferenced parameter [C:\s\s_language\build\compiler\pipeline\llvm\llvm_pipeline.vcxproj]
  (compiling source file '../../../../compiler/backends/llvm/llvm_codegen.cpp')
  
C:\s\s_language\include\parser\ast\ast_visitor.h(731,38): warning C4100: 'stmt': unreferenced parameter [C:\s\s_language\build\compiler\pipeline\llvm\llvm_pipeline.vcxproj]
  (compiling source file '../../../../compiler/backends/llvm/llvm_codegen.cpp')
  
C:\s\s_language\include\parser\ast\ast_visitor.h(732,38): warning C4100: 'decl': unreferenced parameter [C:\s\s_language\build\compiler\pipeline\llvm\llvm_pipeline.vcxproj]
  (compiling source file '../../../../compiler/backends/llvm/llvm_codegen.cpp')
  
C:\LLVM\include\llvm\ADT\SmallVector.h(1130,23): warning C4324: 'llvm::SmallVectorStorage<T,0>': structure was padded due to alignment specifier [C:\s\s_language\build\compiler\pipeline\llvm\llvm_pipeline.vcxproj]
C:\LLVM\include\llvm\ADT\SmallVector.h(1130,23): warning C4324:         with [C:\s\s_language\build\compiler\pipeline\llvm\llvm_pipeline.vcxproj]
C:\LLVM\include\llvm\ADT\SmallVector.h(1130,23): warning C4324:         [ [C:\s\s_language\build\compiler\pipeline\llvm\llvm_pipeline.vcxproj]
C:\LLVM\include\llvm\ADT\SmallVector.h(1130,23): warning C4324:             T=llvm::BitVector::BitWord [C:\s\s_language\build\compiler\pipeline\llvm\llvm_pipeline.vcxproj]
C:\LLVM\include\llvm\ADT\SmallVector.h(1130,23): warning C4324:         ] [C:\s\s_language\build\compiler\pipeline\llvm\llvm_pipeline.vcxproj]
  (compiling source file '../../../../compiler/backends/llvm/llvm_codegen.cpp')
      C:\LLVM\include\llvm\ADT\SmallVector.h(1130,23):
      the template instantiation context (the oldest one first) is
          C:\LLVM\include\llvm\ADT\SmallVector.h(1207,71):
          see reference to class template instantiation 'llvm::CalculateSmallVectorDefaultInlinedElements<T>' being compiled
          with
          [
              T=llvm::BitVector::BitWord
          ]
          C:\LLVM\include\llvm\ADT\SmallVector.h(1184,43):
          see reference to class template instantiation 'llvm::SmallVector<T,0>' being compiled
          with
          [
              T=llvm::BitVector::BitWord
          ]
          C:\LLVM\include\llvm\ADT\SmallVector.h(1209,36):
          see reference to class template instantiation 'llvm::SmallVectorStorage<T,0>' being compiled
          with
          [
              T=llvm::BitVector::BitWord
          ]
  
C:\LLVM\include\llvm\ADT\BitVector.h(380,16): warning C4244: '=': conversion from 'uint64_t' to 'unsigned int', possible loss of data [C:\s\s_language\build\compiler\pipeline\llvm\llvm_pipeline.vcxproj]
  (compiling source file '../../../../compiler/backends/llvm/llvm_codegen.cpp')
  
C:\LLVM\include\llvm\ADT\BitVector.h(419,16): warning C4244: '=': conversion from 'uint64_t' to 'unsigned int', possible loss of data [C:\s\s_language\build\compiler\pipeline\llvm\llvm_pipeline.vcxproj]
  (compiling source file '../../../../compiler/backends/llvm/llvm_codegen.cpp')
  
C:\LLVM\include\llvm\ADT\BitVector.h(490,24): warning C4267: 'initializing': conversion from 'size_t' to 'unsigned int', possible loss of data [C:\s\s_language\build\compiler\pipeline\llvm\llvm_pipeline.vcxproj]
  (compiling source file '../../../../compiler/backends/llvm/llvm_codegen.cpp')
  
C:\LLVM\include\llvm\ADT\BitVector.h(491,23): warning C4267: 'initializing': conversion from 'size_t' to 'unsigned int', possible loss of data [C:\s\s_language\build\compiler\pipeline\llvm\llvm_pipeline.vcxproj]
  (compiling source file '../../../../compiler/backends/llvm/llvm_codegen.cpp')
  
C:\LLVM\include\llvm\ADT\BitVector.h(502,23): warning C4267: 'initializing': conversion from 'size_t' to 'unsigned int', possible loss of data [C:\s\s_language\build\compiler\pipeline\llvm\llvm_pipeline.vcxproj]
  (compiling source file '../../../../compiler/backends/llvm/llvm_codegen.cpp')
  
C:\LLVM\include\llvm\ADT\BitVector.h(510,24): warning C4267: 'initializing': conversion from 'size_t' to 'unsigned int', possible loss of data [C:\s\s_language\build\compiler\pipeline\llvm\llvm_pipeline.vcxproj]
  (compiling source file '../../../../compiler/backends/llvm/llvm_codegen.cpp')
  
C:\LLVM\include\llvm\ADT\BitVector.h(511,23): warning C4267: 'initializing': conversion from 'size_t' to 'unsigned int', possible loss of data [C:\s\s_language\build\compiler\pipeline\llvm\llvm_pipeline.vcxproj]
  (compiling source file '../../../../compiler/backends/llvm/llvm_codegen.cpp')
  
C:\LLVM\include\llvm\ADT\BitVector.h(527,24): warning C4267: 'initializing': conversion from 'size_t' to 'unsigned int', possible loss of data [C:\s\s_language\build\compiler\pipeline\llvm\llvm_pipeline.vcxproj]
  (compiling source file '../../../../compiler/backends/llvm/llvm_codegen.cpp')
  
C:\LLVM\include\llvm\ADT\BitVector.h(528,23): warning C4267: 'initializing': conversion from 'size_t' to 'unsigned int', possible loss of data [C:\s\s_language\build\compiler\pipeline\llvm\llvm_pipeline.vcxproj]
  (compiling source file '../../../../compiler/backends/llvm/llvm_codegen.cpp')
  
C:\LLVM\include\llvm\ADT\BitVector.h(537,24): warning C4267: 'initializing': conversion from 'size_t' to 'unsigned int', possible loss of data [C:\s\s_language\build\compiler\pipeline\llvm\llvm_pipeline.vcxproj]
  (compiling source file '../../../../compiler/backends/llvm/llvm_codegen.cpp')
  
C:\LLVM\include\llvm\ADT\BitVector.h(538,23): warning C4267: 'initializing': conversion from 'size_t' to 'unsigned int', possible loss of data [C:\s\s_language\build\compiler\pipeline\llvm\llvm_pipeline.vcxproj]
  (compiling source file '../../../../compiler/backends/llvm/llvm_codegen.cpp')
  
C:\LLVM\include\llvm\ADT\BitVector.h(568,29): warning C4267: 'initializing': conversion from 'size_t' to 'llvm::BitVector::size_type', possible loss of data [C:\s\s_language\build\compiler\pipeline\llvm\llvm_pipeline.vcxproj]
  (compiling source file '../../../../compiler/backends/llvm/llvm_codegen.cpp')
  
C:\LLVM\include\llvm\ADT\BitVector.h(576,29): warning C4267: 'initializing': conversion from 'size_t' to 'llvm::BitVector::size_type', possible loss of data [C:\s\s_language\build\compiler\pipeline\llvm\llvm_pipeline.vcxproj]
  (compiling source file '../../../../compiler/backends/llvm/llvm_codegen.cpp')
  
C:\LLVM\include\llvm\ADT\BitVector.h(586,23): warning C4267: 'initializing': conversion from 'size_t' to 'unsigned int', possible loss of data [C:\s\s_language\build\compiler\pipeline\llvm\llvm_pipeline.vcxproj]
  (compiling source file '../../../../compiler/backends/llvm/llvm_codegen.cpp')
  
C:\LLVM\include\llvm\ADT\BitVector.h(635,23): warning C4267: 'initializing': conversion from 'size_t' to 'unsigned int', possible loss of data [C:\s\s_language\build\compiler\pipeline\llvm\llvm_pipeline.vcxproj]
  (compiling source file '../../../../compiler/backends/llvm/llvm_codegen.cpp')
  
C:\LLVM\include\llvm\ADT\BitVector.h(748,23): warning C4267: 'initializing': conversion from 'size_t' to 'uint32_t', possible loss of data [C:\s\s_language\build\compiler\pipeline\llvm\llvm_pipeline.vcxproj]
  (compiling source file '../../../../compiler/backends/llvm/llvm_codegen.cpp')
  
C:\LLVM\include\llvm\ADT\BitVector.h(766,23): warning C4267: 'initializing': conversion from 'size_t' to 'uint32_t', possible loss of data [C:\s\s_language\build\compiler\pipeline\llvm\llvm_pipeline.vcxproj]
  (compiling source file '../../../../compiler/backends/llvm/llvm_codegen.cpp')
  
C:\LLVM\include\llvm\ADT\BitVector.h(831,56): warning C4267: 'return': conversion from 'size_t' to 'llvm::BitVector::size_type', possible loss of data [C:\s\s_language\build\compiler\pipeline\llvm\llvm_pipeline.vcxproj]
  (compiling source file '../../../../compiler/backends/llvm/llvm_codegen.cpp')
  
C:\LLVM\include\llvm\ADT\BitVector.h(832,57): warning C4267: 'return': conversion from 'size_t' to 'llvm::BitVector::size_type', possible loss of data [C:\s\s_language\build\compiler\pipeline\llvm\llvm_pipeline.vcxproj]
  (compiling source file '../../../../compiler/backends/llvm/llvm_codegen.cpp')
  
C:\LLVM\include\llvm\ADT\SmallVector.h(1130,23): warning C4324: 'llvm::SmallVectorStorage<T,0>': structure was padded due to alignment specifier [C:\s\s_language\build\compiler\pipeline\llvm\llvm_pipeline.vcxproj]
C:\LLVM\include\llvm\ADT\SmallVector.h(1130,23): warning C4324:         with [C:\s\s_language\build\compiler\pipeline\llvm\llvm_pipeline.vcxproj]
C:\LLVM\include\llvm\ADT\SmallVector.h(1130,23): warning C4324:         [ [C:\s\s_language\build\compiler\pipeline\llvm\llvm_pipeline.vcxproj]
C:\LLVM\include\llvm\ADT\SmallVector.h(1130,23): warning C4324:             T=llvm::AnalysisID [C:\s\s_language\build\compiler\pipeline\llvm\llvm_pipeline.vcxproj]
C:\LLVM\include\llvm\ADT\SmallVector.h(1130,23): warning C4324:         ] [C:\s\s_language\build\compiler\pipeline\llvm\llvm_pipeline.vcxproj]
  (compiling source file '../../../../compiler/backends/llvm/llvm_codegen.cpp')
      C:\LLVM\include\llvm\ADT\SmallVector.h(1130,23):
      the template instantiation context (the oldest one first) is
          C:\LLVM\include\llvm\PassAnalysisSupport.h(59,30):
          see reference to class template instantiation 'llvm::SmallVector<llvm::AnalysisID,0>' being compiled
          C:\LLVM\include\llvm\ADT\SmallVector.h(1209,36):
          see reference to class template instantiation 'llvm::SmallVectorStorage<T,0>' being compiled
          with
          [
              T=llvm::AnalysisID
          ]
  
C:\LLVM\include\llvm\Analysis\LazyCallGraph.h(480,41): warning C4267: 'return': conversion from 'size_t' to 'int', possible loss of data [C:\s\s_language\build\compiler\pipeline\llvm\llvm_pipeline.vcxproj]
  (compiling source file '../../../../compiler/backends/llvm/llvm_codegen.cpp')
  
C:\LLVM\include\llvm\Analysis\CGSCCPassManager.h(400,45): warning C4458: declaration of 'FAM' hides class member [C:\s\s_language\build\compiler\pipeline\llvm\llvm_pipeline.vcxproj]
  (compiling source file '../../../../compiler/backends/llvm/llvm_codegen.cpp')
      C:\LLVM\include\llvm\Analysis\CGSCCPassManager.h(411,30):
      see declaration of 'llvm::FunctionAnalysisManagerCGSCCProxy::Result::FAM'
  
C:\LLVM\include\llvm\Analysis\CGSCCPassManager.h(542,52): warning C4100: 'FAM': unreferenced parameter [C:\s\s_language\build\compiler\pipeline\llvm\llvm_pipeline.vcxproj]
  (compiling source file '../../../../compiler/backends/llvm/llvm_codegen.cpp')
  
C:\LLVM\include\llvm\Analysis\CGSCCPassManager.h(542,24): warning C4100: 'F': unreferenced parameter [C:\s\s_language\build\compiler\pipeline\llvm\llvm_pipeline.vcxproj]
  (compiling source file '../../../../compiler/backends/llvm/llvm_codegen.cpp')
  
C:\LLVM\include\llvm\CodeGen\MachinePassManager.h(41,35): warning C4324: 'llvm::MachinePassKey': structure was padded due to alignment specifier [C:\s\s_language\build\compiler\pipeline\llvm\llvm_pipeline.vcxproj]
  (compiling source file '../../../../compiler/backends/llvm/llvm_codegen.cpp')
  
C:\LLVM\include\llvm\Support\JSON.h(739,11): warning C4244: '=': conversion from '_Ty' to 'int', possible loss of data [C:\s\s_language\build\compiler\pipeline\llvm\llvm_pipeline.vcxproj]
C:\LLVM\include\llvm\Support\JSON.h(739,11): warning C4244:         with [C:\s\s_language\build\compiler\pipeline\llvm\llvm_pipeline.vcxproj]
C:\LLVM\include\llvm\Support\JSON.h(739,11): warning C4244:         [ [C:\s\s_language\build\compiler\pipeline\llvm\llvm_pipeline.vcxproj]
C:\LLVM\include\llvm\Support\JSON.h(739,11): warning C4244:             _Ty=int64_t [C:\s\s_language\build\compiler\pipeline\llvm\llvm_pipeline.vcxproj]
C:\LLVM\include\llvm\Support\JSON.h(739,11): warning C4244:         ] [C:\s\s_language\build\compiler\pipeline\llvm\llvm_pipeline.vcxproj]
  (compiling source file '../../../../compiler/backends/llvm/llvm_codegen.cpp')
  
C:\LLVM\include\llvm\Analysis\InlineAdvisor.h(118,67): warning C4100: 'Result': unreferenced parameter [C:\s\s_language\build\compiler\pipeline\llvm\llvm_pipeline.vcxproj]
  (compiling source file '../../../../compiler/backends/llvm/llvm_codegen.cpp')
  
C:\LLVM\include\llvm\Analysis\InlineAdvisor.h(185,48): warning C4100: 'SCC': unreferenced parameter [C:\s\s_language\build\compiler\pipeline\llvm\llvm_pipeline.vcxproj]
  (compiling source file '../../../../compiler/backends/llvm/llvm_codegen.cpp')
  
C:\LLVM\include\llvm\Analysis\InlineAdvisor.h(190,47): warning C4100: 'SCC': unreferenced parameter [C:\s\s_language\build\compiler\pipeline\llvm\llvm_pipeline.vcxproj]
  (compiling source file '../../../../compiler/backends/llvm/llvm_codegen.cpp')
  
C:\LLVM\include\llvm\Analysis\InlineAdvisor.h(308,48): warning C4100: 'MAM': unreferenced parameter [C:\s\s_language\build\compiler\pipeline\llvm\llvm_pipeline.vcxproj]
  (compiling source file '../../../../compiler/backends/llvm/llvm_codegen.cpp')
  
C:\LLVM\include\llvm\Analysis\InlineAdvisor.h(308,22): warning C4100: 'M': unreferenced parameter [C:\s\s_language\build\compiler\pipeline\llvm\llvm_pipeline.vcxproj]
  (compiling source file '../../../../compiler/backends/llvm/llvm_codegen.cpp')
  
C:\LLVM\include\llvm\IR\DebugInfoMetadata.h(143,22): warning C4244: '=': conversion from 'unsigned int' to 'unsigned short', possible loss of data [C:\s\s_language\build\compiler\pipeline\llvm\llvm_pipeline.vcxproj]
  (compiling source file '../../../../compiler/backends/llvm/llvm_codegen.cpp')
  
C:\LLVM\include\llvm\IR\DebugInfoMetadata.h(164,48): warning C4244: '=': conversion from 'unsigned int' to 'unsigned short', possible loss of data [C:\s\s_language\build\compiler\pipeline\llvm\llvm_pipeline.vcxproj]
  (compiling source file '../../../../compiler/backends/llvm/llvm_codegen.cpp')
  
C:\LLVM\include\llvm\IR\DebugInfoMetadata.h(724,22): warning C4458: declaration of 'Line' hides class member [C:\s\s_language\build\compiler\pipeline\llvm\llvm_pipeline.vcxproj]
  (compiling source file '../../../../compiler/backends/llvm/llvm_codegen.cpp')
      C:\LLVM\include\llvm\IR\DebugInfoMetadata.h(710,12):
      see declaration of 'llvm::DIType::Line'
  
C:\LLVM\include\llvm\IR\DebugInfoMetadata.h(724,37): warning C4458: declaration of 'SizeInBits' hides class member [C:\s\s_language\build\compiler\pipeline\llvm\llvm_pipeline.vcxproj]
  (compiling source file '../../../../compiler/backends/llvm/llvm_codegen.cpp')
      C:\LLVM\include\llvm\IR\DebugInfoMetadata.h(712,12):
      see declaration of 'llvm::DIType::SizeInBits'
  
C:\LLVM\include\llvm\IR\DebugInfoMetadata.h(725,22): warning C4458: declaration of 'OffsetInBits' hides class member [C:\s\s_language\build\compiler\pipeline\llvm\llvm_pipeline.vcxproj]
  (compiling source file '../../../../compiler/backends/llvm/llvm_codegen.cpp')
      C:\LLVM\include\llvm\IR\DebugInfoMetadata.h(713,12):
      see declaration of 'llvm::DIType::OffsetInBits'
  
C:\LLVM\include\llvm\IR\DebugInfoMetadata.h(725,44): warning C4458: declaration of 'Flags' hides class member [C:\s\s_language\build\compiler\pipeline\llvm\llvm_pipeline.vcxproj]
  (compiling source file '../../../../compiler/backends/llvm/llvm_codegen.cpp')
      C:\LLVM\include\llvm\IR\DebugInfoMetadata.h(711,11):
      see declaration of 'llvm::DIType::Flags'
  
C:\LLVM\include\llvm\IR\DebugInfoMetadata.h(734,38): warning C4458: declaration of 'Line' hides class member [C:\s\s_language\build\compiler\pipeline\llvm\llvm_pipeline.vcxproj]
  (compiling source file '../../../../compiler/backends/llvm/llvm_codegen.cpp')
      C:\LLVM\include\llvm\IR\DebugInfoMetadata.h(710,12):
      see declaration of 'llvm::DIType::Line'
  
C:\LLVM\include\llvm\IR\DebugInfoMetadata.h(734,53): warning C4458: declaration of 'SizeInBits' hides class member [C:\s\s_language\build\compiler\pipeline\llvm\llvm_pipeline.vcxproj]
  (compiling source file '../../../../compiler/backends/llvm/llvm_codegen.cpp')
      C:\LLVM\include\llvm\IR\DebugInfoMetadata.h(712,12):
      see declaration of 'llvm::DIType::SizeInBits'
  
C:\LLVM\include\llvm\IR\DebugInfoMetadata.h(735,46): warning C4458: declaration of 'OffsetInBits' hides class member [C:\s\s_language\build\compiler\pipeline\llvm\llvm_pipeline.vcxproj]
  (compiling source file '../../../../compiler/backends/llvm/llvm_codegen.cpp')
      C:\LLVM\include\llvm\IR\DebugInfoMetadata.h(713,12):
      see declaration of 'llvm::DIType::OffsetInBits'
  
C:\LLVM\include\llvm\IR\DebugInfoMetadata.h(735,68): warning C4458: declaration of 'Flags' hides class member [C:\s\s_language\build\compiler\pipeline\llvm\llvm_pipeline.vcxproj]
  (compiling source file '../../../../compiler/backends/llvm/llvm_codegen.cpp')
      C:\LLVM\include\llvm\IR\DebugInfoMetadata.h(711,11):
      see declaration of 'llvm::DIType::Flags'
  
C:\LLVM\include\llvm\IR\DebugInfoMetadata.h(1110,38): warning C4458: declaration of 'Line' hides class member [C:\s\s_language\build\compiler\pipeline\llvm\llvm_pipeline.vcxproj]
  (compiling source file '../../../../compiler/backends/llvm/llvm_codegen.cpp')
      C:\LLVM\include\llvm\IR\DebugInfoMetadata.h(710,12):
      see declaration of 'llvm::DIType::Line'
  
C:\LLVM\include\llvm\IR\DebugInfoMetadata.h(1110,53): warning C4458: declaration of 'RuntimeLang' hides class member [C:\s\s_language\build\compiler\pipeline\llvm\llvm_pipeline.vcxproj]
  (compiling source file '../../../../compiler/backends/llvm/llvm_codegen.cpp')
      C:\LLVM\include\llvm\IR\DebugInfoMetadata.h(1098,12):
      see declaration of 'llvm::DICompositeType::RuntimeLang'
  
C:\LLVM\include\llvm\IR\DebugInfoMetadata.h(1111,24): warning C4458: declaration of 'SizeInBits' hides class member [C:\s\s_language\build\compiler\pipeline\llvm\llvm_pipeline.vcxproj]
  (compiling source file '../../../../compiler/backends/llvm/llvm_codegen.cpp')
      C:\LLVM\include\llvm\IR\DebugInfoMetadata.h(712,12):
      see declaration of 'llvm::DIType::SizeInBits'
  
C:\LLVM\include\llvm\IR\DebugInfoMetadata.h(1111,67): warning C4458: declaration of 'OffsetInBits' hides class member [C:\s\s_language\build\compiler\pipeline\llvm\llvm_pipeline.vcxproj]
  (compiling source file '../../../../compiler/backends/llvm/llvm_codegen.cpp')
      C:\LLVM\include\llvm\IR\DebugInfoMetadata.h(713,12):
      see declaration of 'llvm::DIType::OffsetInBits'
  
C:\LLVM\include\llvm\IR\DebugInfoMetadata.h(1112,23): warning C4458: declaration of 'Flags' hides class member [C:\s\s_language\build\compiler\pipeline\llvm\llvm_pipeline.vcxproj]
  (compiling source file '../../../../compiler/backends/llvm/llvm_codegen.cpp')
      C:\LLVM\include\llvm\IR\DebugInfoMetadata.h(711,11):
      see declaration of 'llvm::DIType::Flags'
  
C:\LLVM\include\llvm\IR\DebugInfoMetadata.h(1354,44): warning C4458: declaration of 'CC' hides class member [C:\s\s_language\build\compiler\pipeline\llvm\llvm_pipeline.vcxproj]
  (compiling source file '../../../../compiler/backends/llvm/llvm_codegen.cpp')
      C:\LLVM\include\llvm\IR\DebugInfoMetadata.h(1323,11):
      see declaration of 'llvm::DISubroutineType::CC'
  
C:\LLVM\include\llvm\IR\DebugInfoMetadata.h(1532,35): warning C4458: declaration of 'SplitDebugInlining' hides class member [C:\s\s_language\build\compiler\pipeline\llvm\llvm_pipeline.vcxproj]
  (compiling source file '../../../../compiler/backends/llvm/llvm_codegen.cpp')
      C:\LLVM\include\llvm\IR\DebugInfoMetadata.h(1407,8):
      see declaration of 'llvm::DICompileUnit::SplitDebugInlining'
  
C:\LLVM\include\llvm\IR\DebugInfoMetadata.h(2190,15): warning C4244: 'initializing': conversion from 'unsigned int' to 'uint16_t', possible loss of data [C:\s\s_language\build\compiler\pipeline\llvm\llvm_pipeline.vcxproj]
  (compiling source file '../../../../compiler/backends/llvm/llvm_codegen.cpp')
  
C:\LLVM\include\llvm\IR\DebugInfoMetadata.h(2687,57): warning C4267: 'return': conversion from 'size_t' to 'unsigned int', possible loss of data [C:\s\s_language\build\compiler\pipeline\llvm\llvm_pipeline.vcxproj]
  (compiling source file '../../../../compiler/backends/llvm/llvm_codegen.cpp')
  
C:\LLVM\include\llvm\IR\DebugInfoMetadata.h(3604,22): warning C4244: '=': conversion from 'unsigned int' to 'unsigned short', possible loss of data [C:\s\s_language\build\compiler\pipeline\llvm\llvm_pipeline.vcxproj]
  (compiling source file '../../../../compiler/backends/llvm/llvm_codegen.cpp')
  
C:\LLVM\include\llvm\IR\DebugInfoMetadata.h(3877,24): warning C4267: 'return': conversion from 'size_t' to 'unsigned int', possible loss of data [C:\s\s_language\build\compiler\pipeline\llvm\llvm_pipeline.vcxproj]
  (compiling source file '../../../../compiler/backends/llvm/llvm_codegen.cpp')
  
C:\LLVM\include\llvm\Transforms\Instrumentation.h(175,10): warning C4244: 'return': conversion from 'uint64_t' to 'uint32_t', possible loss of data [C:\s\s_language\build\compiler\pipeline\llvm\llvm_pipeline.vcxproj]
  (compiling source file '../../../../compiler/backends/llvm/llvm_codegen.cpp')
  
C:\LLVM\include\llvm\ADT\SmallVector.h(1130,23): warning C4324: 'llvm::SmallVectorStorage<T,0>': structure was padded due to alignment specifier [C:\s\s_language\build\compiler\pipeline\llvm\llvm_pipeline.vcxproj]
C:\LLVM\include\llvm\ADT\SmallVector.h(1130,23): warning C4324:         with [C:\s\s_language\build\compiler\pipeline\llvm\llvm_pipeline.vcxproj]
C:\LLVM\include\llvm\ADT\SmallVector.h(1130,23): warning C4324:         [ [C:\s\s_language\build\compiler\pipeline\llvm\llvm_pipeline.vcxproj]
C:\LLVM\include\llvm\ADT\SmallVector.h(1130,23): warning C4324:             T=const llvm::Instruction * [C:\s\s_language\build\compiler\pipeline\llvm\llvm_pipeline.vcxproj]
C:\LLVM\include\llvm\ADT\SmallVector.h(1130,23): warning C4324:         ] [C:\s\s_language\build\compiler\pipeline\llvm\llvm_pipeline.vcxproj]
  (compiling source file '../../../../compiler/backends/llvm/llvm_codegen.cpp')
      C:\LLVM\include\llvm\ADT\SmallVector.h(1130,23):
      the template instantiation context (the oldest one first) is
          C:\LLVM\include\llvm\ADT\SmallVector.h(1207,71):
          see reference to class template instantiation 'llvm::CalculateSmallVectorDefaultInlinedElements<T>' being compiled
          with
          [
              T=const llvm::Instruction *
          ]
          C:\LLVM\include\llvm\ADT\SmallVector.h(1184,43):
          see reference to class template instantiation 'llvm::SmallVector<T,0>' being compiled
          with
          [
              T=const llvm::Instruction *
          ]
          C:\LLVM\include\llvm\ADT\SmallVector.h(1209,36):
          see reference to class template instantiation 'llvm::SmallVectorStorage<T,0>' being compiled
          with
          [
              T=const llvm::Instruction *
          ]
  
C:\LLVM\include\llvm\IR\IntrinsicInst.h(261,63): warning C4267: 'return': conversion from 'size_t' to 'unsigned int', possible loss of data [C:\s\s_language\build\compiler\pipeline\llvm\llvm_pipeline.vcxproj]
  (compiling source file '../../../../compiler/backends/llvm/llvm_codegen.cpp')
  
C:\LLVM\include\llvm\IR\IntrinsicInst.h(1071,52): warning C4244: 'return': conversion from 'uint64_t' to 'uint32_t', possible loss of data [C:\s\s_language\build\compiler\pipeline\llvm\llvm_pipeline.vcxproj]
  (compiling source file '../../../../compiler/backends/llvm/llvm_codegen.cpp')
  
C:\LLVM\include\llvm\IR\IntrinsicInst.h(1690,61): warning C4244: 'return': conversion from 'uint64_t' to 'unsigned int', possible loss of data [C:\s\s_language\build\compiler\pipeline\llvm\llvm_pipeline.vcxproj]
  (compiling source file '../../../../compiler/backends/llvm/llvm_codegen.cpp')
  
C:\LLVM\include\llvm\IR\IntrinsicInst.h(1696,61): warning C4244: 'return': conversion from 'uint64_t' to 'unsigned int', possible loss of data [C:\s\s_language\build\compiler\pipeline\llvm\llvm_pipeline.vcxproj]
  (compiling source file '../../../../compiler/backends/llvm/llvm_codegen.cpp')
  
C:\LLVM\include\llvm\ADT\FoldingSet.h(344,22): warning C4127: conditional expression is constant [C:\s\s_language\build\compiler\pipeline\llvm\llvm_pipeline.vcxproj]
  (compiling source file '../../../../compiler/backends/llvm/llvm_codegen.cpp')
      C:\LLVM\include\llvm\ADT\FoldingSet.h(344,22):
      consider using 'if constexpr' statement instead
  
C:\LLVM\include\llvm\ADT\FoldingSet.h(346,27): warning C4127: conditional expression is constant [C:\s\s_language\build\compiler\pipeline\llvm\llvm_pipeline.vcxproj]
  (compiling source file '../../../../compiler/backends/llvm/llvm_codegen.cpp')
      C:\LLVM\include\llvm\ADT\FoldingSet.h(346,27):
      consider using 'if constexpr' statement instead
  
C:\LLVM\include\llvm\Analysis\ScalarEvolution.h(191,40): warning C4100: 'TempID': unreferenced parameter [C:\s\s_language\build\compiler\pipeline\llvm\llvm_pipeline.vcxproj]
  (compiling source file '../../../../compiler/backends/llvm/llvm_codegen.cpp')
  
C:\LLVM\include\llvm\Analysis\ScalarEvolution.h(190,74): warning C4100: 'IDHash': unreferenced parameter [C:\s\s_language\build\compiler\pipeline\llvm\llvm_pipeline.vcxproj]
  (compiling source file '../../../../compiler/backends/llvm/llvm_codegen.cpp')
  
C:\LLVM\include\llvm\Analysis\ScalarEvolution.h(195,64): warning C4100: 'TempID': unreferenced parameter [C:\s\s_language\build\compiler\pipeline\llvm\llvm_pipeline.vcxproj]
  (compiling source file '../../../../compiler/backends/llvm/llvm_codegen.cpp')
  
C:\LLVM\include\llvm\Analysis\ScalarEvolution.h(269,57): warning C4100: 'TempID': unreferenced parameter [C:\s\s_language\build\compiler\pipeline\llvm\llvm_pipeline.vcxproj]
  (compiling source file '../../../../compiler/backends/llvm/llvm_codegen.cpp')
  
C:\LLVM\include\llvm\Analysis\ScalarEvolution.h(269,31): warning C4100: 'IDHash': unreferenced parameter [C:\s\s_language\build\compiler\pipeline\llvm\llvm_pipeline.vcxproj]
  (compiling source file '../../../../compiler/backends/llvm/llvm_codegen.cpp')
  
C:\LLVM\include\llvm\Analysis\ScalarEvolution.h(274,49): warning C4100: 'TempID': unreferenced parameter [C:\s\s_language\build\compiler\pipeline\llvm\llvm_pipeline.vcxproj]
  (compiling source file '../../../../compiler/backends/llvm/llvm_codegen.cpp')
  
C:\LLVM\include\llvm\Analysis\ScalarEvolution.h(441,62): warning C4267: 'return': conversion from 'size_t' to 'unsigned int', possible loss of data [C:\s\s_language\build\compiler\pipeline\llvm\llvm_pipeline.vcxproj]
  (compiling source file '../../../../compiler/backends/llvm/llvm_codegen.cpp')
  
C:\LLVM\include\llvm\Analysis\ScalarEvolution.h(665,61): warning C4244: 'argument': conversion from 'uint64_t' to 'unsigned int', possible loss of data [C:\s\s_language\build\compiler\pipeline\llvm\llvm_pipeline.vcxproj]
  (compiling source file '../../../../compiler/backends/llvm/llvm_codegen.cpp')
  
C:\LLVM\include\llvm\Analysis\ScalarEvolution.h(670,28): warning C4245: 'argument': conversion from 'int' to 'uint64_t', signed/unsigned mismatch [C:\s\s_language\build\compiler\pipeline\llvm\llvm_pipeline.vcxproj]
  (compiling source file '../../../../compiler/backends/llvm/llvm_codegen.cpp')
  
C:\LLVM\include\llvm\Analysis\ScalarEvolution.h(1340,67): warning C4244: 'argument': conversion from 'uintptr_t' to 'unsigned int', possible loss of data [C:\s\s_language\build\compiler\pipeline\llvm\llvm_pipeline.vcxproj]
  (compiling source file '../../../../compiler/backends/llvm/llvm_codegen.cpp')
  
C:\LLVM\include\llvm\Analysis\ScalarEvolution.h(1339,67): warning C4244: 'argument': conversion from 'uintptr_t' to 'unsigned int', possible loss of data [C:\s\s_language\build\compiler\pipeline\llvm\llvm_pipeline.vcxproj]
  (compiling source file '../../../../compiler/backends/llvm/llvm_codegen.cpp')
  
C:\LLVM\include\llvm\Support\SourceMgr.h(130,55): warning C4267: 'return': conversion from 'size_t' to 'unsigned int', possible loss of data [C:\s\s_language\build\compiler\pipeline\llvm\llvm_pipeline.vcxproj]
  (compiling source file '../../../../compiler/backends/llvm/llvm_codegen.cpp')
  
C:\LLVM\include\llvm\Support\SourceMgr.h(150,24): warning C4267: 'return': conversion from 'size_t' to 'unsigned int', possible loss of data [C:\s\s_language\build\compiler\pipeline\llvm\llvm_pipeline.vcxproj]
  (compiling source file '../../../../compiler/backends/llvm/llvm_codegen.cpp')
  
C:\LLVM\include\llvm\Analysis\LoopAccessAnalysis.h(297,39): warning C4146: unary minus operator applied to unsigned type, result still unsigned [C:\s\s_language\build\compiler\pipeline\llvm\llvm_pipeline.vcxproj]
  (compiling source file '../../../../compiler/backends/llvm/llvm_codegen.cpp')
  
C:\LLVM\include\llvm\ADT\SmallVector.h(1130,23): warning C4324: 'llvm::SmallVectorStorage<T,0>': structure was padded due to alignment specifier [C:\s\s_language\build\compiler\pipeline\llvm\llvm_pipeline.vcxproj]
C:\LLVM\include\llvm\ADT\SmallVector.h(1130,23): warning C4324:         with [C:\s\s_language\build\compiler\pipeline\llvm\llvm_pipeline.vcxproj]
C:\LLVM\include\llvm\ADT\SmallVector.h(1130,23): warning C4324:         [ [C:\s\s_language\build\compiler\pipeline\llvm\llvm_pipeline.vcxproj]
C:\LLVM\include\llvm\ADT\SmallVector.h(1130,23): warning C4324:             T=llvm::PointerDiffInfo [C:\s\s_language\build\compiler\pipeline\llvm\llvm_pipeline.vcxproj]
C:\LLVM\include\llvm\ADT\SmallVector.h(1130,23): warning C4324:         ] [C:\s\s_language\build\compiler\pipeline\llvm\llvm_pipeline.vcxproj]
  (compiling source file '../../../../compiler/backends/llvm/llvm_codegen.cpp')
      C:\LLVM\include\llvm\ADT\SmallVector.h(1130,23):
      the template instantiation context (the oldest one first) is
          C:\LLVM\include\llvm\ADT\SmallVector.h(1207,71):
          see reference to class template instantiation 'llvm::CalculateSmallVectorDefaultInlinedElements<T>' being compiled
          with
          [
              T=llvm::PointerDiffInfo
          ]
          C:\LLVM\include\llvm\ADT\SmallVector.h(1184,43):
          see reference to class template instantiation 'llvm::SmallVector<T,0>' being compiled
          with
          [
              T=llvm::PointerDiffInfo
          ]
          C:\LLVM\include\llvm\ADT\SmallVector.h(1209,36):
          see reference to class template instantiation 'llvm::SmallVectorStorage<T,0>' being compiled
          with
          [
              T=llvm::PointerDiffInfo
          ]
  
C:\LLVM\include\llvm\Analysis\LoopAccessAnalysis.h(483,58): warning C4267: 'return': conversion from 'size_t' to 'unsigned int', possible loss of data [C:\s\s_language\build\compiler\pipeline\llvm\llvm_pipeline.vcxproj]
  (compiling source file '../../../../compiler/backends/llvm/llvm_codegen.cpp')
  
C:\LLVM\include\llvm\ADT\SmallVector.h(1130,23): warning C4324: 'llvm::SmallVectorStorage<T,0>': structure was padded due to alignment specifier [C:\s\s_language\build\compiler\pipeline\llvm\llvm_pipeline.vcxproj]
C:\LLVM\include\llvm\ADT\SmallVector.h(1130,23): warning C4324:         with [C:\s\s_language\build\compiler\pipeline\llvm\llvm_pipeline.vcxproj]
C:\LLVM\include\llvm\ADT\SmallVector.h(1130,23): warning C4324:         [ [C:\s\s_language\build\compiler\pipeline\llvm\llvm_pipeline.vcxproj]
C:\LLVM\include\llvm\ADT\SmallVector.h(1130,23): warning C4324:             T=llvm::StoreInst * [C:\s\s_language\build\compiler\pipeline\llvm\llvm_pipeline.vcxproj]
C:\LLVM\include\llvm\ADT\SmallVector.h(1130,23): warning C4324:         ] [C:\s\s_language\build\compiler\pipeline\llvm\llvm_pipeline.vcxproj]
  (compiling source file '../../../../compiler/backends/llvm/llvm_codegen.cpp')
      C:\LLVM\include\llvm\ADT\SmallVector.h(1130,23):
      the template instantiation context (the oldest one first) is
          C:\LLVM\include\llvm\ADT\SmallVector.h(1207,71):
          see reference to class template instantiation 'llvm::CalculateSmallVectorDefaultInlinedElements<T>' being compiled
          with
          [
              T=llvm::StoreInst *
          ]
          C:\LLVM\include\llvm\ADT\SmallVector.h(1184,43):
          see reference to class template instantiation 'llvm::SmallVector<T,0>' being compiled
          with
          [
              T=llvm::StoreInst *
          ]
          C:\LLVM\include\llvm\ADT\SmallVector.h(1209,36):
          see reference to class template instantiation 'llvm::SmallVectorStorage<T,0>' being compiled
          with
          [
              T=llvm::StoreInst *
          ]
  
C:\LLVM\include\llvm\ADT\SmallVector.h(1130,23): warning C4324: 'llvm::SmallVectorStorage<T,0>': structure was padded due to alignment specifier [C:\s\s_language\build\compiler\pipeline\llvm\llvm_pipeline.vcxproj]
C:\LLVM\include\llvm\ADT\SmallVector.h(1130,23): warning C4324:         with [C:\s\s_language\build\compiler\pipeline\llvm\llvm_pipeline.vcxproj]
C:\LLVM\include\llvm\ADT\SmallVector.h(1130,23): warning C4324:         [ [C:\s\s_language\build\compiler\pipeline\llvm\llvm_pipeline.vcxproj]
C:\LLVM\include\llvm\ADT\SmallVector.h(1130,23): warning C4324:             T=llvm::Instruction * [C:\s\s_language\build\compiler\pipeline\llvm\llvm_pipeline.vcxproj]
C:\LLVM\include\llvm\ADT\SmallVector.h(1130,23): warning C4324:         ] [C:\s\s_language\build\compiler\pipeline\llvm\llvm_pipeline.vcxproj]
  (compiling source file '../../../../compiler/backends/llvm/llvm_codegen.cpp')
      C:\LLVM\include\llvm\ADT\SmallVector.h(1130,23):
      the template instantiation context (the oldest one first) is
          C:\LLVM\include\llvm\ADT\SmallVector.h(1207,71):
          see reference to class template instantiation 'llvm::CalculateSmallVectorDefaultInlinedElements<T>' being compiled
          with
          [
              T=llvm::Instruction *
          ]
          C:\LLVM\include\llvm\ADT\SmallVector.h(1184,43):
          see reference to class template instantiation 'llvm::SmallVector<T,0>' being compiled
          with
          [
              T=llvm::Instruction *
          ]
          C:\LLVM\include\llvm\ADT\SmallVector.h(1209,36):
          see reference to class template instantiation 'llvm::SmallVectorStorage<T,0>' being compiled
          with
          [
              T=llvm::Instruction *
          ]
  
C:\LLVM\include\llvm\Passes\PassBuilder.h(787,33): warning C4100: 'M': unreferenced parameter [C:\s\s_language\build\compiler\pipeline\llvm\llvm_pipeline.vcxproj]
  (compiling source file '../../../../compiler/backends/llvm/llvm_codegen.cpp')
  
C:\LLVM\include\llvm\Passes\PassBuilder.h(805,61): warning C4100: 'UR': unreferenced parameter [C:\s\s_language\build\compiler\pipeline\llvm\llvm_pipeline.vcxproj]
  (compiling source file '../../../../compiler/backends/llvm/llvm_codegen.cpp')
  
C:\LLVM\include\llvm\Passes\PassBuilder.h(804,45): warning C4100: 'C': unreferenced parameter [C:\s\s_language\build\compiler\pipeline\llvm\llvm_pipeline.vcxproj]
  (compiling source file '../../../../compiler/backends/llvm/llvm_codegen.cpp')
  
C:\LLVM\include\llvm\Passes\PassBuilder.h(817,75): warning C4100: 'G': unreferenced parameter [C:\s\s_language\build\compiler\pipeline\llvm\llvm_pipeline.vcxproj]
  (compiling source file '../../../../compiler/backends/llvm/llvm_codegen.cpp')
  
C:\LLVM\include\llvm\Passes\PassBuilder.h(824,35): warning C4100: 'F': unreferenced parameter [C:\s\s_language\build\compiler\pipeline\llvm\llvm_pipeline.vcxproj]
  (compiling source file '../../../../compiler/backends/llvm/llvm_codegen.cpp')
  
C:\LLVM\include\llvm\Passes\PassBuilder.h(841,35): warning C4100: 'L': unreferenced parameter [C:\s\s_language\build\compiler\pipeline\llvm\llvm_pipeline.vcxproj]
  (compiling source file '../../../../compiler/backends/llvm/llvm_codegen.cpp')
  
C:\LLVM\include\llvm\Passes\PassBuilder.h(849,31): warning C4100: 'L': unreferenced parameter [C:\s\s_language\build\compiler\pipeline\llvm\llvm_pipeline.vcxproj]
  (compiling source file '../../../../compiler/backends/llvm/llvm_codegen.cpp')
  
C:\LLVM\include\llvm\ADT\SmallBitVector.h(343,15): warning C4244: 'argument': conversion from 'llvm::SmallBitVector::size_type' to 'unsigned int', possible loss of data [C:\s\s_language\build\compiler\pipeline\llvm\llvm_pipeline.vcxproj]
  (compiling source file '../../../../compiler/backends/llvm/llvm_codegen.cpp')
  
C:\LLVM\include\llvm\ADT\SmallBitVector.h(353,39): warning C4244: 'argument': conversion from 'llvm::SmallBitVector::size_type' to 'unsigned int', possible loss of data [C:\s\s_language\build\compiler\pipeline\llvm\llvm_pipeline.vcxproj]
  (compiling source file '../../../../compiler/backends/llvm/llvm_codegen.cpp')
  
C:\LLVM\include\llvm\ADT\SmallBitVector.h(356,21): warning C4244: 'argument': conversion from 'llvm::SmallBitVector::size_type' to 'unsigned int', possible loss of data [C:\s\s_language\build\compiler\pipeline\llvm\llvm_pipeline.vcxproj]
  (compiling source file '../../../../compiler/backends/llvm/llvm_codegen.cpp')
  
C:\LLVM\include\llvm\ADT\SmallBitVector.h(469,27): warning C4244: 'argument': conversion from 'llvm::SmallBitVector::size_type' to 'unsigned int', possible loss of data [C:\s\s_language\build\compiler\pipeline\llvm\llvm_pipeline.vcxproj]
  (compiling source file '../../../../compiler/backends/llvm/llvm_codegen.cpp')
  
C:\LLVM\include\llvm\ADT\SmallBitVector.h(478,19): warning C4244: 'argument': conversion from 'llvm::SmallBitVector::size_type' to 'unsigned int', possible loss of data [C:\s\s_language\build\compiler\pipeline\llvm\llvm_pipeline.vcxproj]
  (compiling source file '../../../../compiler/backends/llvm/llvm_codegen.cpp')
  
C:\LLVM\include\llvm\ADT\SmallBitVector.h(484,19): warning C4244: 'argument': conversion from 'llvm::SmallBitVector::size_type' to 'unsigned int', possible loss of data [C:\s\s_language\build\compiler\pipeline\llvm\llvm_pipeline.vcxproj]
  (compiling source file '../../../../compiler/backends/llvm/llvm_codegen.cpp')
  
C:\LLVM\include\llvm\ADT\SmallBitVector.h(494,28): warning C4267: 'initializing': conversion from 'size_t' to 'unsigned int', possible loss of data [C:\s\s_language\build\compiler\pipeline\llvm\llvm_pipeline.vcxproj]
  (compiling source file '../../../../compiler/backends/llvm/llvm_codegen.cpp')
  
C:\LLVM\include\llvm\ADT\SmallBitVector.h(510,21): warning C4244: 'argument': conversion from 'llvm::SmallBitVector::size_type' to 'unsigned int', possible loss of data [C:\s\s_language\build\compiler\pipeline\llvm\llvm_pipeline.vcxproj]
  (compiling source file '../../../../compiler/backends/llvm/llvm_codegen.cpp')
  
C:\LLVM\include\llvm\ADT\SmallBitVector.h(510,31): warning C4244: 'argument': conversion from 'llvm::SmallBitVector::size_type' to 'unsigned int', possible loss of data [C:\s\s_language\build\compiler\pipeline\llvm\llvm_pipeline.vcxproj]
  (compiling source file '../../../../compiler/backends/llvm/llvm_codegen.cpp')
  
C:\LLVM\include\llvm\ADT\SmallBitVector.h(524,20): warning C4267: 'argument': conversion from 'size_t' to 'unsigned int', possible loss of data [C:\s\s_language\build\compiler\pipeline\llvm\llvm_pipeline.vcxproj]
  (compiling source file '../../../../compiler/backends/llvm/llvm_codegen.cpp')
  
C:\LLVM\include\llvm\ADT\SmallBitVector.h(532,17): warning C4244: 'argument': conversion from 'llvm::SmallBitVector::size_type' to 'unsigned int', possible loss of data [C:\s\s_language\build\compiler\pipeline\llvm\llvm_pipeline.vcxproj]
  (compiling source file '../../../../compiler/backends/llvm/llvm_codegen.cpp')
  
C:\LLVM\include\llvm\ADT\SmallBitVector.h(532,27): warning C4244: 'argument': conversion from 'llvm::SmallBitVector::size_type' to 'unsigned int', possible loss of data [C:\s\s_language\build\compiler\pipeline\llvm\llvm_pipeline.vcxproj]
  (compiling source file '../../../../compiler/backends/llvm/llvm_codegen.cpp')
  
C:\LLVM\include\llvm\ADT\SmallBitVector.h(532,42): warning C4244: 'argument': conversion from 'llvm::SmallBitVector::size_type' to 'unsigned int', possible loss of data [C:\s\s_language\build\compiler\pipeline\llvm\llvm_pipeline.vcxproj]
  (compiling source file '../../../../compiler/backends/llvm/llvm_codegen.cpp')
  
C:\LLVM\include\llvm\ADT\SmallBitVector.h(534,15): warning C4244: 'argument': conversion from 'llvm::SmallBitVector::size_type' to 'unsigned int', possible loss of data [C:\s\s_language\build\compiler\pipeline\llvm\llvm_pipeline.vcxproj]
  (compiling source file '../../../../compiler/backends/llvm/llvm_codegen.cpp')
  
C:\LLVM\include\llvm\ADT\SmallBitVector.h(546,30): warning C4267: 'initializing': conversion from 'size_t' to 'unsigned int', possible loss of data [C:\s\s_language\build\compiler\pipeline\llvm\llvm_pipeline.vcxproj]
  (compiling source file '../../../../compiler/backends/llvm/llvm_codegen.cpp')
  
C:\LLVM\include\llvm\ADT\SmallBitVector.h(561,29): warning C4267: '=': conversion from 'size_t' to 'unsigned int', possible loss of data [C:\s\s_language\build\compiler\pipeline\llvm\llvm_pipeline.vcxproj]
  (compiling source file '../../../../compiler/backends/llvm/llvm_codegen.cpp')
  
C:\LLVM\include\llvm\ADT\SmallBitVector.h(565,18): warning C4244: '=': conversion from 'llvm::SmallBitVector::size_type' to 'unsigned int', possible loss of data [C:\s\s_language\build\compiler\pipeline\llvm\llvm_pipeline.vcxproj]
  (compiling source file '../../../../compiler/backends/llvm/llvm_codegen.cpp')
  
C:\LLVM\include\llvm\ADT\SmallBitVector.h(573,20): warning C4267: 'argument': conversion from 'size_t' to 'unsigned int', possible loss of data [C:\s\s_language\build\compiler\pipeline\llvm\llvm_pipeline.vcxproj]
  (compiling source file '../../../../compiler/backends/llvm/llvm_codegen.cpp')
  
C:\LLVM\include\llvm\ADT\SmallBitVector.h(580,17): warning C4244: 'argument': conversion from 'llvm::SmallBitVector::size_type' to 'unsigned int', possible loss of data [C:\s\s_language\build\compiler\pipeline\llvm\llvm_pipeline.vcxproj]
  (compiling source file '../../../../compiler/backends/llvm/llvm_codegen.cpp')
  
C:\LLVM\include\llvm\ADT\SmallBitVector.h(580,27): warning C4244: 'argument': conversion from 'llvm::SmallBitVector::size_type' to 'unsigned int', possible loss of data [C:\s\s_language\build\compiler\pipeline\llvm\llvm_pipeline.vcxproj]
  (compiling source file '../../../../compiler/backends/llvm/llvm_codegen.cpp')
  
C:\LLVM\include\llvm\ADT\SmallBitVector.h(580,42): warning C4244: 'argument': conversion from 'llvm::SmallBitVector::size_type' to 'unsigned int', possible loss of data [C:\s\s_language\build\compiler\pipeline\llvm\llvm_pipeline.vcxproj]
  (compiling source file '../../../../compiler/backends/llvm/llvm_codegen.cpp')
  
C:\LLVM\include\llvm\ADT\SmallBitVector.h(586,20): warning C4267: 'argument': conversion from 'size_t' to 'unsigned int', possible loss of data [C:\s\s_language\build\compiler\pipeline\llvm\llvm_pipeline.vcxproj]
  (compiling source file '../../../../compiler/backends/llvm/llvm_codegen.cpp')
  
C:\LLVM\include\llvm\ADT\SmallBitVector.h(593,17): warning C4244: 'argument': conversion from 'llvm::SmallBitVector::size_type' to 'unsigned int', possible loss of data [C:\s\s_language\build\compiler\pipeline\llvm\llvm_pipeline.vcxproj]
  (compiling source file '../../../../compiler/backends/llvm/llvm_codegen.cpp')
  
C:\LLVM\include\llvm\ADT\SmallBitVector.h(593,27): warning C4244: 'argument': conversion from 'llvm::SmallBitVector::size_type' to 'unsigned int', possible loss of data [C:\s\s_language\build\compiler\pipeline\llvm\llvm_pipeline.vcxproj]
  (compiling source file '../../../../compiler/backends/llvm/llvm_codegen.cpp')
  
C:\LLVM\include\llvm\ADT\SmallBitVector.h(593,42): warning C4244: 'argument': conversion from 'llvm::SmallBitVector::size_type' to 'unsigned int', possible loss of data [C:\s\s_language\build\compiler\pipeline\llvm\llvm_pipeline.vcxproj]
  (compiling source file '../../../../compiler/backends/llvm/llvm_codegen.cpp')
  
C:\s\s_language\compiler\backends\llvm\llvm_codegen.cpp(97,29): error C3083: 'TargetRegistry': the symbol to the left of a '::' must be a type [C:\s\s_language\build\compiler\pipeline\llvm\llvm_pipeline.vcxproj]
C:\s\s_language\compiler\backends\llvm\llvm_codegen.cpp(97,45): error C2039: 'lookupTarget': is not a member of 'llvm' [C:\s\s_language\build\compiler\pipeline\llvm\llvm_pipeline.vcxproj]
      C:\LLVM\include\llvm\TargetParser\Host.h(18,11):
      see declaration of 'llvm'
  
C:\s\s_language\compiler\backends\llvm\llvm_codegen.cpp(97,45): error C3861: 'lookupTarget': identifier not found [C:\s\s_language\build\compiler\pipeline\llvm\llvm_pipeline.vcxproj]
C:\s\s_language\compiler\backends\llvm\llvm_codegen.cpp(110,19): error C2039: 'Optional': is not a member of 'llvm' [C:\s\s_language\build\compiler\pipeline\llvm\llvm_pipeline.vcxproj]
      C:\LLVM\include\llvm\TargetParser\Host.h(18,11):
      see declaration of 'llvm'
  
C:\s\s_language\compiler\backends\llvm\llvm_codegen.cpp(110,19): error C2065: 'Optional': undeclared identifier [C:\s\s_language\build\compiler\pipeline\llvm\llvm_pipeline.vcxproj]
C:\s\s_language\compiler\backends\llvm\llvm_codegen.cpp(110,41): error C2275: 'llvm::Reloc::Model': expected an expression instead of a type [C:\s\s_language\build\compiler\pipeline\llvm\llvm_pipeline.vcxproj]
C:\s\s_language\compiler\backends\llvm\llvm_codegen.cpp(110,48): error C2059: syntax error: ')' [C:\s\s_language\build\compiler\pipeline\llvm\llvm_pipeline.vcxproj]
C:\s\s_language\compiler\backends\llvm\llvm_codegen.cpp(83,19): warning C4996: 'llvm::LLVMContext::setOpaquePointers': Opaque pointers are always enabled [C:\s\s_language\build\compiler\pipeline\llvm\llvm_pipeline.vcxproj]
C:\s\s_language\compiler\backends\llvm\llvm_codegen.cpp(340,29): error C2027: use of undefined type 'Sad::LLVM::SIRModule' [C:\s\s_language\build\compiler\pipeline\llvm\llvm_pipeline.vcxproj]
      C:\s\s_language\compiler\backends\llvm\llvm_codegen.h(87,7):
      see declaration of 'Sad::LLVM::SIRModule'
  
C:\s\s_language\compiler\backends\llvm\llvm_codegen.cpp(340,40): error C2039: 'getFunctions': is not a member of 'std::shared_ptr<Sad::LLVM::SIRModule>' [C:\s\s_language\build\compiler\pipeline\llvm\llvm_pipeline.vcxproj]
      C:\Program Files\Microsoft Visual Studio\2022\Community\VC\Tools\MSVC\14.44.35207\include\memory(1565,7):
      see declaration of 'std::shared_ptr<Sad::LLVM::SIRModule>'
  
C:\s\s_language\compiler\backends\llvm\llvm_codegen.cpp(340,22): error C2530: 'func': references must be initialized [C:\s\s_language\build\compiler\pipeline\llvm\llvm_pipeline.vcxproj]
C:\s\s_language\compiler\backends\llvm\llvm_codegen.cpp(340,22): error C3531: 'func': a symbol whose type contains 'auto' must have an initializer [C:\s\s_language\build\compiler\pipeline\llvm\llvm_pipeline.vcxproj]
C:\s\s_language\compiler\backends\llvm\llvm_codegen.cpp(340,27): error C2143: syntax error: missing ';' before ':' [C:\s\s_language\build\compiler\pipeline\llvm\llvm_pipeline.vcxproj]
C:\s\s_language\compiler\backends\llvm\llvm_codegen.cpp(340,54): error C2143: syntax error: missing ';' before ')' [C:\s\s_language\build\compiler\pipeline\llvm\llvm_pipeline.vcxproj]
C:\s\s_language\compiler\backends\llvm\llvm_codegen.cpp(341,9): error C2664: 'llvm::Function *Sad::LLVM::LLVMCodeGen::emitFunctionPrototype(std::shared_ptr<Sad::LLVM::SIRFunction>)': cannot convert argument 1 from '<error type>' to 'std::shared_ptr<Sad::LLVM::SIRFunction>' [C:\s\s_language\build\compiler\pipeline\llvm\llvm_pipeline.vcxproj]
      C:\s\s_language\compiler\backends\llvm\llvm_codegen.cpp(341,31):
      'std::shared_ptr<Sad::LLVM::SIRFunction>::shared_ptr': no overloaded function could convert all the argument types
          C:\Program Files\Microsoft Visual Studio\2022\Community\VC\Tools\MSVC\14.44.35207\include\memory(1578,5):
          could be 'std::shared_ptr<Sad::LLVM::SIRFunction>::shared_ptr(std::nullptr_t) noexcept'
              C:\s\s_language\compiler\backends\llvm\llvm_codegen.cpp(341,31):
              'std::shared_ptr<Sad::LLVM::SIRFunction>::shared_ptr(std::nullptr_t) noexcept': cannot convert argument 1 from '<error type>' to 'std::nullptr_t'
                  C:\s\s_language\compiler\backends\llvm\llvm_codegen.cpp(341,31):
                  only a null pointer constant can be converted to nullptr_t
          C:\Program Files\Microsoft Visual Studio\2022\Community\VC\Tools\MSVC\14.44.35207\include\memory(1673,5):
          or       'std::shared_ptr<Sad::LLVM::SIRFunction>::shared_ptr(std::unique_ptr<_Ux,_Dx> &&)'
          C:\Program Files\Microsoft Visual Studio\2022\Community\VC\Tools\MSVC\14.44.35207\include\memory(1649,5):
          or       'std::shared_ptr<Sad::LLVM::SIRFunction>::shared_ptr(std::shared_ptr<_Ty2> &&) noexcept'
          C:\Program Files\Microsoft Visual Studio\2022\Community\VC\Tools\MSVC\14.44.35207\include\memory(1639,5):
          or       'std::shared_ptr<Sad::LLVM::SIRFunction>::shared_ptr(const std::shared_ptr<_Ty2> &) noexcept'
          C:\Program Files\Microsoft Visual Studio\2022\Community\VC\Tools\MSVC\14.44.35207\include\memory(1629,5):
          or       'std::shared_ptr<Sad::LLVM::SIRFunction>::shared_ptr(std::shared_ptr<_Ty2> &&,Sad::LLVM::SIRFunction *) noexcept'
          C:\Program Files\Microsoft Visual Studio\2022\Community\VC\Tools\MSVC\14.44.35207\include\memory(1623,5):
          or       'std::shared_ptr<Sad::LLVM::SIRFunction>::shared_ptr(const std::shared_ptr<_Ty2> &,Sad::LLVM::SIRFunction *) noexcept'
          C:\Program Files\Microsoft Visual Studio\2022\Community\VC\Tools\MSVC\14.44.35207\include\memory(1618,5):
          or       'std::shared_ptr<Sad::LLVM::SIRFunction>::shared_ptr(std::nullptr_t,_Dx,_Alloc)'
          C:\Program Files\Microsoft Visual Studio\2022\Community\VC\Tools\MSVC\14.44.35207\include\memory(1612,5):
          or       'std::shared_ptr<Sad::LLVM::SIRFunction>::shared_ptr(std::nullptr_t,_Dx)'
          C:\Program Files\Microsoft Visual Studio\2022\Community\VC\Tools\MSVC\14.44.35207\include\memory(1606,5):
          or       'std::shared_ptr<Sad::LLVM::SIRFunction>::shared_ptr(_Ux *,_Dx,_Alloc)'
          C:\Program Files\Microsoft Visual Studio\2022\Community\VC\Tools\MSVC\14.44.35207\include\memory(1598,5):
          or       'std::shared_ptr<Sad::LLVM::SIRFunction>::shared_ptr(_Ux *,_Dx)'
          C:\s\s_language\compiler\backends\llvm\llvm_codegen.cpp(341,31):
          while trying to match the argument list '(<error type>)'
      C:\s\s_language\compiler\backends\llvm\llvm_codegen.h(344,21):
      see declaration of 'Sad::LLVM::LLVMCodeGen::emitFunctionPrototype'
      C:\s\s_language\compiler\backends\llvm\llvm_codegen.cpp(341,9):
      while trying to match the argument list '(<error type>)'
  
C:\s\s_language\compiler\backends\llvm\llvm_codegen.cpp(345,29): error C2027: use of undefined type 'Sad::LLVM::SIRModule' [C:\s\s_language\build\compiler\pipeline\llvm\llvm_pipeline.vcxproj]
      C:\s\s_language\compiler\backends\llvm\llvm_codegen.h(87,7):
      see declaration of 'Sad::LLVM::SIRModule'
  
C:\s\s_language\compiler\backends\llvm\llvm_codegen.cpp(345,40): error C2039: 'getFunctions': is not a member of 'std::shared_ptr<Sad::LLVM::SIRModule>' [C:\s\s_language\build\compiler\pipeline\llvm\llvm_pipeline.vcxproj]
      C:\Program Files\Microsoft Visual Studio\2022\Community\VC\Tools\MSVC\14.44.35207\include\memory(1565,7):
      see declaration of 'std::shared_ptr<Sad::LLVM::SIRModule>'
  
C:\s\s_language\compiler\backends\llvm\llvm_codegen.cpp(345,22): error C2530: 'func': references must be initialized [C:\s\s_language\build\compiler\pipeline\llvm\llvm_pipeline.vcxproj]
C:\s\s_language\compiler\backends\llvm\llvm_codegen.cpp(345,22): error C3531: 'func': a symbol whose type contains 'auto' must have an initializer [C:\s\s_language\build\compiler\pipeline\llvm\llvm_pipeline.vcxproj]
C:\s\s_language\compiler\backends\llvm\llvm_codegen.cpp(345,27): error C2143: syntax error: missing ';' before ':' [C:\s\s_language\build\compiler\pipeline\llvm\llvm_pipeline.vcxproj]
C:\s\s_language\compiler\backends\llvm\llvm_codegen.cpp(345,54): error C2143: syntax error: missing ';' before ')' [C:\s\s_language\build\compiler\pipeline\llvm\llvm_pipeline.vcxproj]
C:\s\s_language\compiler\backends\llvm\llvm_codegen.cpp(346,68): error C7732: expected an expression before ']' [C:\s\s_language\build\compiler\pipeline\llvm\llvm_pipeline.vcxproj]
C:\s\s_language\compiler\backends\llvm\llvm_codegen.cpp(346,42): error C2679: binary '[': no operator found which takes a right-hand operand of type 'int' (or there is no acceptable conversion) [C:\s\s_language\build\compiler\pipeline\llvm\llvm_pipeline.vcxproj]
      C:\Program Files\Microsoft Visual Studio\2022\Community\VC\Tools\MSVC\14.44.35207\include\unordered_map(432,18):
      could be 'llvm::Function *&std::unordered_map<std::string,llvm::Function *,std::hash<std::string>,std::equal_to<std::string>,std::allocator<std::pair<const std::string,llvm::Function *>>>::operator [](const std::basic_string<char,std::char_traits<char>,std::allocator<char>> &)'
          C:\s\s_language\compiler\backends\llvm\llvm_codegen.cpp(346,42):
          'llvm::Function *&std::unordered_map<std::string,llvm::Function *,std::hash<std::string>,std::equal_to<std::string>,std::allocator<std::pair<const std::string,llvm::Function *>>>::operator [](const std::basic_string<char,std::char_traits<char>,std::allocator<char>> &)': cannot convert argument 2 from 'int' to 'const std::basic_string<char,std::char_traits<char>,std::allocator<char>> &'
              C:\s\s_language\compiler\backends\llvm\llvm_codegen.cpp(346,12):
              Reason: cannot convert from 'int' to 'const std::basic_string<char,std::char_traits<char>,std::allocator<char>>'
              C:\s\s_language\compiler\backends\llvm\llvm_codegen.cpp(346,12):
              'std::basic_string<char,std::char_traits<char>,std::allocator<char>>::basic_string': no overloaded function could convert all the argument types
                  C:\Program Files\Microsoft Visual Studio\2022\Community\VC\Tools\MSVC\14.44.35207\include\xstring(768,5):
                  could be 'std::basic_string<char,std::char_traits<char>,std::allocator<char>>::basic_string(const _Elem *const )'
          with
          [
              _Elem=char
          ]
                      C:\s\s_language\compiler\backends\llvm\llvm_codegen.cpp(346,12):
                      'std::basic_string<char,std::char_traits<char>,std::allocator<char>>::basic_string(const _Elem *const )': cannot convert argument 1 from 'int' to 'const _Elem *const '
          with
          [
              _Elem=char
          ]
                          C:\s\s_language\compiler\backends\llvm\llvm_codegen.cpp(346,12):
                          Conversion from integral type to pointer type requires reinterpret_cast, C-style cast or parenthesized function-style cast
                  C:\Program Files\Microsoft Visual Studio\2022\Community\VC\Tools\MSVC\14.44.35207\include\xstring(1340,5):
                  or       'std::basic_string<char,std::char_traits<char>,std::allocator<char>>::basic_string(std::initializer_list<_Elem>,const _Alloc &)'
          with
          [
              _Elem=char,
              _Alloc=std::allocator<char>
          ]
                      C:\s\s_language\compiler\backends\llvm\llvm_codegen.cpp(346,12):
                      'std::basic_string<char,std::char_traits<char>,std::allocator<char>>::basic_string(std::initializer_list<_Elem>,const _Alloc &)': cannot convert argument 1 from 'int' to 'std::initializer_list<_Elem>'
          with
          [
              _Elem=char,
              _Alloc=std::allocator<char>
          ]
          and
          [
              _Elem=char
          ]
                          C:\s\s_language\compiler\backends\llvm\llvm_codegen.cpp(346,12):
                          Conversion requires a second user-defined-conversion operator or constructor
                  C:\Program Files\Microsoft Visual Studio\2022\Community\VC\Tools\MSVC\14.44.35207\include\xstring(1157,5):
                  or       'std::basic_string<char,std::char_traits<char>,std::allocator<char>>::basic_string(const _Ty &,const unsigned __int64,const unsigned __int64,const _Alloc &)'
          with
          [
              _Alloc=std::allocator<char>
          ]
                  C:\Program Files\Microsoft Visual Studio\2022\Community\VC\Tools\MSVC\14.44.35207\include\xstring(798,5):
                  or       'std::basic_string<char,std::char_traits<char>,std::allocator<char>>::basic_string(_Iter,_Iter,const _Alloc &)'
          with
          [
              _Alloc=std::allocator<char>
          ]
                  C:\Program Files\Microsoft Visual Studio\2022\Community\VC\Tools\MSVC\14.44.35207\include\xstring(792,5):
                  or       'std::basic_string<char,std::char_traits<char>,std::allocator<char>>::basic_string(const unsigned __int64,const _Elem,const _Alloc &)'
          with
          [
              _Elem=char,
              _Alloc=std::allocator<char>
          ]
                  C:\Program Files\Microsoft Visual Studio\2022\Community\VC\Tools\MSVC\14.44.35207\include\xstring(775,5):
                  or       'std::basic_string<char,std::char_traits<char>,std::allocator<char>>::basic_string(const _Elem *const ,const _Alloc &)'
          with
          [
              _Elem=char,
              _Alloc=std::allocator<char>
          ]
                  C:\Program Files\Microsoft Visual Studio\2022\Community\VC\Tools\MSVC\14.44.35207\include\xstring(762,5):
                  or       'std::basic_string<char,std::char_traits<char>,std::allocator<char>>::basic_string(const _Elem *const ,const unsigned __int64,const _Alloc &)'
          with
          [
              _Elem=char,
              _Alloc=std::allocator<char>
          ]
                  C:\s\s_language\compiler\backends\llvm\llvm_codegen.cpp(346,12):
                  while trying to match the argument list '(int)'
      C:\Program Files\Microsoft Visual Studio\2022\Community\VC\Tools\MSVC\14.44.35207\include\unordered_map(259,18):
      or       'llvm::Function *&std::unordered_map<std::string,llvm::Function *,std::hash<std::string>,std::equal_to<std::string>,std::allocator<std::pair<const std::string,llvm::Function *>>>::operator [](std::basic_string<char,std::char_traits<char>,std::allocator<char>> &&)'
          C:\s\s_language\compiler\backends\llvm\llvm_codegen.cpp(346,42):
          'llvm::Function *&std::unordered_map<std::string,llvm::Function *,std::hash<std::string>,std::equal_to<std::string>,std::allocator<std::pair<const std::string,llvm::Function *>>>::operator [](std::basic_string<char,std::char_traits<char>,std::allocator<char>> &&)': cannot convert argument 2 from 'int' to 'std::basic_string<char,std::char_traits<char>,std::allocator<char>> &&'
              C:\s\s_language\compiler\backends\llvm\llvm_codegen.cpp(346,12):
              Reason: cannot convert from 'int' to 'std::basic_string<char,std::char_traits<char>,std::allocator<char>>'
              C:\s\s_language\compiler\backends\llvm\llvm_codegen.cpp(346,12):
              'std::basic_string<char,std::char_traits<char>,std::allocator<char>>::basic_string': no overloaded function could convert all the argument types
                  C:\Program Files\Microsoft Visual Studio\2022\Community\VC\Tools\MSVC\14.44.35207\include\xstring(768,5):
                  could be 'std::basic_string<char,std::char_traits<char>,std::allocator<char>>::basic_string(const _Elem *const )'
          with
          [
              _Elem=char
          ]
                      C:\s\s_language\compiler\backends\llvm\llvm_codegen.cpp(346,12):
                      'std::basic_string<char,std::char_traits<char>,std::allocator<char>>::basic_string(const _Elem *const )': cannot convert argument 1 from 'int' to 'const _Elem *const '
          with
          [
              _Elem=char
          ]
                          C:\s\s_language\compiler\backends\llvm\llvm_codegen.cpp(346,12):
                          Conversion from integral type to pointer type requires reinterpret_cast, C-style cast or parenthesized function-style cast
                  C:\Program Files\Microsoft Visual Studio\2022\Community\VC\Tools\MSVC\14.44.35207\include\xstring(1340,5):
                  or       'std::basic_string<char,std::char_traits<char>,std::allocator<char>>::basic_string(std::initializer_list<_Elem>,const _Alloc &)'
          with
          [
              _Elem=char,
              _Alloc=std::allocator<char>
          ]
                      C:\s\s_language\compiler\backends\llvm\llvm_codegen.cpp(346,12):
                      'std::basic_string<char,std::char_traits<char>,std::allocator<char>>::basic_string(std::initializer_list<_Elem>,const _Alloc &)': cannot convert argument 1 from 'int' to 'std::initializer_list<_Elem>'
          with
          [
              _Elem=char,
              _Alloc=std::allocator<char>
          ]
          and
          [
              _Elem=char
          ]
                          C:\s\s_language\compiler\backends\llvm\llvm_codegen.cpp(346,12):
                          Conversion requires a second user-defined-conversion operator or constructor
                  C:\Program Files\Microsoft Visual Studio\2022\Community\VC\Tools\MSVC\14.44.35207\include\xstring(1157,5):
                  or       'std::basic_string<char,std::char_traits<char>,std::allocator<char>>::basic_string(const _Ty &,const unsigned __int64,const unsigned __int64,const _Alloc &)'
          with
          [
              _Alloc=std::allocator<char>
          ]
                  C:\Program Files\Microsoft Visual Studio\2022\Community\VC\Tools\MSVC\14.44.35207\include\xstring(798,5):
                  or       'std::basic_string<char,std::char_traits<char>,std::allocator<char>>::basic_string(_Iter,_Iter,const _Alloc &)'
          with
          [
              _Alloc=std::allocator<char>
          ]
                  C:\Program Files\Microsoft Visual Studio\2022\Community\VC\Tools\MSVC\14.44.35207\include\xstring(792,5):
                  or       'std::basic_string<char,std::char_traits<char>,std::allocator<char>>::basic_string(const unsigned __int64,const _Elem,const _Alloc &)'
          with
          [
              _Elem=char,
              _Alloc=std::allocator<char>
          ]
                  C:\Program Files\Microsoft Visual Studio\2022\Community\VC\Tools\MSVC\14.44.35207\include\xstring(775,5):
                  or       'std::basic_string<char,std::char_traits<char>,std::allocator<char>>::basic_string(const _Elem *const ,const _Alloc &)'
          with
          [
              _Elem=char,
              _Alloc=std::allocator<char>
          ]
                  C:\Program Files\Microsoft Visual Studio\2022\Community\VC\Tools\MSVC\14.44.35207\include\xstring(762,5):
                  or       'std::basic_string<char,std::char_traits<char>,std::allocator<char>>::basic_string(const _Elem *const ,const unsigned __int64,const _Alloc &)'
          with
          [
              _Elem=char,
              _Alloc=std::allocator<char>
          ]
                  C:\s\s_language\compiler\backends\llvm\llvm_codegen.cpp(346,12):
                  while trying to match the argument list '(int)'
      C:\s\s_language\compiler\backends\llvm\llvm_codegen.cpp(346,42):
      while trying to match the argument list '(std::unordered_map<std::string,llvm::Function *,std::hash<std::string>,std::equal_to<std::string>,std::allocator<std::pair<const std::string,llvm::Function *>>>, int)'
  
C:\s\s_language\compiler\backends\llvm\llvm_codegen.cpp(346,18): error C3536: 'llvmFunc': cannot be used before it is initialized [C:\s\s_language\build\compiler\pipeline\llvm\llvm_pipeline.vcxproj]
C:\s\s_language\compiler\backends\llvm\llvm_codegen.cpp(357,34): error C2027: use of undefined type 'Sad::LLVM::SIRModule' [C:\s\s_language\build\compiler\pipeline\llvm\llvm_pipeline.vcxproj]
      C:\s\s_language\compiler\backends\llvm\llvm_codegen.h(87,7):
      see declaration of 'Sad::LLVM::SIRModule'
  
C:\s\s_language\compiler\backends\llvm\llvm_codegen.cpp(357,45): error C2039: 'getGlobalVariables': is not a member of 'std::shared_ptr<Sad::LLVM::SIRModule>' [C:\s\s_language\build\compiler\pipeline\llvm\llvm_pipeline.vcxproj]
      C:\Program Files\Microsoft Visual Studio\2022\Community\VC\Tools\MSVC\14.44.35207\include\memory(1565,7):
      see declaration of 'std::shared_ptr<Sad::LLVM::SIRModule>'
  
C:\s\s_language\compiler\backends\llvm\llvm_codegen.cpp(357,22): error C2530: 'globalVar': references must be initialized [C:\s\s_language\build\compiler\pipeline\llvm\llvm_pipeline.vcxproj]
C:\s\s_language\compiler\backends\llvm\llvm_codegen.cpp(357,22): error C3531: 'globalVar': a symbol whose type contains 'auto' must have an initializer [C:\s\s_language\build\compiler\pipeline\llvm\llvm_pipeline.vcxproj]
C:\s\s_language\compiler\backends\llvm\llvm_codegen.cpp(357,32): error C2143: syntax error: missing ';' before ':' [C:\s\s_language\build\compiler\pipeline\llvm\llvm_pipeline.vcxproj]
C:\s\s_language\compiler\backends\llvm\llvm_codegen.cpp(357,65): error C2143: syntax error: missing ';' before ')' [C:\s\s_language\build\compiler\pipeline\llvm\llvm_pipeline.vcxproj]
C:\s\s_language\compiler\backends\llvm\llvm_codegen.cpp(368,17): error C3536: 'initValue': cannot be used before it is initialized [C:\s\s_language\build\compiler\pipeline\llvm\llvm_pipeline.vcxproj]
C:\s\s_language\compiler\backends\llvm\llvm_codegen.cpp(401,55): error C7732: expected an expression before ']' [C:\s\s_language\build\compiler\pipeline\llvm\llvm_pipeline.vcxproj]
C:\s\s_language\compiler\backends\llvm\llvm_codegen.cpp(401,22): error C2679: binary '[': no operator found which takes a right-hand operand of type 'int' (or there is no acceptable conversion) [C:\s\s_language\build\compiler\pipeline\llvm\llvm_pipeline.vcxproj]
      C:\Program Files\Microsoft Visual Studio\2022\Community\VC\Tools\MSVC\14.44.35207\include\unordered_map(432,18):
      could be 'llvm::Value *&std::unordered_map<std::string,llvm::Value *,std::hash<std::string>,std::equal_to<std::string>,std::allocator<std::pair<const std::string,llvm::Value *>>>::operator [](const std::basic_string<char,std::char_traits<char>,std::allocator<char>> &)'
          C:\s\s_language\compiler\backends\llvm\llvm_codegen.cpp(401,22):
          'llvm::Value *&std::unordered_map<std::string,llvm::Value *,std::hash<std::string>,std::equal_to<std::string>,std::allocator<std::pair<const std::string,llvm::Value *>>>::operator [](const std::basic_string<char,std::char_traits<char>,std::allocator<char>> &)': cannot convert argument 2 from 'int' to 'const std::basic_string<char,std::char_traits<char>,std::allocator<char>> &'
              C:\s\s_language\compiler\backends\llvm\llvm_codegen.cpp(401,55):
              Reason: cannot convert from 'int' to 'const std::basic_string<char,std::char_traits<char>,std::allocator<char>>'
              C:\s\s_language\compiler\backends\llvm\llvm_codegen.cpp(401,55):
              'std::basic_string<char,std::char_traits<char>,std::allocator<char>>::basic_string': no overloaded function could convert all the argument types
                  C:\Program Files\Microsoft Visual Studio\2022\Community\VC\Tools\MSVC\14.44.35207\include\xstring(768,5):
                  could be 'std::basic_string<char,std::char_traits<char>,std::allocator<char>>::basic_string(const _Elem *const )'
          with
          [
              _Elem=char
          ]
                      C:\s\s_language\compiler\backends\llvm\llvm_codegen.cpp(401,55):
                      'std::basic_string<char,std::char_traits<char>,std::allocator<char>>::basic_string(const _Elem *const )': cannot convert argument 1 from 'int' to 'const _Elem *const '
          with
          [
              _Elem=char
          ]
                          C:\s\s_language\compiler\backends\llvm\llvm_codegen.cpp(401,55):
                          Conversion from integral type to pointer type requires reinterpret_cast, C-style cast or parenthesized function-style cast
                  C:\Program Files\Microsoft Visual Studio\2022\Community\VC\Tools\MSVC\14.44.35207\include\xstring(1340,5):
                  or       'std::basic_string<char,std::char_traits<char>,std::allocator<char>>::basic_string(std::initializer_list<_Elem>,const _Alloc &)'
          with
          [
              _Elem=char,
              _Alloc=std::allocator<char>
          ]
                      C:\s\s_language\compiler\backends\llvm\llvm_codegen.cpp(401,55):
                      'std::basic_string<char,std::char_traits<char>,std::allocator<char>>::basic_string(std::initializer_list<_Elem>,const _Alloc &)': cannot convert argument 1 from 'int' to 'std::initializer_list<_Elem>'
          with
          [
              _Elem=char,
              _Alloc=std::allocator<char>
          ]
          and
          [
              _Elem=char
          ]
                          C:\s\s_language\compiler\backends\llvm\llvm_codegen.cpp(401,55):
                          Conversion requires a second user-defined-conversion operator or constructor
                  C:\Program Files\Microsoft Visual Studio\2022\Community\VC\Tools\MSVC\14.44.35207\include\xstring(1157,5):
                  or       'std::basic_string<char,std::char_traits<char>,std::allocator<char>>::basic_string(const _Ty &,const unsigned __int64,const unsigned __int64,const _Alloc &)'
          with
          [
              _Alloc=std::allocator<char>
          ]
                  C:\Program Files\Microsoft Visual Studio\2022\Community\VC\Tools\MSVC\14.44.35207\include\xstring(798,5):
                  or       'std::basic_string<char,std::char_traits<char>,std::allocator<char>>::basic_string(_Iter,_Iter,const _Alloc &)'
          with
          [
              _Alloc=std::allocator<char>
          ]
                  C:\Program Files\Microsoft Visual Studio\2022\Community\VC\Tools\MSVC\14.44.35207\include\xstring(792,5):
                  or       'std::basic_string<char,std::char_traits<char>,std::allocator<char>>::basic_string(const unsigned __int64,const _Elem,const _Alloc &)'
          with
          [
              _Elem=char,
              _Alloc=std::allocator<char>
          ]
                  C:\Program Files\Microsoft Visual Studio\2022\Community\VC\Tools\MSVC\14.44.35207\include\xstring(775,5):
                  or       'std::basic_string<char,std::char_traits<char>,std::allocator<char>>::basic_string(const _Elem *const ,const _Alloc &)'
          with
          [
              _Elem=char,
              _Alloc=std::allocator<char>
          ]
                  C:\Program Files\Microsoft Visual Studio\2022\Community\VC\Tools\MSVC\14.44.35207\include\xstring(762,5):
                  or       'std::basic_string<char,std::char_traits<char>,std::allocator<char>>::basic_string(const _Elem *const ,const unsigned __int64,const _Alloc &)'
          with
          [
              _Elem=char,
              _Alloc=std::allocator<char>
          ]
                  C:\s\s_language\compiler\backends\llvm\llvm_codegen.cpp(401,55):
                  while trying to match the argument list '(int)'
      C:\Program Files\Microsoft Visual Studio\2022\Community\VC\Tools\MSVC\14.44.35207\include\unordered_map(259,18):
      or       'llvm::Value *&std::unordered_map<std::string,llvm::Value *,std::hash<std::string>,std::equal_to<std::string>,std::allocator<std::pair<const std::string,llvm::Value *>>>::operator [](std::basic_string<char,std::char_traits<char>,std::allocator<char>> &&)'
          C:\s\s_language\compiler\backends\llvm\llvm_codegen.cpp(401,22):
          'llvm::Value *&std::unordered_map<std::string,llvm::Value *,std::hash<std::string>,std::equal_to<std::string>,std::allocator<std::pair<const std::string,llvm::Value *>>>::operator [](std::basic_string<char,std::char_traits<char>,std::allocator<char>> &&)': cannot convert argument 2 from 'int' to 'std::basic_string<char,std::char_traits<char>,std::allocator<char>> &&'
              C:\s\s_language\compiler\backends\llvm\llvm_codegen.cpp(401,55):
              Reason: cannot convert from 'int' to 'std::basic_string<char,std::char_traits<char>,std::allocator<char>>'
              C:\s\s_language\compiler\backends\llvm\llvm_codegen.cpp(401,55):
              'std::basic_string<char,std::char_traits<char>,std::allocator<char>>::basic_string': no overloaded function could convert all the argument types
                  C:\Program Files\Microsoft Visual Studio\2022\Community\VC\Tools\MSVC\14.44.35207\include\xstring(768,5):
                  could be 'std::basic_string<char,std::char_traits<char>,std::allocator<char>>::basic_string(const _Elem *const )'
          with
          [
              _Elem=char
          ]
                      C:\s\s_language\compiler\backends\llvm\llvm_codegen.cpp(401,55):
                      'std::basic_string<char,std::char_traits<char>,std::allocator<char>>::basic_string(const _Elem *const )': cannot convert argument 1 from 'int' to 'const _Elem *const '
          with
          [
              _Elem=char
          ]
                          C:\s\s_language\compiler\backends\llvm\llvm_codegen.cpp(401,55):
                          Conversion from integral type to pointer type requires reinterpret_cast, C-style cast or parenthesized function-style cast
                  C:\Program Files\Microsoft Visual Studio\2022\Community\VC\Tools\MSVC\14.44.35207\include\xstring(1340,5):
                  or       'std::basic_string<char,std::char_traits<char>,std::allocator<char>>::basic_string(std::initializer_list<_Elem>,const _Alloc &)'
          with
          [
              _Elem=char,
              _Alloc=std::allocator<char>
          ]
                      C:\s\s_language\compiler\backends\llvm\llvm_codegen.cpp(401,55):
                      'std::basic_string<char,std::char_traits<char>,std::allocator<char>>::basic_string(std::initializer_list<_Elem>,const _Alloc &)': cannot convert argument 1 from 'int' to 'std::initializer_list<_Elem>'
          with
          [
              _Elem=char,
              _Alloc=std::allocator<char>
          ]
          and
          [
              _Elem=char
          ]
                          C:\s\s_language\compiler\backends\llvm\llvm_codegen.cpp(401,55):
                          Conversion requires a second user-defined-conversion operator or constructor
                  C:\Program Files\Microsoft Visual Studio\2022\Community\VC\Tools\MSVC\14.44.35207\include\xstring(1157,5):
                  or       'std::basic_string<char,std::char_traits<char>,std::allocator<char>>::basic_string(const _Ty &,const unsigned __int64,const unsigned __int64,const _Alloc &)'
          with
          [
              _Alloc=std::allocator<char>
          ]
                  C:\Program Files\Microsoft Visual Studio\2022\Community\VC\Tools\MSVC\14.44.35207\include\xstring(798,5):
                  or       'std::basic_string<char,std::char_traits<char>,std::allocator<char>>::basic_string(_Iter,_Iter,const _Alloc &)'
          with
          [
              _Alloc=std::allocator<char>
          ]
                  C:\Program Files\Microsoft Visual Studio\2022\Community\VC\Tools\MSVC\14.44.35207\include\xstring(792,5):
                  or       'std::basic_string<char,std::char_traits<char>,std::allocator<char>>::basic_string(const unsigned __int64,const _Elem,const _Alloc &)'
          with
          [
              _Elem=char,
              _Alloc=std::allocator<char>
          ]
                  C:\Program Files\Microsoft Visual Studio\2022\Community\VC\Tools\MSVC\14.44.35207\include\xstring(775,5):
                  or       'std::basic_string<char,std::char_traits<char>,std::allocator<char>>::basic_string(const _Elem *const ,const _Alloc &)'
          with
          [
              _Elem=char,
              _Alloc=std::allocator<char>
          ]
                  C:\Program Files\Microsoft Visual Studio\2022\Community\VC\Tools\MSVC\14.44.35207\include\xstring(762,5):
                  or       'std::basic_string<char,std::char_traits<char>,std::allocator<char>>::basic_string(const _Elem *const ,const unsigned __int64,const _Alloc &)'
          with
          [
              _Elem=char,
              _Alloc=std::allocator<char>
          ]
                  C:\s\s_language\compiler\backends\llvm\llvm_codegen.cpp(401,55):
                  while trying to match the argument list '(int)'
      C:\s\s_language\compiler\backends\llvm\llvm_codegen.cpp(401,22):
      while trying to match the argument list '(std::unordered_map<std::string,llvm::Value *,std::hash<std::string>,std::equal_to<std::string>,std::allocator<std::pair<const std::string,llvm::Value *>>>, int)'
  
C:\s\s_language\compiler\backends\llvm\llvm_codegen.cpp(410,33): error C2027: use of undefined type 'Sad::LLVM::SIRModule' [C:\s\s_language\build\compiler\pipeline\llvm\llvm_pipeline.vcxproj]
      C:\s\s_language\compiler\backends\llvm\llvm_codegen.h(87,7):
      see declaration of 'Sad::LLVM::SIRModule'
  
C:\s\s_language\compiler\backends\llvm\llvm_codegen.cpp(410,44): error C2039: 'getConstants': is not a member of 'std::shared_ptr<Sad::LLVM::SIRModule>' [C:\s\s_language\build\compiler\pipeline\llvm\llvm_pipeline.vcxproj]
      C:\Program Files\Microsoft Visual Studio\2022\Community\VC\Tools\MSVC\14.44.35207\include\memory(1565,7):
      see declaration of 'std::shared_ptr<Sad::LLVM::SIRModule>'
  
C:\s\s_language\compiler\backends\llvm\llvm_codegen.cpp(410,22): error C2530: 'constant': references must be initialized [C:\s\s_language\build\compiler\pipeline\llvm\llvm_pipeline.vcxproj]
C:\s\s_language\compiler\backends\llvm\llvm_codegen.cpp(410,22): error C3531: 'constant': a symbol whose type contains 'auto' must have an initializer [C:\s\s_language\build\compiler\pipeline\llvm\llvm_pipeline.vcxproj]
C:\s\s_language\compiler\backends\llvm\llvm_codegen.cpp(410,31): error C2143: syntax error: missing ';' before ':' [C:\s\s_language\build\compiler\pipeline\llvm\llvm_pipeline.vcxproj]
C:\s\s_language\compiler\backends\llvm\llvm_codegen.cpp(410,58): error C2143: syntax error: missing ';' before ')' [C:\s\s_language\build\compiler\pipeline\llvm\llvm_pipeline.vcxproj]
C:\s\s_language\compiler\backends\llvm\llvm_codegen.cpp(416,13): error C3536: 'constType': cannot be used before it is initialized [C:\s\s_language\build\compiler\pipeline\llvm\llvm_pipeline.vcxproj]
C:\s\s_language\compiler\backends\llvm\llvm_codegen.cpp(416,26): error C2653: 'SIR': is not a class or namespace name [C:\s\s_language\build\compiler\pipeline\llvm\llvm_pipeline.vcxproj]
C:\s\s_language\compiler\backends\llvm\llvm_codegen.cpp(416,40): error C2065: 'I64': undeclared identifier [C:\s\s_language\build\compiler\pipeline\llvm\llvm_pipeline.vcxproj]
C:\s\s_language\compiler\backends\llvm\llvm_codegen.cpp(420,33): error C2653: 'SIR': is not a class or namespace name [C:\s\s_language\build\compiler\pipeline\llvm\llvm_pipeline.vcxproj]
C:\s\s_language\compiler\backends\llvm\llvm_codegen.cpp(420,47): error C2065: 'F64': undeclared identifier [C:\s\s_language\build\compiler\pipeline\llvm\llvm_pipeline.vcxproj]
C:\s\s_language\compiler\backends\llvm\llvm_codegen.cpp(424,33): error C2653: 'SIR': is not a class or namespace name [C:\s\s_language\build\compiler\pipeline\llvm\llvm_pipeline.vcxproj]
C:\s\s_language\compiler\backends\llvm\llvm_codegen.cpp(424,47): error C2065: 'BOOL': undeclared identifier [C:\s\s_language\build\compiler\pipeline\llvm\llvm_pipeline.vcxproj]
C:\s\s_language\compiler\backends\llvm\llvm_codegen.cpp(428,33): error C2653: 'SIR': is not a class or namespace name [C:\s\s_language\build\compiler\pipeline\llvm\llvm_pipeline.vcxproj]
C:\s\s_language\compiler\backends\llvm\llvm_codegen.cpp(428,47): error C2065: 'STRING': undeclared identifier [C:\s\s_language\build\compiler\pipeline\llvm\llvm_pipeline.vcxproj]
C:\s\s_language\compiler\backends\llvm\llvm_codegen.cpp(432,33): error C2653: 'SIR': is not a class or namespace name [C:\s\s_language\build\compiler\pipeline\llvm\llvm_pipeline.vcxproj]
C:\s\s_language\compiler\backends\llvm\llvm_codegen.cpp(432,47): error C2065: 'PTR': undeclared identifier [C:\s\s_language\build\compiler\pipeline\llvm\llvm_pipeline.vcxproj]
C:\s\s_language\compiler\backends\llvm\llvm_codegen.cpp(436,33): error C2653: 'SIR': is not a class or namespace name [C:\s\s_language\build\compiler\pipeline\llvm\llvm_pipeline.vcxproj]
C:\s\s_language\compiler\backends\llvm\llvm_codegen.cpp(436,47): error C2065: 'ARRAY': undeclared identifier [C:\s\s_language\build\compiler\pipeline\llvm\llvm_pipeline.vcxproj]
C:\s\s_language\compiler\backends\llvm\llvm_codegen.cpp(440,30): error C2530: 'elem': references must be initialized [C:\s\s_language\build\compiler\pipeline\llvm\llvm_pipeline.vcxproj]
C:\s\s_language\compiler\backends\llvm\llvm_codegen.cpp(440,30): error C3531: 'elem': a symbol whose type contains 'auto' must have an initializer [C:\s\s_language\build\compiler\pipeline\llvm\llvm_pipeline.vcxproj]
C:\s\s_language\compiler\backends\llvm\llvm_codegen.cpp(440,35): error C2143: syntax error: missing ';' before ':' [C:\s\s_language\build\compiler\pipeline\llvm\llvm_pipeline.vcxproj]
C:\s\s_language\compiler\backends\llvm\llvm_codegen.cpp(440,37): error C3536: 'elements': cannot be used before it is initialized [C:\s\s_language\build\compiler\pipeline\llvm\llvm_pipeline.vcxproj]
C:\s\s_language\compiler\backends\llvm\llvm_codegen.cpp(440,45): error C2143: syntax error: missing ';' before ')' [C:\s\s_language\build\compiler\pipeline\llvm\llvm_pipeline.vcxproj]
C:\s\s_language\compiler\backends\llvm\llvm_codegen.cpp(442,40): error C3861: 'convertConstant': identifier not found [C:\s\s_language\build\compiler\pipeline\llvm\llvm_pipeline.vcxproj]
C:\s\s_language\compiler\backends\llvm\llvm_codegen.cpp(455,56): error C7732: expected an expression before ']' [C:\s\s_language\build\compiler\pipeline\llvm\llvm_pipeline.vcxproj]
C:\s\s_language\compiler\backends\llvm\llvm_codegen.cpp(455,26): error C2679: binary '[': no operator found which takes a right-hand operand of type 'int' (or there is no acceptable conversion) [C:\s\s_language\build\compiler\pipeline\llvm\llvm_pipeline.vcxproj]
      C:\Program Files\Microsoft Visual Studio\2022\Community\VC\Tools\MSVC\14.44.35207\include\unordered_map(432,18):
      could be 'llvm::Constant *&std::unordered_map<std::string,llvm::Constant *,std::hash<std::string>,std::equal_to<std::string>,std::allocator<std::pair<const std::string,llvm::Constant *>>>::operator [](const std::basic_string<char,std::char_traits<char>,std::allocator<char>> &)'
          C:\s\s_language\compiler\backends\llvm\llvm_codegen.cpp(455,26):
          'llvm::Constant *&std::unordered_map<std::string,llvm::Constant *,std::hash<std::string>,std::equal_to<std::string>,std::allocator<std::pair<const std::string,llvm::Constant *>>>::operator [](const std::basic_string<char,std::char_traits<char>,std::allocator<char>> &)': cannot convert argument 2 from 'int' to 'const std::basic_string<char,std::char_traits<char>,std::allocator<char>> &'
              C:\s\s_language\compiler\backends\llvm\llvm_codegen.cpp(455,56):
              Reason: cannot convert from 'int' to 'const std::basic_string<char,std::char_traits<char>,std::allocator<char>>'
              C:\s\s_language\compiler\backends\llvm\llvm_codegen.cpp(455,56):
              'std::basic_string<char,std::char_traits<char>,std::allocator<char>>::basic_string': no overloaded function could convert all the argument types
                  C:\Program Files\Microsoft Visual Studio\2022\Community\VC\Tools\MSVC\14.44.35207\include\xstring(768,5):
                  could be 'std::basic_string<char,std::char_traits<char>,std::allocator<char>>::basic_string(const _Elem *const )'
          with
          [
              _Elem=char
          ]
                      C:\s\s_language\compiler\backends\llvm\llvm_codegen.cpp(455,56):
                      'std::basic_string<char,std::char_traits<char>,std::allocator<char>>::basic_string(const _Elem *const )': cannot convert argument 1 from 'int' to 'const _Elem *const '
          with
          [
              _Elem=char
          ]
                          C:\s\s_language\compiler\backends\llvm\llvm_codegen.cpp(455,56):
                          Conversion from integral type to pointer type requires reinterpret_cast, C-style cast or parenthesized function-style cast
                  C:\Program Files\Microsoft Visual Studio\2022\Community\VC\Tools\MSVC\14.44.35207\include\xstring(1340,5):
                  or       'std::basic_string<char,std::char_traits<char>,std::allocator<char>>::basic_string(std::initializer_list<_Elem>,const _Alloc &)'
          with
          [
              _Elem=char,
              _Alloc=std::allocator<char>
          ]
                      C:\s\s_language\compiler\backends\llvm\llvm_codegen.cpp(455,56):
                      'std::basic_string<char,std::char_traits<char>,std::allocator<char>>::basic_string(std::initializer_list<_Elem>,const _Alloc &)': cannot convert argument 1 from 'int' to 'std::initializer_list<_Elem>'
          with
          [
              _Elem=char,
              _Alloc=std::allocator<char>
          ]
          and
          [
              _Elem=char
          ]
                          C:\s\s_language\compiler\backends\llvm\llvm_codegen.cpp(455,56):
                          Conversion requires a second user-defined-conversion operator or constructor
                  C:\Program Files\Microsoft Visual Studio\2022\Community\VC\Tools\MSVC\14.44.35207\include\xstring(1157,5):
                  or       'std::basic_string<char,std::char_traits<char>,std::allocator<char>>::basic_string(const _Ty &,const unsigned __int64,const unsigned __int64,const _Alloc &)'
          with
          [
              _Alloc=std::allocator<char>
          ]
                  C:\Program Files\Microsoft Visual Studio\2022\Community\VC\Tools\MSVC\14.44.35207\include\xstring(798,5):
                  or       'std::basic_string<char,std::char_traits<char>,std::allocator<char>>::basic_string(_Iter,_Iter,const _Alloc &)'
          with
          [
              _Alloc=std::allocator<char>
          ]
                  C:\Program Files\Microsoft Visual Studio\2022\Community\VC\Tools\MSVC\14.44.35207\include\xstring(792,5):
                  or       'std::basic_string<char,std::char_traits<char>,std::allocator<char>>::basic_string(const unsigned __int64,const _Elem,const _Alloc &)'
          with
          [
              _Elem=char,
              _Alloc=std::allocator<char>
          ]
                  C:\Program Files\Microsoft Visual Studio\2022\Community\VC\Tools\MSVC\14.44.35207\include\xstring(775,5):
                  or       'std::basic_string<char,std::char_traits<char>,std::allocator<char>>::basic_string(const _Elem *const ,const _Alloc &)'
          with
          [
              _Elem=char,
              _Alloc=std::allocator<char>
          ]
                  C:\Program Files\Microsoft Visual Studio\2022\Community\VC\Tools\MSVC\14.44.35207\include\xstring(762,5):
                  or       'std::basic_string<char,std::char_traits<char>,std::allocator<char>>::basic_string(const _Elem *const ,const unsigned __int64,const _Alloc &)'
          with
          [
              _Elem=char,
              _Alloc=std::allocator<char>
          ]
                  C:\s\s_language\compiler\backends\llvm\llvm_codegen.cpp(455,56):
                  while trying to match the argument list '(int)'
      C:\Program Files\Microsoft Visual Studio\2022\Community\VC\Tools\MSVC\14.44.35207\include\unordered_map(259,18):
      or       'llvm::Constant *&std::unordered_map<std::string,llvm::Constant *,std::hash<std::string>,std::equal_to<std::string>,std::allocator<std::pair<const std::string,llvm::Constant *>>>::operator [](std::basic_string<char,std::char_traits<char>,std::allocator<char>> &&)'
          C:\s\s_language\compiler\backends\llvm\llvm_codegen.cpp(455,26):
          'llvm::Constant *&std::unordered_map<std::string,llvm::Constant *,std::hash<std::string>,std::equal_to<std::string>,std::allocator<std::pair<const std::string,llvm::Constant *>>>::operator [](std::basic_string<char,std::char_traits<char>,std::allocator<char>> &&)': cannot convert argument 2 from 'int' to 'std::basic_string<char,std::char_traits<char>,std::allocator<char>> &&'
              C:\s\s_language\compiler\backends\llvm\llvm_codegen.cpp(455,56):
              Reason: cannot convert from 'int' to 'std::basic_string<char,std::char_traits<char>,std::allocator<char>>'
              C:\s\s_language\compiler\backends\llvm\llvm_codegen.cpp(455,56):
              'std::basic_string<char,std::char_traits<char>,std::allocator<char>>::basic_string': no overloaded function could convert all the argument types
                  C:\Program Files\Microsoft Visual Studio\2022\Community\VC\Tools\MSVC\14.44.35207\include\xstring(768,5):
                  could be 'std::basic_string<char,std::char_traits<char>,std::allocator<char>>::basic_string(const _Elem *const )'
          with
          [
              _Elem=char
          ]
                      C:\s\s_language\compiler\backends\llvm\llvm_codegen.cpp(455,56):
                      'std::basic_string<char,std::char_traits<char>,std::allocator<char>>::basic_string(const _Elem *const )': cannot convert argument 1 from 'int' to 'const _Elem *const '
          with
          [
              _Elem=char
          ]
                          C:\s\s_language\compiler\backends\llvm\llvm_codegen.cpp(455,56):
                          Conversion from integral type to pointer type requires reinterpret_cast, C-style cast or parenthesized function-style cast
                  C:\Program Files\Microsoft Visual Studio\2022\Community\VC\Tools\MSVC\14.44.35207\include\xstring(1340,5):
                  or       'std::basic_string<char,std::char_traits<char>,std::allocator<char>>::basic_string(std::initializer_list<_Elem>,const _Alloc &)'
          with
          [
              _Elem=char,
              _Alloc=std::allocator<char>
          ]
                      C:\s\s_language\compiler\backends\llvm\llvm_codegen.cpp(455,56):
                      'std::basic_string<char,std::char_traits<char>,std::allocator<char>>::basic_string(std::initializer_list<_Elem>,const _Alloc &)': cannot convert argument 1 from 'int' to 'std::initializer_list<_Elem>'
          with
          [
              _Elem=char,
              _Alloc=std::allocator<char>
          ]
          and
          [
              _Elem=char
          ]
                          C:\s\s_language\compiler\backends\llvm\llvm_codegen.cpp(455,56):
                          Conversion requires a second user-defined-conversion operator or constructor
                  C:\Program Files\Microsoft Visual Studio\2022\Community\VC\Tools\MSVC\14.44.35207\include\xstring(1157,5):
                  or       'std::basic_string<char,std::char_traits<char>,std::allocator<char>>::basic_string(const _Ty &,const unsigned __int64,const unsigned __int64,const _Alloc &)'
          with
          [
              _Alloc=std::allocator<char>
          ]
                  C:\Program Files\Microsoft Visual Studio\2022\Community\VC\Tools\MSVC\14.44.35207\include\xstring(798,5):
                  or       'std::basic_string<char,std::char_traits<char>,std::allocator<char>>::basic_string(_Iter,_Iter,const _Alloc &)'
          with
          [
              _Alloc=std::allocator<char>
          ]
                  C:\Program Files\Microsoft Visual Studio\2022\Community\VC\Tools\MSVC\14.44.35207\include\xstring(792,5):
                  or       'std::basic_string<char,std::char_traits<char>,std::allocator<char>>::basic_string(const unsigned __int64,const _Elem,const _Alloc &)'
          with
          [
              _Elem=char,
              _Alloc=std::allocator<char>
          ]
                  C:\Program Files\Microsoft Visual Studio\2022\Community\VC\Tools\MSVC\14.44.35207\include\xstring(775,5):
                  or       'std::basic_string<char,std::char_traits<char>,std::allocator<char>>::basic_string(const _Elem *const ,const _Alloc &)'
          with
          [
              _Elem=char,
              _Alloc=std::allocator<char>
          ]
                  C:\Program Files\Microsoft Visual Studio\2022\Community\VC\Tools\MSVC\14.44.35207\include\xstring(762,5):
                  or       'std::basic_string<char,std::char_traits<char>,std::allocator<char>>::basic_string(const _Elem *const ,const unsigned __int64,const _Alloc &)'
          with
          [
              _Elem=char,
              _Alloc=std::allocator<char>
          ]
                  C:\s\s_language\compiler\backends\llvm\llvm_codegen.cpp(455,56):
                  while trying to match the argument list '(int)'
      C:\s\s_language\compiler\backends\llvm\llvm_codegen.cpp(455,26):
      while trying to match the argument list '(std::unordered_map<std::string,llvm::Constant *,std::hash<std::string>,std::equal_to<std::string>,std::allocator<std::pair<const std::string,llvm::Constant *>>>, int)'
  
C:\s\s_language\compiler\backends\llvm\llvm_codegen.cpp(485,30): error C2027: use of undefined type 'Sad::LLVM::SIRFunction' [C:\s\s_language\build\compiler\pipeline\llvm\llvm_pipeline.vcxproj]
      C:\s\s_language\compiler\backends\llvm\llvm_codegen.h(88,7):
      see declaration of 'Sad::LLVM::SIRFunction'
  
C:\s\s_language\compiler\backends\llvm\llvm_codegen.cpp(485,39): error C2039: 'getParameters': is not a member of 'std::shared_ptr<Sad::LLVM::SIRFunction>' [C:\s\s_language\build\compiler\pipeline\llvm\llvm_pipeline.vcxproj]
      C:\Program Files\Microsoft Visual Studio\2022\Community\VC\Tools\MSVC\14.44.35207\include\memory(1565,7):
      see declaration of 'std::shared_ptr<Sad::LLVM::SIRFunction>'
  
C:\s\s_language\compiler\backends\llvm\llvm_codegen.cpp(485,22): error C2530: 'param': references must be initialized [C:\s\s_language\build\compiler\pipeline\llvm\llvm_pipeline.vcxproj]
C:\s\s_language\compiler\backends\llvm\llvm_codegen.cpp(485,22): error C3531: 'param': a symbol whose type contains 'auto' must have an initializer [C:\s\s_language\build\compiler\pipeline\llvm\llvm_pipeline.vcxproj]
C:\s\s_language\compiler\backends\llvm\llvm_codegen.cpp(485,28): error C2143: syntax error: missing ';' before ':' [C:\s\s_language\build\compiler\pipeline\llvm\llvm_pipeline.vcxproj]
C:\s\s_language\compiler\backends\llvm\llvm_codegen.cpp(485,54): error C2143: syntax error: missing ';' before ')' [C:\s\s_language\build\compiler\pipeline\llvm\llvm_pipeline.vcxproj]
C:\s\s_language\compiler\backends\llvm\llvm_codegen.cpp(490,42): error C2027: use of undefined type 'Sad::LLVM::SIRFunction' [C:\s\s_language\build\compiler\pipeline\llvm\llvm_pipeline.vcxproj]
      C:\s\s_language\compiler\backends\llvm\llvm_codegen.h(88,7):
      see declaration of 'Sad::LLVM::SIRFunction'
  
C:\s\s_language\compiler\backends\llvm\llvm_codegen.cpp(490,51): error C2039: 'getReturnType': is not a member of 'std::shared_ptr<Sad::LLVM::SIRFunction>' [C:\s\s_language\build\compiler\pipeline\llvm\llvm_pipeline.vcxproj]
      C:\Program Files\Microsoft Visual Studio\2022\Community\VC\Tools\MSVC\14.44.35207\include\memory(1565,7):
      see declaration of 'std::shared_ptr<Sad::LLVM::SIRFunction>'
  
C:\s\s_language\compiler\backends\llvm\llvm_codegen.cpp(496,9): error C2027: use of undefined type 'Sad::LLVM::SIRFunction' [C:\s\s_language\build\compiler\pipeline\llvm\llvm_pipeline.vcxproj]
      C:\s\s_language\compiler\backends\llvm\llvm_codegen.h(88,7):
      see declaration of 'Sad::LLVM::SIRFunction'
  
C:\s\s_language\compiler\backends\llvm\llvm_codegen.cpp(496,18): error C2039: 'isVarArg': is not a member of 'std::shared_ptr<Sad::LLVM::SIRFunction>' [C:\s\s_language\build\compiler\pipeline\llvm\llvm_pipeline.vcxproj]
      C:\Program Files\Microsoft Visual Studio\2022\Community\VC\Tools\MSVC\14.44.35207\include\memory(1565,7):
      see declaration of 'std::shared_ptr<Sad::LLVM::SIRFunction>'
  
C:\s\s_language\compiler\backends\llvm\llvm_codegen.cpp(493,56): error C2665: 'llvm::FunctionType::get': no overloaded function could convert all the argument types [C:\s\s_language\build\compiler\pipeline\llvm\llvm_pipeline.vcxproj]
      C:\LLVM\include\llvm\IR\DerivedTypes.h(115,24):
      could be 'llvm::FunctionType *llvm::FunctionType::get(llvm::Type *,bool)'
          C:\s\s_language\compiler\backends\llvm\llvm_codegen.cpp(493,56):
          'llvm::FunctionType *llvm::FunctionType::get(llvm::Type *,bool)': cannot convert argument 2 from 'std::vector<T,std::allocator<T>>' to 'bool'
          with
          [
              T=llvm::Type *
          ]
              C:\s\s_language\compiler\backends\llvm\llvm_codegen.cpp(495,9):
              No user-defined-conversion operator available that can perform this conversion, or the operator cannot be called
      C:\s\s_language\compiler\backends\llvm\llvm_codegen.cpp(493,56):
      while trying to match the argument list '(llvm::Type *, std::vector<T,std::allocator<T>>)'
          with
          [
              T=llvm::Type *
          ]
  
C:\s\s_language\compiler\backends\llvm\llvm_codegen.cpp(503,9): error C2027: use of undefined type 'Sad::LLVM::SIRFunction' [C:\s\s_language\build\compiler\pipeline\llvm\llvm_pipeline.vcxproj]
      C:\s\s_language\compiler\backends\llvm\llvm_codegen.h(88,7):
      see declaration of 'Sad::LLVM::SIRFunction'
  
C:\s\s_language\compiler\backends\llvm\llvm_codegen.cpp(503,18): error C2039: 'getName': is not a member of 'std::shared_ptr<Sad::LLVM::SIRFunction>' [C:\s\s_language\build\compiler\pipeline\llvm\llvm_pipeline.vcxproj]
      C:\Program Files\Microsoft Visual Studio\2022\Community\VC\Tools\MSVC\14.44.35207\include\memory(1565,7):
      see declaration of 'std::shared_ptr<Sad::LLVM::SIRFunction>'
  
C:\s\s_language\compiler\backends\llvm\llvm_codegen.cpp(500,48): error C2665: 'llvm::Function::Create': no overloaded function could convert all the argument types [C:\s\s_language\build\compiler\pipeline\llvm\llvm_pipeline.vcxproj]
      C:\LLVM\include\llvm\IR\Function.h(169,20):
      could be 'llvm::Function *llvm::Function::Create(llvm::FunctionType *,llvm::GlobalValue::LinkageTypes,const llvm::Twine &,llvm::Module *)'
          C:\s\s_language\compiler\backends\llvm\llvm_codegen.cpp(500,48):
          'llvm::Function *llvm::Function::Create(llvm::FunctionType *,llvm::GlobalValue::LinkageTypes,const llvm::Twine &,llvm::Module *)': cannot convert argument 3 from 'llvm::Module *' to 'const llvm::Twine &'
              C:\s\s_language\compiler\backends\llvm\llvm_codegen.cpp(504,20):
              Reason: cannot convert from 'llvm::Module *' to 'const llvm::Twine'
              C:\s\s_language\compiler\backends\llvm\llvm_codegen.cpp(504,20):
              'llvm::Twine::Twine': no overloaded function could convert all the argument types
                  C:\LLVM\include\llvm\ADT\Twine.h(266,5):
                  could be 'llvm::Twine::Twine(const llvm::Twine &)'
                      C:\s\s_language\compiler\backends\llvm\llvm_codegen.cpp(504,20):
                      'llvm::Twine::Twine(const llvm::Twine &)': cannot convert argument 1 from 'llvm::Module *' to 'const llvm::Twine &'
                          C:\s\s_language\compiler\backends\llvm\llvm_codegen.cpp(504,20):
                          Reason: cannot convert from 'llvm::Module *' to 'const llvm::Twine'
                          C:\s\s_language\compiler\backends\llvm\llvm_codegen.cpp(504,20):
                          Conversion requires a second user-defined-conversion operator or constructor
                  C:\LLVM\include\llvm\ADT\Twine.h(327,18):
                  or       'llvm::Twine::Twine(const llvm::formatv_object_base &)'
                      C:\s\s_language\compiler\backends\llvm\llvm_codegen.cpp(504,20):
                      'llvm::Twine::Twine(const llvm::formatv_object_base &)': cannot convert argument 1 from 'llvm::Module *' to 'const llvm::formatv_object_base &'
                          C:\s\s_language\compiler\backends\llvm\llvm_codegen.cpp(504,20):
                          Reason: cannot convert from 'llvm::Module *' to 'const llvm::formatv_object_base'
                          C:\s\s_language\compiler\backends\llvm\llvm_codegen.cpp(504,20):
                          Conversion requires a second user-defined-conversion operator or constructor
                  C:\LLVM\include\llvm\ADT\Twine.h(319,18):
                  or       'llvm::Twine::Twine(const llvm::SmallVectorImpl<char> &)'
                      C:\s\s_language\compiler\backends\llvm\llvm_codegen.cpp(504,20):
                      'llvm::Twine::Twine(const llvm::SmallVectorImpl<char> &)': cannot convert argument 1 from 'llvm::Module *' to 'const llvm::SmallVectorImpl<char> &'
                          C:\s\s_language\compiler\backends\llvm\llvm_codegen.cpp(504,20):
                          Reason: cannot convert from 'llvm::Module *' to 'const llvm::SmallVectorImpl<char>'
                          C:\s\s_language\compiler\backends\llvm\llvm_codegen.cpp(504,20):
                          Conversion requires a second user-defined-conversion operator or constructor
                  C:\LLVM\include\llvm\ADT\Twine.h(311,18):
                  or       'llvm::Twine::Twine(const llvm::StringLiteral &)'
                      C:\s\s_language\compiler\backends\llvm\llvm_codegen.cpp(504,20):
                      'llvm::Twine::Twine(const llvm::StringLiteral &)': cannot convert argument 1 from 'llvm::Module *' to 'const llvm::StringLiteral &'
                          C:\s\s_language\compiler\backends\llvm\llvm_codegen.cpp(504,20):
                          Reason: cannot convert from 'llvm::Module *' to 'const llvm::StringLiteral'
                          C:\s\s_language\compiler\backends\llvm\llvm_codegen.cpp(504,20):
                          Conversion requires a second user-defined-conversion operator or constructor
                  C:\LLVM\include\llvm\ADT\Twine.h(304,18):
                  or       'llvm::Twine::Twine(const llvm::StringRef &)'
                      C:\s\s_language\compiler\backends\llvm\llvm_codegen.cpp(504,20):
                      'llvm::Twine::Twine(const llvm::StringRef &)': cannot convert argument 1 from 'llvm::Module *' to 'const llvm::StringRef &'
                          C:\s\s_language\compiler\backends\llvm\llvm_codegen.cpp(504,20):
                          Reason: cannot convert from 'llvm::Module *' to 'const llvm::StringRef'
                          C:\s\s_language\compiler\backends\llvm\llvm_codegen.cpp(504,20):
                          Conversion requires a second user-defined-conversion operator or constructor
                  C:\LLVM\include\llvm\ADT\Twine.h(296,18):
                  or       'llvm::Twine::Twine(const std::string_view &)'
                      C:\s\s_language\compiler\backends\llvm\llvm_codegen.cpp(504,20):
                      'llvm::Twine::Twine(const std::string_view &)': cannot convert argument 1 from 'llvm::Module *' to 'const std::string_view &'
                          C:\s\s_language\compiler\backends\llvm\llvm_codegen.cpp(504,20):
                          Reason: cannot convert from 'llvm::Module *' to 'const std::string_view'
                          C:\s\s_language\compiler\backends\llvm\llvm_codegen.cpp(504,20):
                          Conversion requires a second user-defined-conversion operator or constructor
                  C:\LLVM\include\llvm\ADT\Twine.h(287,18):
                  or       'llvm::Twine::Twine(const std::string &)'
                      C:\s\s_language\compiler\backends\llvm\llvm_codegen.cpp(504,20):
                      'llvm::Twine::Twine(const std::string &)': cannot convert argument 1 from 'llvm::Module *' to 'const std::string &'
                          C:\s\s_language\compiler\backends\llvm\llvm_codegen.cpp(504,20):
                          Reason: cannot convert from 'llvm::Module *' to 'const std::string'
                          C:\s\s_language\compiler\backends\llvm\llvm_codegen.cpp(504,20):
                          Conversion requires a second user-defined-conversion operator or constructor
                  C:\LLVM\include\llvm\ADT\Twine.h(284,18):
                  or       'llvm::Twine::Twine(std::nullptr_t)'
                      C:\s\s_language\compiler\backends\llvm\llvm_codegen.cpp(504,20):
                      'llvm::Twine::Twine(std::nullptr_t)': cannot convert argument 1 from 'llvm::Module *' to 'std::nullptr_t'
                          C:\s\s_language\compiler\backends\llvm\llvm_codegen.cpp(504,20):
                          nullptr can only be converted to pointer or handle types
                  C:\LLVM\include\llvm\ADT\Twine.h(273,18):
                  or       'llvm::Twine::Twine(const char *)'
                      C:\s\s_language\compiler\backends\llvm\llvm_codegen.cpp(504,20):
                      'llvm::Twine::Twine(const char *)': cannot convert argument 1 from 'llvm::Module *' to 'const char *'
                          C:\s\s_language\compiler\backends\llvm\llvm_codegen.cpp(504,20):
                          Types pointed to are unrelated; conversion requires reinterpret_cast, C-style cast or parenthesized function-style cast
                  C:\s\s_language\compiler\backends\llvm\llvm_codegen.cpp(504,20):
                  while trying to match the argument list '(llvm::Module *)'
      C:\LLVM\include\llvm\IR\Function.h(162,20):
      or       'llvm::Function *llvm::Function::Create(llvm::FunctionType *,llvm::GlobalValue::LinkageTypes,unsigned int,const llvm::Twine &,llvm::Module *)'
          C:\s\s_language\compiler\backends\llvm\llvm_codegen.cpp(500,48):
          'llvm::Function *llvm::Function::Create(llvm::FunctionType *,llvm::GlobalValue::LinkageTypes,unsigned int,const llvm::Twine &,llvm::Module *)': cannot convert argument 3 from 'llvm::Module *' to 'unsigned int'
              C:\s\s_language\compiler\backends\llvm\llvm_codegen.cpp(504,20):
              There is no context in which this conversion is possible
      C:\s\s_language\compiler\backends\llvm\llvm_codegen.cpp(500,48):
      while trying to match the argument list '(llvm::FunctionType *, llvm::GlobalValue::LinkageTypes, llvm::Module *)'
  
C:\s\s_language\compiler\backends\llvm\llvm_codegen.cpp(510,21): error C2027: use of undefined type 'Sad::LLVM::SIRFunction' [C:\s\s_language\build\compiler\pipeline\llvm\llvm_pipeline.vcxproj]
      C:\s\s_language\compiler\backends\llvm\llvm_codegen.h(88,7):
      see declaration of 'Sad::LLVM::SIRFunction'
  
C:\s\s_language\compiler\backends\llvm\llvm_codegen.cpp(510,30): error C2039: 'getParameters': is not a member of 'std::shared_ptr<Sad::LLVM::SIRFunction>' [C:\s\s_language\build\compiler\pipeline\llvm\llvm_pipeline.vcxproj]
      C:\Program Files\Microsoft Visual Studio\2022\Community\VC\Tools\MSVC\14.44.35207\include\memory(1565,7):
      see declaration of 'std::shared_ptr<Sad::LLVM::SIRFunction>'
  
C:\s\s_language\compiler\backends\llvm\llvm_codegen.cpp(514,29): error C2027: use of undefined type 'Sad::LLVM::SIRFunction' [C:\s\s_language\build\compiler\pipeline\llvm\llvm_pipeline.vcxproj]
      C:\s\s_language\compiler\backends\llvm\llvm_codegen.h(88,7):
      see declaration of 'Sad::LLVM::SIRFunction'
  
C:\s\s_language\compiler\backends\llvm\llvm_codegen.cpp(514,38): error C2039: 'getName': is not a member of 'std::shared_ptr<Sad::LLVM::SIRFunction>' [C:\s\s_language\build\compiler\pipeline\llvm\llvm_pipeline.vcxproj]
      C:\Program Files\Microsoft Visual Studio\2022\Community\VC\Tools\MSVC\14.44.35207\include\memory(1565,7):
      see declaration of 'std::shared_ptr<Sad::LLVM::SIRFunction>'
  
C:\s\s_language\compiler\backends\llvm\llvm_codegen.cpp(514,47): error C7732: expected an expression before ']' [C:\s\s_language\build\compiler\pipeline\llvm\llvm_pipeline.vcxproj]
C:\s\s_language\compiler\backends\llvm\llvm_codegen.cpp(514,18): error C2679: binary '[': no operator found which takes a right-hand operand of type 'int' (or there is no acceptable conversion) [C:\s\s_language\build\compiler\pipeline\llvm\llvm_pipeline.vcxproj]
      C:\Program Files\Microsoft Visual Studio\2022\Community\VC\Tools\MSVC\14.44.35207\include\unordered_map(432,18):
      could be 'llvm::Function *&std::unordered_map<std::string,llvm::Function *,std::hash<std::string>,std::equal_to<std::string>,std::allocator<std::pair<const std::string,llvm::Function *>>>::operator [](const std::basic_string<char,std::char_traits<char>,std::allocator<char>> &)'
          C:\s\s_language\compiler\backends\llvm\llvm_codegen.cpp(514,18):
          'llvm::Function *&std::unordered_map<std::string,llvm::Function *,std::hash<std::string>,std::equal_to<std::string>,std::allocator<std::pair<const std::string,llvm::Function *>>>::operator [](const std::basic_string<char,std::char_traits<char>,std::allocator<char>> &)': cannot convert argument 2 from 'int' to 'const std::basic_string<char,std::char_traits<char>,std::allocator<char>> &'
              C:\s\s_language\compiler\backends\llvm\llvm_codegen.cpp(514,47):
              Reason: cannot convert from 'int' to 'const std::basic_string<char,std::char_traits<char>,std::allocator<char>>'
              C:\s\s_language\compiler\backends\llvm\llvm_codegen.cpp(514,47):
              'std::basic_string<char,std::char_traits<char>,std::allocator<char>>::basic_string': no overloaded function could convert all the argument types
                  C:\Program Files\Microsoft Visual Studio\2022\Community\VC\Tools\MSVC\14.44.35207\include\xstring(768,5):
                  could be 'std::basic_string<char,std::char_traits<char>,std::allocator<char>>::basic_string(const _Elem *const )'
          with
          [
              _Elem=char
          ]
                      C:\s\s_language\compiler\backends\llvm\llvm_codegen.cpp(514,47):
                      'std::basic_string<char,std::char_traits<char>,std::allocator<char>>::basic_string(const _Elem *const )': cannot convert argument 1 from 'int' to 'const _Elem *const '
          with
          [
              _Elem=char
          ]
                          C:\s\s_language\compiler\backends\llvm\llvm_codegen.cpp(514,47):
                          Conversion from integral type to pointer type requires reinterpret_cast, C-style cast or parenthesized function-style cast
                  C:\Program Files\Microsoft Visual Studio\2022\Community\VC\Tools\MSVC\14.44.35207\include\xstring(1340,5):
                  or       'std::basic_string<char,std::char_traits<char>,std::allocator<char>>::basic_string(std::initializer_list<_Elem>,const _Alloc &)'
          with
          [
              _Elem=char,
              _Alloc=std::allocator<char>
          ]
                      C:\s\s_language\compiler\backends\llvm\llvm_codegen.cpp(514,47):
                      'std::basic_string<char,std::char_traits<char>,std::allocator<char>>::basic_string(std::initializer_list<_Elem>,const _Alloc &)': cannot convert argument 1 from 'int' to 'std::initializer_list<_Elem>'
          with
          [
              _Elem=char,
              _Alloc=std::allocator<char>
          ]
          and
          [
              _Elem=char
          ]
                          C:\s\s_language\compiler\backends\llvm\llvm_codegen.cpp(514,47):
                          Conversion requires a second user-defined-conversion operator or constructor
                  C:\Program Files\Microsoft Visual Studio\2022\Community\VC\Tools\MSVC\14.44.35207\include\xstring(1157,5):
                  or       'std::basic_string<char,std::char_traits<char>,std::allocator<char>>::basic_string(const _Ty &,const unsigned __int64,const unsigned __int64,const _Alloc &)'
          with
          [
              _Alloc=std::allocator<char>
          ]
                  C:\Program Files\Microsoft Visual Studio\2022\Community\VC\Tools\MSVC\14.44.35207\include\xstring(798,5):
                  or       'std::basic_string<char,std::char_traits<char>,std::allocator<char>>::basic_string(_Iter,_Iter,const _Alloc &)'
          with
          [
              _Alloc=std::allocator<char>
          ]
                  C:\Program Files\Microsoft Visual Studio\2022\Community\VC\Tools\MSVC\14.44.35207\include\xstring(792,5):
                  or       'std::basic_string<char,std::char_traits<char>,std::allocator<char>>::basic_string(const unsigned __int64,const _Elem,const _Alloc &)'
          with
          [
              _Elem=char,
              _Alloc=std::allocator<char>
          ]
                  C:\Program Files\Microsoft Visual Studio\2022\Community\VC\Tools\MSVC\14.44.35207\include\xstring(775,5):
                  or       'std::basic_string<char,std::char_traits<char>,std::allocator<char>>::basic_string(const _Elem *const ,const _Alloc &)'
          with
          [
              _Elem=char,
              _Alloc=std::allocator<char>
          ]
                  C:\Program Files\Microsoft Visual Studio\2022\Community\VC\Tools\MSVC\14.44.35207\include\xstring(762,5):
                  or       'std::basic_string<char,std::char_traits<char>,std::allocator<char>>::basic_string(const _Elem *const ,const unsigned __int64,const _Alloc &)'
          with
          [
              _Elem=char,
              _Alloc=std::allocator<char>
          ]
                  C:\s\s_language\compiler\backends\llvm\llvm_codegen.cpp(514,47):
                  while trying to match the argument list '(int)'
      C:\Program Files\Microsoft Visual Studio\2022\Community\VC\Tools\MSVC\14.44.35207\include\unordered_map(259,18):
      or       'llvm::Function *&std::unordered_map<std::string,llvm::Function *,std::hash<std::string>,std::equal_to<std::string>,std::allocator<std::pair<const std::string,llvm::Function *>>>::operator [](std::basic_string<char,std::char_traits<char>,std::allocator<char>> &&)'
          C:\s\s_language\compiler\backends\llvm\llvm_codegen.cpp(514,18):
          'llvm::Function *&std::unordered_map<std::string,llvm::Function *,std::hash<std::string>,std::equal_to<std::string>,std::allocator<std::pair<const std::string,llvm::Function *>>>::operator [](std::basic_string<char,std::char_traits<char>,std::allocator<char>> &&)': cannot convert argument 2 from 'int' to 'std::basic_string<char,std::char_traits<char>,std::allocator<char>> &&'
              C:\s\s_language\compiler\backends\llvm\llvm_codegen.cpp(514,47):
              Reason: cannot convert from 'int' to 'std::basic_string<char,std::char_traits<char>,std::allocator<char>>'
              C:\s\s_language\compiler\backends\llvm\llvm_codegen.cpp(514,47):
              'std::basic_string<char,std::char_traits<char>,std::allocator<char>>::basic_string': no overloaded function could convert all the argument types
                  C:\Program Files\Microsoft Visual Studio\2022\Community\VC\Tools\MSVC\14.44.35207\include\xstring(768,5):
                  could be 'std::basic_string<char,std::char_traits<char>,std::allocator<char>>::basic_string(const _Elem *const )'
          with
          [
              _Elem=char
          ]
                      C:\s\s_language\compiler\backends\llvm\llvm_codegen.cpp(514,47):
                      'std::basic_string<char,std::char_traits<char>,std::allocator<char>>::basic_string(const _Elem *const )': cannot convert argument 1 from 'int' to 'const _Elem *const '
          with
          [
              _Elem=char
          ]
                          C:\s\s_language\compiler\backends\llvm\llvm_codegen.cpp(514,47):
                          Conversion from integral type to pointer type requires reinterpret_cast, C-style cast or parenthesized function-style cast
                  C:\Program Files\Microsoft Visual Studio\2022\Community\VC\Tools\MSVC\14.44.35207\include\xstring(1340,5):
                  or       'std::basic_string<char,std::char_traits<char>,std::allocator<char>>::basic_string(std::initializer_list<_Elem>,const _Alloc &)'
          with
          [
              _Elem=char,
              _Alloc=std::allocator<char>
          ]
                      C:\s\s_language\compiler\backends\llvm\llvm_codegen.cpp(514,47):
                      'std::basic_string<char,std::char_traits<char>,std::allocator<char>>::basic_string(std::initializer_list<_Elem>,const _Alloc &)': cannot convert argument 1 from 'int' to 'std::initializer_list<_Elem>'
          with
          [
              _Elem=char,
              _Alloc=std::allocator<char>
          ]
          and
          [
              _Elem=char
          ]
                          C:\s\s_language\compiler\backends\llvm\llvm_codegen.cpp(514,47):
                          Conversion requires a second user-defined-conversion operator or constructor
                  C:\Program Files\Microsoft Visual Studio\2022\Community\VC\Tools\MSVC\14.44.35207\include\xstring(1157,5):
                  or       'std::basic_string<char,std::char_traits<char>,std::allocator<char>>::basic_string(const _Ty &,const unsigned __int64,const unsigned __int64,const _Alloc &)'
          with
          [
              _Alloc=std::allocator<char>
          ]
                  C:\Program Files\Microsoft Visual Studio\2022\Community\VC\Tools\MSVC\14.44.35207\include\xstring(798,5):
                  or       'std::basic_string<char,std::char_traits<char>,std::allocator<char>>::basic_string(_Iter,_Iter,const _Alloc &)'
          with
          [
              _Alloc=std::allocator<char>
          ]
                  C:\Program Files\Microsoft Visual Studio\2022\Community\VC\Tools\MSVC\14.44.35207\include\xstring(792,5):
                  or       'std::basic_string<char,std::char_traits<char>,std::allocator<char>>::basic_string(const unsigned __int64,const _Elem,const _Alloc &)'
          with
          [
              _Elem=char,
              _Alloc=std::allocator<char>
          ]
                  C:\Program Files\Microsoft Visual Studio\2022\Community\VC\Tools\MSVC\14.44.35207\include\xstring(775,5):
                  or       'std::basic_string<char,std::char_traits<char>,std::allocator<char>>::basic_string(const _Elem *const ,const _Alloc &)'
          with
          [
              _Elem=char,
              _Alloc=std::allocator<char>
          ]
                  C:\Program Files\Microsoft Visual Studio\2022\Community\VC\Tools\MSVC\14.44.35207\include\xstring(762,5):
                  or       'std::basic_string<char,std::char_traits<char>,std::allocator<char>>::basic_string(const _Elem *const ,const unsigned __int64,const _Alloc &)'
          with
          [
              _Elem=char,
              _Alloc=std::allocator<char>
          ]
                  C:\s\s_language\compiler\backends\llvm\llvm_codegen.cpp(514,47):
                  while trying to match the argument list '(int)'
      C:\s\s_language\compiler\backends\llvm\llvm_codegen.cpp(514,18):
      while trying to match the argument list '(std::unordered_map<std::string,llvm::Function *,std::hash<std::string>,std::equal_to<std::string>,std::allocator<std::pair<const std::string,llvm::Function *>>>, int)'
  
C:\s\s_language\compiler\backends\llvm\llvm_codegen.cpp(542,27): error C2027: use of undefined type 'Sad::LLVM::SIRFunction' [C:\s\s_language\build\compiler\pipeline\llvm\llvm_pipeline.vcxproj]
      C:\s\s_language\compiler\backends\llvm\llvm_codegen.h(88,7):
      see declaration of 'Sad::LLVM::SIRFunction'
  
C:\s\s_language\compiler\backends\llvm\llvm_codegen.cpp(542,36): error C2039: 'getBasicBlocks': is not a member of 'std::shared_ptr<Sad::LLVM::SIRFunction>' [C:\s\s_language\build\compiler\pipeline\llvm\llvm_pipeline.vcxproj]
      C:\Program Files\Microsoft Visual Studio\2022\Community\VC\Tools\MSVC\14.44.35207\include\memory(1565,7):
      see declaration of 'std::shared_ptr<Sad::LLVM::SIRFunction>'
  
C:\s\s_language\compiler\backends\llvm\llvm_codegen.cpp(542,22): error C2530: 'bb': references must be initialized [C:\s\s_language\build\compiler\pipeline\llvm\llvm_pipeline.vcxproj]
C:\s\s_language\compiler\backends\llvm\llvm_codegen.cpp(542,22): error C3531: 'bb': a symbol whose type contains 'auto' must have an initializer [C:\s\s_language\build\compiler\pipeline\llvm\llvm_pipeline.vcxproj]
C:\s\s_language\compiler\backends\llvm\llvm_codegen.cpp(542,25): error C2143: syntax error: missing ';' before ':' [C:\s\s_language\build\compiler\pipeline\llvm\llvm_pipeline.vcxproj]
C:\s\s_language\compiler\backends\llvm\llvm_codegen.cpp(542,52): error C2143: syntax error: missing ';' before ')' [C:\s\s_language\build\compiler\pipeline\llvm\llvm_pipeline.vcxproj]
C:\s\s_language\compiler\backends\llvm\llvm_codegen.cpp(544,13): error C2664: 'llvm::BasicBlock *Sad::LLVM::LLVMCodeGen::emitBasicBlock(std::shared_ptr<Sad::LLVM::SIRBasicBlock>,llvm::Function *)': cannot convert argument 1 from '<error type>' to 'std::shared_ptr<Sad::LLVM::SIRBasicBlock>' [C:\s\s_language\build\compiler\pipeline\llvm\llvm_pipeline.vcxproj]
      C:\s\s_language\compiler\backends\llvm\llvm_codegen.cpp(544,28):
      'std::shared_ptr<Sad::LLVM::SIRBasicBlock>::shared_ptr': no overloaded function could convert all the argument types
          C:\Program Files\Microsoft Visual Studio\2022\Community\VC\Tools\MSVC\14.44.35207\include\memory(1578,5):
          could be 'std::shared_ptr<Sad::LLVM::SIRBasicBlock>::shared_ptr(std::nullptr_t) noexcept'
              C:\s\s_language\compiler\backends\llvm\llvm_codegen.cpp(544,28):
              'std::shared_ptr<Sad::LLVM::SIRBasicBlock>::shared_ptr(std::nullptr_t) noexcept': cannot convert argument 1 from '<error type>' to 'std::nullptr_t'
                  C:\s\s_language\compiler\backends\llvm\llvm_codegen.cpp(544,28):
                  only a null pointer constant can be converted to nullptr_t
          C:\Program Files\Microsoft Visual Studio\2022\Community\VC\Tools\MSVC\14.44.35207\include\memory(1673,5):
          or       'std::shared_ptr<Sad::LLVM::SIRBasicBlock>::shared_ptr(std::unique_ptr<_Ux,_Dx> &&)'
          C:\Program Files\Microsoft Visual Studio\2022\Community\VC\Tools\MSVC\14.44.35207\include\memory(1649,5):
          or       'std::shared_ptr<Sad::LLVM::SIRBasicBlock>::shared_ptr(std::shared_ptr<_Ty2> &&) noexcept'
          C:\Program Files\Microsoft Visual Studio\2022\Community\VC\Tools\MSVC\14.44.35207\include\memory(1639,5):
          or       'std::shared_ptr<Sad::LLVM::SIRBasicBlock>::shared_ptr(const std::shared_ptr<_Ty2> &) noexcept'
          C:\Program Files\Microsoft Visual Studio\2022\Community\VC\Tools\MSVC\14.44.35207\include\memory(1629,5):
          or       'std::shared_ptr<Sad::LLVM::SIRBasicBlock>::shared_ptr(std::shared_ptr<_Ty2> &&,Sad::LLVM::SIRBasicBlock *) noexcept'
          C:\Program Files\Microsoft Visual Studio\2022\Community\VC\Tools\MSVC\14.44.35207\include\memory(1623,5):
          or       'std::shared_ptr<Sad::LLVM::SIRBasicBlock>::shared_ptr(const std::shared_ptr<_Ty2> &,Sad::LLVM::SIRBasicBlock *) noexcept'
          C:\Program Files\Microsoft Visual Studio\2022\Community\VC\Tools\MSVC\14.44.35207\include\memory(1618,5):
          or       'std::shared_ptr<Sad::LLVM::SIRBasicBlock>::shared_ptr(std::nullptr_t,_Dx,_Alloc)'
          C:\Program Files\Microsoft Visual Studio\2022\Community\VC\Tools\MSVC\14.44.35207\include\memory(1612,5):
          or       'std::shared_ptr<Sad::LLVM::SIRBasicBlock>::shared_ptr(std::nullptr_t,_Dx)'
          C:\Program Files\Microsoft Visual Studio\2022\Community\VC\Tools\MSVC\14.44.35207\include\memory(1606,5):
          or       'std::shared_ptr<Sad::LLVM::SIRBasicBlock>::shared_ptr(_Ux *,_Dx,_Alloc)'
          C:\Program Files\Microsoft Visual Studio\2022\Community\VC\Tools\MSVC\14.44.35207\include\memory(1598,5):
          or       'std::shared_ptr<Sad::LLVM::SIRBasicBlock>::shared_ptr(_Ux *,_Dx)'
          C:\s\s_language\compiler\backends\llvm\llvm_codegen.cpp(544,28):
          while trying to match the argument list '(<error type>)'
      C:\s\s_language\compiler\backends\llvm\llvm_codegen.h(367,23):
      see declaration of 'Sad::LLVM::LLVMCodeGen::emitBasicBlock'
      C:\s\s_language\compiler\backends\llvm\llvm_codegen.cpp(544,13):
      while trying to match the argument list '(<error type>, llvm::Function *)'
  
C:\s\s_language\compiler\backends\llvm\llvm_codegen.cpp(549,27): error C2027: use of undefined type 'Sad::LLVM::SIRFunction' [C:\s\s_language\build\compiler\pipeline\llvm\llvm_pipeline.vcxproj]
      C:\s\s_language\compiler\backends\llvm\llvm_codegen.h(88,7):
      see declaration of 'Sad::LLVM::SIRFunction'
  
C:\s\s_language\compiler\backends\llvm\llvm_codegen.cpp(549,36): error C2039: 'getBasicBlocks': is not a member of 'std::shared_ptr<Sad::LLVM::SIRFunction>' [C:\s\s_language\build\compiler\pipeline\llvm\llvm_pipeline.vcxproj]
      C:\Program Files\Microsoft Visual Studio\2022\Community\VC\Tools\MSVC\14.44.35207\include\memory(1565,7):
      see declaration of 'std::shared_ptr<Sad::LLVM::SIRFunction>'
  
C:\s\s_language\compiler\backends\llvm\llvm_codegen.cpp(549,22): error C2530: 'bb': references must be initialized [C:\s\s_language\build\compiler\pipeline\llvm\llvm_pipeline.vcxproj]
C:\s\s_language\compiler\backends\llvm\llvm_codegen.cpp(549,22): error C1003: error count exceeds 100; stopping compilation [C:\s\s_language\build\compiler\pipeline\llvm\llvm_pipeline.vcxproj]
  llvm_optimizer.cpp
C:\LLVM\include\llvm\ADT\Hashing.h(678,60): warning C4245: 'argument': conversion from 'int' to 'size_t', signed/unsigned mismatch [C:\s\s_language\build\compiler\pipeline\llvm\llvm_pipeline.vcxproj]
  (compiling source file '../../../../compiler/backends/llvm/llvm_optimizer.cpp')
  
C:\LLVM\include\llvm\ADT\Hashing.h(679,64): warning C4245: 'argument': conversion from 'int' to 'size_t', signed/unsigned mismatch [C:\s\s_language\build\compiler\pipeline\llvm\llvm_pipeline.vcxproj]
  (compiling source file '../../../../compiler/backends/llvm/llvm_optimizer.cpp')
  
C:\LLVM\include\llvm\ADT\DenseMapInfo.h(103,54): warning C4245: 'return': conversion from 'int' to 'unsigned char', signed/unsigned mismatch [C:\s\s_language\build\compiler\pipeline\llvm\llvm_pipeline.vcxproj]
  (compiling source file '../../../../compiler/backends/llvm/llvm_optimizer.cpp')
  
C:\LLVM\include\llvm\ADT\DenseMapInfo.h(104,61): warning C4245: 'return': conversion from 'int' to 'unsigned char', signed/unsigned mismatch [C:\s\s_language\build\compiler\pipeline\llvm\llvm_pipeline.vcxproj]
  (compiling source file '../../../../compiler/backends/llvm/llvm_optimizer.cpp')
  
C:\LLVM\include\llvm\Support\Alignment.h(79,25): warning C4244: '=': conversion from 'unsigned int' to 'uint8_t', possible loss of data [C:\s\s_language\build\compiler\pipeline\llvm\llvm_pipeline.vcxproj]
  (compiling source file '../../../../compiler/backends/llvm/llvm_optimizer.cpp')
  
C:\LLVM\include\llvm\Support\Alignment.h(224,26): warning C4244: '=': conversion from 'unsigned int' to 'uint8_t', possible loss of data [C:\s\s_language\build\compiler\pipeline\llvm\llvm_pipeline.vcxproj]
  (compiling source file '../../../../compiler/backends/llvm/llvm_optimizer.cpp')
  
C:\LLVM\include\llvm\Support\raw_ostream.h(147,43): warning C4100: 'ExtraSize': unreferenced parameter [C:\s\s_language\build\compiler\pipeline\llvm\llvm_pipeline.vcxproj]
  (compiling source file '../../../../compiler/backends/llvm/llvm_optimizer.cpp')
  
C:\LLVM\include\llvm\Support\raw_ostream.h(487,39): warning C4458: declaration of 'EC' hides class member [C:\s\s_language\build\compiler\pipeline\llvm\llvm_pipeline.vcxproj]
  (compiling source file '../../../../compiler/backends/llvm/llvm_optimizer.cpp')
      C:\LLVM\include\llvm\Support\raw_ostream.h(467,19):
      see declaration of 'llvm::raw_fd_ostream::EC'
  
C:\LLVM\include\llvm\IR\DerivedTypes.h(455,22): warning C4244: 'initializing': conversion from 'unsigned __int64' to 'unsigned int', possible loss of data [C:\s\s_language\build\compiler\pipeline\llvm\llvm_pipeline.vcxproj]
  (compiling source file '../../../../compiler/backends/llvm/llvm_optimizer.cpp')
  
C:\LLVM\include\llvm\IR\DerivedTypes.h(486,24): warning C4244: 'initializing': conversion from 'unsigned __int64' to 'unsigned int', possible loss of data [C:\s\s_language\build\compiler\pipeline\llvm\llvm_pipeline.vcxproj]
  (compiling source file '../../../../compiler/backends/llvm/llvm_optimizer.cpp')
  
C:\LLVM\include\llvm\IR\DerivedTypes.h(596,52): warning C4244: 'argument': conversion from 'uint64_t' to 'unsigned int', possible loss of data [C:\s\s_language\build\compiler\pipeline\llvm\llvm_pipeline.vcxproj]
  (compiling source file '../../../../compiler/backends/llvm/llvm_optimizer.cpp')
  
C:\LLVM\include\llvm\ADT\SmallVector.h(1130,23): warning C4324: 'llvm::SmallVectorStorage<T,0>': structure was padded due to alignment specifier [C:\s\s_language\build\compiler\pipeline\llvm\llvm_pipeline.vcxproj]
C:\LLVM\include\llvm\ADT\SmallVector.h(1130,23): warning C4324:         with [C:\s\s_language\build\compiler\pipeline\llvm\llvm_pipeline.vcxproj]
C:\LLVM\include\llvm\ADT\SmallVector.h(1130,23): warning C4324:         [ [C:\s\s_language\build\compiler\pipeline\llvm\llvm_pipeline.vcxproj]
C:\LLVM\include\llvm\ADT\SmallVector.h(1130,23): warning C4324:             T=llvm::APInt [C:\s\s_language\build\compiler\pipeline\llvm\llvm_pipeline.vcxproj]
C:\LLVM\include\llvm\ADT\SmallVector.h(1130,23): warning C4324:         ] [C:\s\s_language\build\compiler\pipeline\llvm\llvm_pipeline.vcxproj]
  (compiling source file '../../../../compiler/backends/llvm/llvm_optimizer.cpp')
      C:\LLVM\include\llvm\ADT\SmallVector.h(1130,23):
      the template instantiation context (the oldest one first) is
          C:\LLVM\include\llvm\ADT\SmallVector.h(1207,71):
          see reference to class template instantiation 'llvm::CalculateSmallVectorDefaultInlinedElements<T>' being compiled
          with
          [
              T=llvm::APInt
          ]
          C:\LLVM\include\llvm\ADT\SmallVector.h(1184,43):
          see reference to class template instantiation 'llvm::SmallVector<T,0>' being compiled
          with
          [
              T=llvm::APInt
          ]
          C:\LLVM\include\llvm\ADT\SmallVector.h(1209,36):
          see reference to class template instantiation 'llvm::SmallVectorStorage<T,0>' being compiled
          with
          [
              T=llvm::APInt
          ]
  
C:\LLVM\include\llvm\Support\TrailingObjects.h(203,1): warning C4324: 'llvm::trailing_objects_internal::TrailingObjectsImpl<8,BaseTy,TopTrailingObj,NextTy>': structure was padded due to alignment specifier [C:\s\s_language\build\compiler\pipeline\llvm\llvm_pipeline.vcxproj]
C:\LLVM\include\llvm\Support\TrailingObjects.h(203,1): warning C4324:         with [C:\s\s_language\build\compiler\pipeline\llvm\llvm_pipeline.vcxproj]
C:\LLVM\include\llvm\Support\TrailingObjects.h(203,1): warning C4324:         [ [C:\s\s_language\build\compiler\pipeline\llvm\llvm_pipeline.vcxproj]
C:\LLVM\include\llvm\Support\TrailingObjects.h(203,1): warning C4324:             BaseTy=llvm::StructLayout, [C:\s\s_language\build\compiler\pipeline\llvm\llvm_pipeline.vcxproj]
C:\LLVM\include\llvm\Support\TrailingObjects.h(203,1): warning C4324:             TopTrailingObj=llvm::TrailingObjects<llvm::StructLayout,llvm::TypeSize>, [C:\s\s_language\build\compiler\pipeline\llvm\llvm_pipeline.vcxproj]
C:\LLVM\include\llvm\Support\TrailingObjects.h(203,1): warning C4324:             NextTy=llvm::TypeSize [C:\s\s_language\build\compiler\pipeline\llvm\llvm_pipeline.vcxproj]
C:\LLVM\include\llvm\Support\TrailingObjects.h(203,1): warning C4324:         ] [C:\s\s_language\build\compiler\pipeline\llvm\llvm_pipeline.vcxproj]
  (compiling source file '../../../../compiler/backends/llvm/llvm_optimizer.cpp')
      C:\LLVM\include\llvm\Support\TrailingObjects.h(203,1):
      the template instantiation context (the oldest one first) is
          C:\LLVM\include\llvm\IR\DataLayout.h(622,35):
          see reference to class template instantiation 'llvm::TrailingObjects<llvm::StructLayout,llvm::TypeSize>' being compiled
          C:\LLVM\include\llvm\Support\TrailingObjects.h(212,60):
          see reference to class template instantiation 'llvm::trailing_objects_internal::TrailingObjectsImpl<8,BaseTy,llvm::TrailingObjects<BaseTy,llvm::TypeSize>,BaseTy,llvm::TypeSize>' being compiled
          with
          [
              BaseTy=llvm::StructLayout
          ]
          C:\LLVM\include\llvm\Support\TrailingObjects.h(117,14):
          see reference to class template instantiation 'llvm::trailing_objects_internal::TrailingObjectsImpl<8,BaseTy,TopTrailingObj,NextTy>' being compiled
          with
          [
              BaseTy=llvm::StructLayout,
              TopTrailingObj=llvm::TrailingObjects<llvm::StructLayout,llvm::TypeSize>,
              NextTy=llvm::TypeSize
          ]
  
C:\LLVM\include\llvm\ADT\ilist_node_base.h(26,33): warning C4458: declaration of 'Prev' hides class member [C:\s\s_language\build\compiler\pipeline\llvm\llvm_pipeline.vcxproj]
  (compiling source file '../../../../compiler/backends/llvm/llvm_optimizer.cpp')
      C:\LLVM\include\llvm\ADT\ilist_node_base.h(22,20):
      see declaration of 'llvm::ilist_node_base<false>::Prev'
  
C:\LLVM\include\llvm\ADT\ilist_node_base.h(27,33): warning C4458: declaration of 'Next' hides class member [C:\s\s_language\build\compiler\pipeline\llvm\llvm_pipeline.vcxproj]
  (compiling source file '../../../../compiler/backends/llvm/llvm_optimizer.cpp')
      C:\LLVM\include\llvm\ADT\ilist_node_base.h(23,20):
      see declaration of 'llvm::ilist_node_base<false>::Next'
  
C:\LLVM\include\llvm\ADT\ilist_node_base.h(41,33): warning C4458: declaration of 'Next' hides class member [C:\s\s_language\build\compiler\pipeline\llvm\llvm_pipeline.vcxproj]
  (compiling source file '../../../../compiler/backends/llvm/llvm_optimizer.cpp')
      C:\LLVM\include\llvm\ADT\ilist_node_base.h(37,20):
      see declaration of 'llvm::ilist_node_base<true>::Next'
  
C:\LLVM\include\llvm\IR\Metadata.h(57,38): warning C4245: 'initializing': conversion from 'int' to 'uint64_t', signed/unsigned mismatch [C:\s\s_language\build\compiler\pipeline\llvm\llvm_pipeline.vcxproj]
  (compiling source file '../../../../compiler/backends/llvm/llvm_optimizer.cpp')
  
C:\LLVM\include\llvm\IR\Metadata.h(87,19): warning C4244: 'initializing': conversion from 'unsigned int' to 'const unsigned char', possible loss of data [C:\s\s_language\build\compiler\pipeline\llvm\llvm_pipeline.vcxproj]
  (compiling source file '../../../../compiler/backends/llvm/llvm_optimizer.cpp')
  
C:\LLVM\include\llvm\IR\Metadata.h(87,32): warning C4244: 'initializing': conversion from 'llvm::Metadata::StorageType' to 'unsigned char', possible loss of data [C:\s\s_language\build\compiler\pipeline\llvm\llvm_pipeline.vcxproj]
  (compiling source file '../../../../compiler/backends/llvm/llvm_optimizer.cpp')
  
C:\LLVM\include\llvm\ADT\SmallVector.h(1130,23): warning C4324: 'llvm::SmallVectorStorage<T,0>': structure was padded due to alignment specifier [C:\s\s_language\build\compiler\pipeline\llvm\llvm_pipeline.vcxproj]
C:\LLVM\include\llvm\ADT\SmallVector.h(1130,23): warning C4324:         with [C:\s\s_language\build\compiler\pipeline\llvm\llvm_pipeline.vcxproj]
C:\LLVM\include\llvm\ADT\SmallVector.h(1130,23): warning C4324:         [ [C:\s\s_language\build\compiler\pipeline\llvm\llvm_pipeline.vcxproj]
C:\LLVM\include\llvm\ADT\SmallVector.h(1130,23): warning C4324:             T=llvm::Metadata * [C:\s\s_language\build\compiler\pipeline\llvm\llvm_pipeline.vcxproj]
C:\LLVM\include\llvm\ADT\SmallVector.h(1130,23): warning C4324:         ] [C:\s\s_language\build\compiler\pipeline\llvm\llvm_pipeline.vcxproj]
  (compiling source file '../../../../compiler/backends/llvm/llvm_optimizer.cpp')
      C:\LLVM\include\llvm\ADT\SmallVector.h(1130,23):
      the template instantiation context (the oldest one first) is
          C:\LLVM\include\llvm\ADT\SmallVector.h(1207,71):
          see reference to class template instantiation 'llvm::CalculateSmallVectorDefaultInlinedElements<T>' being compiled
          with
          [
              T=llvm::Metadata *
          ]
          C:\LLVM\include\llvm\ADT\SmallVector.h(1184,43):
          see reference to class template instantiation 'llvm::SmallVector<T,0>' being compiled
          with
          [
              T=llvm::Metadata *
          ]
          C:\LLVM\include\llvm\ADT\SmallVector.h(1209,36):
          see reference to class template instantiation 'llvm::SmallVectorStorage<T,0>' being compiled
          with
          [
              T=llvm::Metadata *
          ]
  
C:\LLVM\include\llvm\ADT\SmallVector.h(1130,23): warning C4324: 'llvm::SmallVectorStorage<T,0>': structure was padded due to alignment specifier [C:\s\s_language\build\compiler\pipeline\llvm\llvm_pipeline.vcxproj]
C:\LLVM\include\llvm\ADT\SmallVector.h(1130,23): warning C4324:         with [C:\s\s_language\build\compiler\pipeline\llvm\llvm_pipeline.vcxproj]
C:\LLVM\include\llvm\ADT\SmallVector.h(1130,23): warning C4324:         [ [C:\s\s_language\build\compiler\pipeline\llvm\llvm_pipeline.vcxproj]
C:\LLVM\include\llvm\ADT\SmallVector.h(1130,23): warning C4324:             T=llvm::DPValue * [C:\s\s_language\build\compiler\pipeline\llvm\llvm_pipeline.vcxproj]
C:\LLVM\include\llvm\ADT\SmallVector.h(1130,23): warning C4324:         ] [C:\s\s_language\build\compiler\pipeline\llvm\llvm_pipeline.vcxproj]
  (compiling source file '../../../../compiler/backends/llvm/llvm_optimizer.cpp')
      C:\LLVM\include\llvm\ADT\SmallVector.h(1130,23):
      the template instantiation context (the oldest one first) is
          C:\LLVM\include\llvm\ADT\SmallVector.h(1207,71):
          see reference to class template instantiation 'llvm::CalculateSmallVectorDefaultInlinedElements<T>' being compiled
          with
          [
              T=llvm::DPValue *
          ]
          C:\LLVM\include\llvm\ADT\SmallVector.h(1184,43):
          see reference to class template instantiation 'llvm::SmallVector<T,0>' being compiled
          with
          [
              T=llvm::DPValue *
          ]
          C:\LLVM\include\llvm\ADT\SmallVector.h(1209,36):
          see reference to class template instantiation 'llvm::SmallVectorStorage<T,0>' being compiled
          with
          [
              T=llvm::DPValue *
          ]
  
C:\LLVM\include\llvm\IR\Metadata.h(919,24): warning C4458: declaration of 'MD' hides class member [C:\s\s_language\build\compiler\pipeline\llvm\llvm_pipeline.vcxproj]
  (compiling source file '../../../../compiler/backends/llvm/llvm_optimizer.cpp')
      C:\LLVM\include\llvm\IR\Metadata.h(882,13):
      see declaration of 'llvm::MDOperand::MD'
  
C:\LLVM\include\llvm\ADT\SmallVector.h(1130,23): warning C4324: 'llvm::SmallVectorStorage<T,0>': structure was padded due to alignment specifier [C:\s\s_language\build\compiler\pipeline\llvm\llvm_pipeline.vcxproj]
C:\LLVM\include\llvm\ADT\SmallVector.h(1130,23): warning C4324:         with [C:\s\s_language\build\compiler\pipeline\llvm\llvm_pipeline.vcxproj]
C:\LLVM\include\llvm\ADT\SmallVector.h(1130,23): warning C4324:         [ [C:\s\s_language\build\compiler\pipeline\llvm\llvm_pipeline.vcxproj]
C:\LLVM\include\llvm\ADT\SmallVector.h(1130,23): warning C4324:             T=llvm::MDOperand [C:\s\s_language\build\compiler\pipeline\llvm\llvm_pipeline.vcxproj]
C:\LLVM\include\llvm\ADT\SmallVector.h(1130,23): warning C4324:         ] [C:\s\s_language\build\compiler\pipeline\llvm\llvm_pipeline.vcxproj]
  (compiling source file '../../../../compiler/backends/llvm/llvm_optimizer.cpp')
      C:\LLVM\include\llvm\ADT\SmallVector.h(1130,23):
      the template instantiation context (the oldest one first) is
          C:\LLVM\include\llvm\IR\Metadata.h(1082,15):
          see reference to class template instantiation 'llvm::SmallVector<llvm::MDOperand,0>' being compiled
          C:\LLVM\include\llvm\ADT\SmallVector.h(1209,36):
          see reference to class template instantiation 'llvm::SmallVectorStorage<T,0>' being compiled
          with
          [
              T=llvm::MDOperand
          ]
  
C:\LLVM\include\llvm\IR\Metadata.h(1101,30): warning C4267: 'argument': conversion from 'size_t' to 'unsigned int', possible loss of data [C:\s\s_language\build\compiler\pipeline\llvm\llvm_pipeline.vcxproj]
  (compiling source file '../../../../compiler/backends/llvm/llvm_optimizer.cpp')
  
C:\LLVM\include\llvm\IR\Metadata.h(1160,29): warning C4267: 'return': conversion from 'size_t' to 'unsigned int', possible loss of data [C:\s\s_language\build\compiler\pipeline\llvm\llvm_pipeline.vcxproj]
  (compiling source file '../../../../compiler/backends/llvm/llvm_optimizer.cpp')
  
C:\LLVM\include\llvm\IR\Metadata.h(1522,16): warning C4267: 'argument': conversion from 'size_t' to 'unsigned int', possible loss of data [C:\s\s_language\build\compiler\pipeline\llvm\llvm_pipeline.vcxproj]
  (compiling source file '../../../../compiler/backends/llvm/llvm_optimizer.cpp')
  
C:\LLVM\include\llvm\IR\TrackingMDRef.h(66,24): warning C4458: declaration of 'MD' hides class member [C:\s\s_language\build\compiler\pipeline\llvm\llvm_pipeline.vcxproj]
  (compiling source file '../../../../compiler/backends/llvm/llvm_optimizer.cpp')
      C:\LLVM\include\llvm\IR\TrackingMDRef.h(26,13):
      see declaration of 'llvm::TrackingMDRef::MD'
  
C:\LLVM\include\llvm\ADT\SmallVector.h(1130,23): warning C4324: 'llvm::SmallVectorStorage<T,0>': structure was padded due to alignment specifier [C:\s\s_language\build\compiler\pipeline\llvm\llvm_pipeline.vcxproj]
C:\LLVM\include\llvm\ADT\SmallVector.h(1130,23): warning C4324:         with [C:\s\s_language\build\compiler\pipeline\llvm\llvm_pipeline.vcxproj]
C:\LLVM\include\llvm\ADT\SmallVector.h(1130,23): warning C4324:         [ [C:\s\s_language\build\compiler\pipeline\llvm\llvm_pipeline.vcxproj]
C:\LLVM\include\llvm\ADT\SmallVector.h(1130,23): warning C4324:             T=llvm::StringRef [C:\s\s_language\build\compiler\pipeline\llvm\llvm_pipeline.vcxproj]
C:\LLVM\include\llvm\ADT\SmallVector.h(1130,23): warning C4324:         ] [C:\s\s_language\build\compiler\pipeline\llvm\llvm_pipeline.vcxproj]
  (compiling source file '../../../../compiler/backends/llvm/llvm_optimizer.cpp')
      C:\LLVM\include\llvm\ADT\SmallVector.h(1130,23):
      the template instantiation context (the oldest one first) is
          C:\LLVM\include\llvm\ADT\SmallVector.h(1207,71):
          see reference to class template instantiation 'llvm::CalculateSmallVectorDefaultInlinedElements<T>' being compiled
          with
          [
              T=llvm::StringRef
          ]
          C:\LLVM\include\llvm\ADT\SmallVector.h(1184,43):
          see reference to class template instantiation 'llvm::SmallVector<T,0>' being compiled
          with
          [
              T=llvm::StringRef
          ]
          C:\LLVM\include\llvm\ADT\SmallVector.h(1209,36):
          see reference to class template instantiation 'llvm::SmallVectorStorage<T,0>' being compiled
          with
          [
              T=llvm::StringRef
          ]
  
C:\LLVM\include\llvm\IR\BasicBlock.h(760,34): warning C4244: '+=': conversion from 'int' to 'unsigned short', possible loss of data [C:\s\s_language\build\compiler\pipeline\llvm\llvm_pipeline.vcxproj]
  (compiling source file '../../../../compiler/backends/llvm/llvm_optimizer.cpp')
  
C:\LLVM\include\llvm\IR\Function.h(269,64): warning C4244: 'argument': conversion from 'unsigned int' to 'unsigned short', possible loss of data [C:\s\s_language\build\compiler\pipeline\llvm\llvm_pipeline.vcxproj]
  (compiling source file '../../../../compiler/backends/llvm/llvm_optimizer.cpp')
  
C:\LLVM\include\llvm\ADT\SmallVector.h(1130,23): warning C4324: 'llvm::SmallVectorStorage<T,0>': structure was padded due to alignment specifier [C:\s\s_language\build\compiler\pipeline\llvm\llvm_pipeline.vcxproj]
C:\LLVM\include\llvm\ADT\SmallVector.h(1130,23): warning C4324:         with [C:\s\s_language\build\compiler\pipeline\llvm\llvm_pipeline.vcxproj]
C:\LLVM\include\llvm\ADT\SmallVector.h(1130,23): warning C4324:         [ [C:\s\s_language\build\compiler\pipeline\llvm\llvm_pipeline.vcxproj]
C:\LLVM\include\llvm\ADT\SmallVector.h(1130,23): warning C4324:             T=llvm::BitVector::BitWord [C:\s\s_language\build\compiler\pipeline\llvm\llvm_pipeline.vcxproj]
C:\LLVM\include\llvm\ADT\SmallVector.h(1130,23): warning C4324:         ] [C:\s\s_language\build\compiler\pipeline\llvm\llvm_pipeline.vcxproj]
  (compiling source file '../../../../compiler/backends/llvm/llvm_optimizer.cpp')
      C:\LLVM\include\llvm\ADT\SmallVector.h(1130,23):
      the template instantiation context (the oldest one first) is
          C:\LLVM\include\llvm\ADT\SmallVector.h(1207,71):
          see reference to class template instantiation 'llvm::CalculateSmallVectorDefaultInlinedElements<T>' being compiled
          with
          [
              T=llvm::BitVector::BitWord
          ]
          C:\LLVM\include\llvm\ADT\SmallVector.h(1184,43):
          see reference to class template instantiation 'llvm::SmallVector<T,0>' being compiled
          with
          [
              T=llvm::BitVector::BitWord
          ]
          C:\LLVM\include\llvm\ADT\SmallVector.h(1209,36):
          see reference to class template instantiation 'llvm::SmallVectorStorage<T,0>' being compiled
          with
          [
              T=llvm::BitVector::BitWord
          ]
  
C:\LLVM\include\llvm\ADT\BitVector.h(380,16): warning C4244: '=': conversion from 'uint64_t' to 'unsigned int', possible loss of data [C:\s\s_language\build\compiler\pipeline\llvm\llvm_pipeline.vcxproj]
  (compiling source file '../../../../compiler/backends/llvm/llvm_optimizer.cpp')
  
C:\LLVM\include\llvm\ADT\BitVector.h(419,16): warning C4244: '=': conversion from 'uint64_t' to 'unsigned int', possible loss of data [C:\s\s_language\build\compiler\pipeline\llvm\llvm_pipeline.vcxproj]
  (compiling source file '../../../../compiler/backends/llvm/llvm_optimizer.cpp')
  
C:\LLVM\include\llvm\ADT\BitVector.h(490,24): warning C4267: 'initializing': conversion from 'size_t' to 'unsigned int', possible loss of data [C:\s\s_language\build\compiler\pipeline\llvm\llvm_pipeline.vcxproj]
  (compiling source file '../../../../compiler/backends/llvm/llvm_optimizer.cpp')
  
C:\LLVM\include\llvm\ADT\BitVector.h(491,23): warning C4267: 'initializing': conversion from 'size_t' to 'unsigned int', possible loss of data [C:\s\s_language\build\compiler\pipeline\llvm\llvm_pipeline.vcxproj]
  (compiling source file '../../../../compiler/backends/llvm/llvm_optimizer.cpp')
  
C:\LLVM\include\llvm\ADT\BitVector.h(502,23): warning C4267: 'initializing': conversion from 'size_t' to 'unsigned int', possible loss of data [C:\s\s_language\build\compiler\pipeline\llvm\llvm_pipeline.vcxproj]
  (compiling source file '../../../../compiler/backends/llvm/llvm_optimizer.cpp')
  
C:\LLVM\include\llvm\ADT\BitVector.h(510,24): warning C4267: 'initializing': conversion from 'size_t' to 'unsigned int', possible loss of data [C:\s\s_language\build\compiler\pipeline\llvm\llvm_pipeline.vcxproj]
  (compiling source file '../../../../compiler/backends/llvm/llvm_optimizer.cpp')
  
C:\LLVM\include\llvm\ADT\BitVector.h(511,23): warning C4267: 'initializing': conversion from 'size_t' to 'unsigned int', possible loss of data [C:\s\s_language\build\compiler\pipeline\llvm\llvm_pipeline.vcxproj]
  (compiling source file '../../../../compiler/backends/llvm/llvm_optimizer.cpp')
  
C:\LLVM\include\llvm\ADT\BitVector.h(527,24): warning C4267: 'initializing': conversion from 'size_t' to 'unsigned int', possible loss of data [C:\s\s_language\build\compiler\pipeline\llvm\llvm_pipeline.vcxproj]
  (compiling source file '../../../../compiler/backends/llvm/llvm_optimizer.cpp')
  
C:\LLVM\include\llvm\ADT\BitVector.h(528,23): warning C4267: 'initializing': conversion from 'size_t' to 'unsigned int', possible loss of data [C:\s\s_language\build\compiler\pipeline\llvm\llvm_pipeline.vcxproj]
  (compiling source file '../../../../compiler/backends/llvm/llvm_optimizer.cpp')
  
C:\LLVM\include\llvm\ADT\BitVector.h(537,24): warning C4267: 'initializing': conversion from 'size_t' to 'unsigned int', possible loss of data [C:\s\s_language\build\compiler\pipeline\llvm\llvm_pipeline.vcxproj]
  (compiling source file '../../../../compiler/backends/llvm/llvm_optimizer.cpp')
  
C:\LLVM\include\llvm\ADT\BitVector.h(538,23): warning C4267: 'initializing': conversion from 'size_t' to 'unsigned int', possible loss of data [C:\s\s_language\build\compiler\pipeline\llvm\llvm_pipeline.vcxproj]
  (compiling source file '../../../../compiler/backends/llvm/llvm_optimizer.cpp')
  
C:\LLVM\include\llvm\ADT\BitVector.h(568,29): warning C4267: 'initializing': conversion from 'size_t' to 'llvm::BitVector::size_type', possible loss of data [C:\s\s_language\build\compiler\pipeline\llvm\llvm_pipeline.vcxproj]
  (compiling source file '../../../../compiler/backends/llvm/llvm_optimizer.cpp')
  
C:\LLVM\include\llvm\ADT\BitVector.h(576,29): warning C4267: 'initializing': conversion from 'size_t' to 'llvm::BitVector::size_type', possible loss of data [C:\s\s_language\build\compiler\pipeline\llvm\llvm_pipeline.vcxproj]
  (compiling source file '../../../../compiler/backends/llvm/llvm_optimizer.cpp')
  
C:\LLVM\include\llvm\ADT\BitVector.h(586,23): warning C4267: 'initializing': conversion from 'size_t' to 'unsigned int', possible loss of data [C:\s\s_language\build\compiler\pipeline\llvm\llvm_pipeline.vcxproj]
  (compiling source file '../../../../compiler/backends/llvm/llvm_optimizer.cpp')
  
C:\LLVM\include\llvm\ADT\BitVector.h(635,23): warning C4267: 'initializing': conversion from 'size_t' to 'unsigned int', possible loss of data [C:\s\s_language\build\compiler\pipeline\llvm\llvm_pipeline.vcxproj]
  (compiling source file '../../../../compiler/backends/llvm/llvm_optimizer.cpp')
  
C:\LLVM\include\llvm\ADT\BitVector.h(748,23): warning C4267: 'initializing': conversion from 'size_t' to 'uint32_t', possible loss of data [C:\s\s_language\build\compiler\pipeline\llvm\llvm_pipeline.vcxproj]
  (compiling source file '../../../../compiler/backends/llvm/llvm_optimizer.cpp')
  
C:\LLVM\include\llvm\ADT\BitVector.h(766,23): warning C4267: 'initializing': conversion from 'size_t' to 'uint32_t', possible loss of data [C:\s\s_language\build\compiler\pipeline\llvm\llvm_pipeline.vcxproj]
  (compiling source file '../../../../compiler/backends/llvm/llvm_optimizer.cpp')
  
C:\LLVM\include\llvm\ADT\BitVector.h(831,56): warning C4267: 'return': conversion from 'size_t' to 'llvm::BitVector::size_type', possible loss of data [C:\s\s_language\build\compiler\pipeline\llvm\llvm_pipeline.vcxproj]
  (compiling source file '../../../../compiler/backends/llvm/llvm_optimizer.cpp')
  
C:\LLVM\include\llvm\ADT\BitVector.h(832,57): warning C4267: 'return': conversion from 'size_t' to 'llvm::BitVector::size_type', possible loss of data [C:\s\s_language\build\compiler\pipeline\llvm\llvm_pipeline.vcxproj]
  (compiling source file '../../../../compiler/backends/llvm/llvm_optimizer.cpp')
  
C:\LLVM\include\llvm\IR\InstrTypes.h(1341,41): warning C4458: declaration of 'FTy' hides class member [C:\s\s_language\build\compiler\pipeline\llvm\llvm_pipeline.vcxproj]
  (compiling source file '../../../../compiler/backends/llvm/llvm_optimizer.cpp')
      C:\LLVM\include\llvm\IR\InstrTypes.h(1274,17):
      see declaration of 'llvm::CallBase::FTy'
  
C:\LLVM\include\llvm\IR\InstrTypes.h(1375,25): warning C4244: 'return': conversion from '__int64' to 'unsigned int', possible loss of data [C:\s\s_language\build\compiler\pipeline\llvm\llvm_pipeline.vcxproj]
  (compiling source file '../../../../compiler/backends/llvm/llvm_optimizer.cpp')
  
C:\LLVM\include\llvm\IR\InstrTypes.h(1397,14): warning C4244: 'return': conversion from '__int64' to 'unsigned int', possible loss of data [C:\s\s_language\build\compiler\pipeline\llvm\llvm_pipeline.vcxproj]
  (compiling source file '../../../../compiler/backends/llvm/llvm_optimizer.cpp')
  
C:\LLVM\include\llvm\IR\InstrTypes.h(1424,48): warning C4244: 'return': conversion from '__int64' to 'unsigned int', possible loss of data [C:\s\s_language\build\compiler\pipeline\llvm\llvm_pipeline.vcxproj]
  (compiling source file '../../../../compiler/backends/llvm/llvm_optimizer.cpp')
  
C:\LLVM\include\llvm\IR\InstrTypes.h(1459,14): warning C4244: 'return': conversion from '__int64' to 'unsigned int', possible loss of data [C:\s\s_language\build\compiler\pipeline\llvm\llvm_pipeline.vcxproj]
  (compiling source file '../../../../compiler/backends/llvm/llvm_optimizer.cpp')
  
C:\LLVM\include\llvm\IR\InstrTypes.h(1531,40): warning C4458: declaration of 'FTy' hides class member [C:\s\s_language\build\compiler\pipeline\llvm\llvm_pipeline.vcxproj]
  (compiling source file '../../../../compiler/backends/llvm/llvm_optimizer.cpp')
      C:\LLVM\include\llvm\IR\InstrTypes.h(1274,17):
      see declaration of 'llvm::CallBase::FTy'
  
C:\LLVM\include\llvm\IR\InstrTypes.h(2037,25): warning C4244: 'return': conversion from '__int64' to 'unsigned int', possible loss of data [C:\s\s_language\build\compiler\pipeline\llvm\llvm_pipeline.vcxproj]
  (compiling source file '../../../../compiler/backends/llvm/llvm_optimizer.cpp')
  
C:\LLVM\include\llvm\IR\InstrTypes.h(2072,53): warning C4244: 'argument': conversion from '__int64' to 'unsigned int', possible loss of data [C:\s\s_language\build\compiler\pipeline\llvm\llvm_pipeline.vcxproj]
  (compiling source file '../../../../compiler/backends/llvm/llvm_optimizer.cpp')
  
C:\LLVM\include\llvm\IR\InstrTypes.h(2350,28): warning C4267: '+=': conversion from 'size_t' to 'unsigned int', possible loss of data [C:\s\s_language\build\compiler\pipeline\llvm\llvm_pipeline.vcxproj]
  (compiling source file '../../../../compiler/backends/llvm/llvm_optimizer.cpp')
  
C:\LLVM\include\llvm\ADT\SmallVector.h(1130,23): warning C4324: 'llvm::SmallVectorStorage<T,0>': structure was padded due to alignment specifier [C:\s\s_language\build\compiler\pipeline\llvm\llvm_pipeline.vcxproj]
C:\LLVM\include\llvm\ADT\SmallVector.h(1130,23): warning C4324:         with [C:\s\s_language\build\compiler\pipeline\llvm\llvm_pipeline.vcxproj]
C:\LLVM\include\llvm\ADT\SmallVector.h(1130,23): warning C4324:         [ [C:\s\s_language\build\compiler\pipeline\llvm\llvm_pipeline.vcxproj]
C:\LLVM\include\llvm\ADT\SmallVector.h(1130,23): warning C4324:             T=std::pair<void *,size_t> [C:\s\s_language\build\compiler\pipeline\llvm\llvm_pipeline.vcxproj]
C:\LLVM\include\llvm\ADT\SmallVector.h(1130,23): warning C4324:         ] [C:\s\s_language\build\compiler\pipeline\llvm\llvm_pipeline.vcxproj]
  (compiling source file '../../../../compiler/backends/llvm/llvm_optimizer.cpp')
      C:\LLVM\include\llvm\ADT\SmallVector.h(1130,23):
      the template instantiation context (the oldest one first) is
          C:\LLVM\include\llvm\Support\Allocator.h(63,7):
          while compiling class template 'llvm::BumpPtrAllocatorImpl'
          C:\LLVM\include\llvm\Support\Allocator.h(314,45):
          see reference to class template instantiation 'llvm::SmallVector<std::pair<void *,size_t>,0>' being compiled
          C:\LLVM\include\llvm\ADT\SmallVector.h(1209,36):
          see reference to class template instantiation 'llvm::SmallVectorStorage<T,0>' being compiled
          with
          [
              T=std::pair<void *,size_t>
          ]
  
C:\LLVM\include\llvm\Support\CommandLine.h(337,47): warning C4244: '=': conversion from 'unsigned int' to 'uint16_t', possible loss of data [C:\s\s_language\build\compiler\pipeline\llvm\llvm_pipeline.vcxproj]
  (compiling source file '../../../../compiler/backends/llvm/llvm_optimizer.cpp')
  
C:\LLVM\include\llvm\Support\CommandLine.h(344,39): warning C4244: 'initializing': conversion from 'llvm::cl::NumOccurrencesFlag' to 'uint16_t', possible loss of data [C:\s\s_language\build\compiler\pipeline\llvm\llvm_pipeline.vcxproj]
  (compiling source file '../../../../compiler/backends/llvm/llvm_optimizer.cpp')
  
C:\LLVM\include\llvm\Support\CommandLine.h(345,19): warning C4244: 'initializing': conversion from 'llvm::cl::OptionHidden' to 'uint16_t', possible loss of data [C:\s\s_language\build\compiler\pipeline\llvm\llvm_pipeline.vcxproj]
  (compiling source file '../../../../compiler/backends/llvm/llvm_optimizer.cpp')
  
C:\LLVM\include\llvm\Support\CommandLine.h(350,67): warning C4244: '=': conversion from 'unsigned int' to 'uint16_t', possible loss of data [C:\s\s_language\build\compiler\pipeline\llvm\llvm_pipeline.vcxproj]
  (compiling source file '../../../../compiler/backends/llvm/llvm_optimizer.cpp')
  
C:\LLVM\include\llvm\Support\CommandLine.h(1928,69): warning C4458: declaration of 'Value' hides class member [C:\s\s_language\build\compiler\pipeline\llvm\llvm_pipeline.vcxproj]
  (compiling source file '../../../../compiler/backends/llvm/llvm_optimizer.cpp')
      C:\LLVM\include\llvm\Support\CommandLine.h(280,12):
      see declaration of 'llvm::cl::Option::Value'
  
C:\LLVM\include\llvm\Support\Format.h(236,23): warning C4244: '=': conversion from 'uint32_t' to 'uint8_t', possible loss of data [C:\s\s_language\build\compiler\pipeline\llvm\llvm_pipeline.vcxproj]
  (compiling source file '../../../../compiler/backends/llvm/llvm_optimizer.cpp')
  
C:\LLVM\include\llvm\Support\Error.h(302,24): warning C4100: 'V': unreferenced parameter [C:\s\s_language\build\compiler\pipeline\llvm\llvm_pipeline.vcxproj]
  (compiling source file '../../../../compiler/backends/llvm/llvm_optimizer.cpp')
  
C:\LLVM\include\llvm\Support\Error.h(1152,37): warning C4458: declaration of 'EC' hides class member [C:\s\s_language\build\compiler\pipeline\llvm\llvm_pipeline.vcxproj]
  (compiling source file '../../../../compiler/backends/llvm/llvm_optimizer.cpp')
      C:\LLVM\include\llvm\Support\Error.h(1163,19):
      see declaration of 'llvm::ECError::EC'
  
C:\LLVM\include\llvm\Support\Error.h(1361,30): warning C4458: declaration of 'Banner' hides class member [C:\s\s_language\build\compiler\pipeline\llvm\llvm_pipeline.vcxproj]
  (compiling source file '../../../../compiler/backends/llvm/llvm_optimizer.cpp')
      C:\LLVM\include\llvm\Support\Error.h(1394,15):
      see declaration of 'llvm::ExitOnError::Banner'
  
C:\LLVM\include\llvm\Support\Error.h(1364,60): warning C4458: declaration of 'GetExitCode' hides class member [C:\s\s_language\build\compiler\pipeline\llvm\llvm_pipeline.vcxproj]
  (compiling source file '../../../../compiler/backends/llvm/llvm_optimizer.cpp')
      C:\LLVM\include\llvm\Support\Error.h(1395,37):
      see declaration of 'llvm::ExitOnError::GetExitCode'
  
C:\LLVM\include\llvm\IR\PassManager.h(89,32): warning C4324: 'llvm::AnalysisKey': structure was padded due to alignment specifier [C:\s\s_language\build\compiler\pipeline\llvm\llvm_pipeline.vcxproj]
  (compiling source file '../../../../compiler/backends/llvm/llvm_optimizer.cpp')
  
C:\LLVM\include\llvm\IR\PassManager.h(99,35): warning C4324: 'llvm::AnalysisSetKey': structure was padded due to alignment specifier [C:\s\s_language\build\compiler\pipeline\llvm\llvm_pipeline.vcxproj]
  (compiling source file '../../../../compiler/backends/llvm/llvm_optimizer.cpp')
  
C:\LLVM\include\llvm\ADT\SmallVector.h(1130,23): warning C4324: 'llvm::SmallVectorStorage<T,0>': structure was padded due to alignment specifier [C:\s\s_language\build\compiler\pipeline\llvm\llvm_pipeline.vcxproj]
C:\LLVM\include\llvm\ADT\SmallVector.h(1130,23): warning C4324:         with [C:\s\s_language\build\compiler\pipeline\llvm\llvm_pipeline.vcxproj]
C:\LLVM\include\llvm\ADT\SmallVector.h(1130,23): warning C4324:         [ [C:\s\s_language\build\compiler\pipeline\llvm\llvm_pipeline.vcxproj]
C:\LLVM\include\llvm\ADT\SmallVector.h(1130,23): warning C4324:             T=llvm::AnalysisID [C:\s\s_language\build\compiler\pipeline\llvm\llvm_pipeline.vcxproj]
C:\LLVM\include\llvm\ADT\SmallVector.h(1130,23): warning C4324:         ] [C:\s\s_language\build\compiler\pipeline\llvm\llvm_pipeline.vcxproj]
  (compiling source file '../../../../compiler/backends/llvm/llvm_optimizer.cpp')
      C:\LLVM\include\llvm\ADT\SmallVector.h(1130,23):
      the template instantiation context (the oldest one first) is
          C:\LLVM\include\llvm\PassAnalysisSupport.h(59,30):
          see reference to class template instantiation 'llvm::SmallVector<llvm::AnalysisID,0>' being compiled
          C:\LLVM\include\llvm\ADT\SmallVector.h(1209,36):
          see reference to class template instantiation 'llvm::SmallVectorStorage<T,0>' being compiled
          with
          [
              T=llvm::AnalysisID
          ]
  
C:\LLVM\include\llvm\Analysis\LazyCallGraph.h(480,41): warning C4267: 'return': conversion from 'size_t' to 'int', possible loss of data [C:\s\s_language\build\compiler\pipeline\llvm\llvm_pipeline.vcxproj]
  (compiling source file '../../../../compiler/backends/llvm/llvm_optimizer.cpp')
  
C:\LLVM\include\llvm\Analysis\CGSCCPassManager.h(400,45): warning C4458: declaration of 'FAM' hides class member [C:\s\s_language\build\compiler\pipeline\llvm\llvm_pipeline.vcxproj]
  (compiling source file '../../../../compiler/backends/llvm/llvm_optimizer.cpp')
      C:\LLVM\include\llvm\Analysis\CGSCCPassManager.h(411,30):
      see declaration of 'llvm::FunctionAnalysisManagerCGSCCProxy::Result::FAM'
  
C:\LLVM\include\llvm\Analysis\CGSCCPassManager.h(542,52): warning C4100: 'FAM': unreferenced parameter [C:\s\s_language\build\compiler\pipeline\llvm\llvm_pipeline.vcxproj]
  (compiling source file '../../../../compiler/backends/llvm/llvm_optimizer.cpp')
  
C:\LLVM\include\llvm\Analysis\CGSCCPassManager.h(542,24): warning C4100: 'F': unreferenced parameter [C:\s\s_language\build\compiler\pipeline\llvm\llvm_pipeline.vcxproj]
  (compiling source file '../../../../compiler/backends/llvm/llvm_optimizer.cpp')
  
C:\LLVM\include\llvm\CodeGen\MachinePassManager.h(41,35): warning C4324: 'llvm::MachinePassKey': structure was padded due to alignment specifier [C:\s\s_language\build\compiler\pipeline\llvm\llvm_pipeline.vcxproj]
  (compiling source file '../../../../compiler/backends/llvm/llvm_optimizer.cpp')
  
C:\LLVM\include\llvm\Support\JSON.h(739,11): warning C4244: '=': conversion from '_Ty' to 'int', possible loss of data [C:\s\s_language\build\compiler\pipeline\llvm\llvm_pipeline.vcxproj]
C:\LLVM\include\llvm\Support\JSON.h(739,11): warning C4244:         with [C:\s\s_language\build\compiler\pipeline\llvm\llvm_pipeline.vcxproj]
C:\LLVM\include\llvm\Support\JSON.h(739,11): warning C4244:         [ [C:\s\s_language\build\compiler\pipeline\llvm\llvm_pipeline.vcxproj]
C:\LLVM\include\llvm\Support\JSON.h(739,11): warning C4244:             _Ty=int64_t [C:\s\s_language\build\compiler\pipeline\llvm\llvm_pipeline.vcxproj]
C:\LLVM\include\llvm\Support\JSON.h(739,11): warning C4244:         ] [C:\s\s_language\build\compiler\pipeline\llvm\llvm_pipeline.vcxproj]
  (compiling source file '../../../../compiler/backends/llvm/llvm_optimizer.cpp')
  
C:\LLVM\include\llvm\Analysis\InlineAdvisor.h(118,67): warning C4100: 'Result': unreferenced parameter [C:\s\s_language\build\compiler\pipeline\llvm\llvm_pipeline.vcxproj]
  (compiling source file '../../../../compiler/backends/llvm/llvm_optimizer.cpp')
  
C:\LLVM\include\llvm\Analysis\InlineAdvisor.h(185,48): warning C4100: 'SCC': unreferenced parameter [C:\s\s_language\build\compiler\pipeline\llvm\llvm_pipeline.vcxproj]
  (compiling source file '../../../../compiler/backends/llvm/llvm_optimizer.cpp')
  
C:\LLVM\include\llvm\Analysis\InlineAdvisor.h(190,47): warning C4100: 'SCC': unreferenced parameter [C:\s\s_language\build\compiler\pipeline\llvm\llvm_pipeline.vcxproj]
  (compiling source file '../../../../compiler/backends/llvm/llvm_optimizer.cpp')
  
C:\LLVM\include\llvm\Analysis\InlineAdvisor.h(308,48): warning C4100: 'MAM': unreferenced parameter [C:\s\s_language\build\compiler\pipeline\llvm\llvm_pipeline.vcxproj]
  (compiling source file '../../../../compiler/backends/llvm/llvm_optimizer.cpp')
  
C:\LLVM\include\llvm\Analysis\InlineAdvisor.h(308,22): warning C4100: 'M': unreferenced parameter [C:\s\s_language\build\compiler\pipeline\llvm\llvm_pipeline.vcxproj]
  (compiling source file '../../../../compiler/backends/llvm/llvm_optimizer.cpp')
  
C:\LLVM\include\llvm\IR\Constants.h(54,54): warning C4100: 'To': unreferenced parameter [C:\s\s_language\build\compiler\pipeline\llvm\llvm_pipeline.vcxproj]
  (compiling source file '../../../../compiler/backends/llvm/llvm_optimizer.cpp')
  
C:\LLVM\include\llvm\IR\Constants.h(54,41): warning C4100: 'From': unreferenced parameter [C:\s\s_language\build\compiler\pipeline\llvm\llvm_pipeline.vcxproj]
  (compiling source file '../../../../compiler/backends/llvm/llvm_optimizer.cpp')
  
C:\LLVM\include\llvm\IR\Constants.h(783,66): warning C4244: 'argument': conversion from 'uint64_t' to 'unsigned int', possible loss of data [C:\s\s_language\build\compiler\pipeline\llvm\llvm_pipeline.vcxproj]
  (compiling source file '../../../../compiler/backends/llvm/llvm_optimizer.cpp')
  
C:\LLVM\include\llvm\IR\Constants.h(1013,26): warning C4244: 'argument': conversion from 'unsigned int' to 'unsigned short', possible loss of data [C:\s\s_language\build\compiler\pipeline\llvm\llvm_pipeline.vcxproj]
  (compiling source file '../../../../compiler/backends/llvm/llvm_optimizer.cpp')
  
C:\LLVM\include\llvm\IR\DebugInfoMetadata.h(143,22): warning C4244: '=': conversion from 'unsigned int' to 'unsigned short', possible loss of data [C:\s\s_language\build\compiler\pipeline\llvm\llvm_pipeline.vcxproj]
  (compiling source file '../../../../compiler/backends/llvm/llvm_optimizer.cpp')
  
C:\LLVM\include\llvm\IR\DebugInfoMetadata.h(164,48): warning C4244: '=': conversion from 'unsigned int' to 'unsigned short', possible loss of data [C:\s\s_language\build\compiler\pipeline\llvm\llvm_pipeline.vcxproj]
  (compiling source file '../../../../compiler/backends/llvm/llvm_optimizer.cpp')
  
C:\LLVM\include\llvm\IR\DebugInfoMetadata.h(724,22): warning C4458: declaration of 'Line' hides class member [C:\s\s_language\build\compiler\pipeline\llvm\llvm_pipeline.vcxproj]
  (compiling source file '../../../../compiler/backends/llvm/llvm_optimizer.cpp')
      C:\LLVM\include\llvm\IR\DebugInfoMetadata.h(710,12):
      see declaration of 'llvm::DIType::Line'
  
C:\LLVM\include\llvm\IR\DebugInfoMetadata.h(724,37): warning C4458: declaration of 'SizeInBits' hides class member [C:\s\s_language\build\compiler\pipeline\llvm\llvm_pipeline.vcxproj]
  (compiling source file '../../../../compiler/backends/llvm/llvm_optimizer.cpp')
      C:\LLVM\include\llvm\IR\DebugInfoMetadata.h(712,12):
      see declaration of 'llvm::DIType::SizeInBits'
  
C:\LLVM\include\llvm\IR\DebugInfoMetadata.h(725,22): warning C4458: declaration of 'OffsetInBits' hides class member [C:\s\s_language\build\compiler\pipeline\llvm\llvm_pipeline.vcxproj]
  (compiling source file '../../../../compiler/backends/llvm/llvm_optimizer.cpp')
      C:\LLVM\include\llvm\IR\DebugInfoMetadata.h(713,12):
      see declaration of 'llvm::DIType::OffsetInBits'
  
C:\LLVM\include\llvm\IR\DebugInfoMetadata.h(725,44): warning C4458: declaration of 'Flags' hides class member [C:\s\s_language\build\compiler\pipeline\llvm\llvm_pipeline.vcxproj]
  (compiling source file '../../../../compiler/backends/llvm/llvm_optimizer.cpp')
      C:\LLVM\include\llvm\IR\DebugInfoMetadata.h(711,11):
      see declaration of 'llvm::DIType::Flags'
  
C:\LLVM\include\llvm\IR\DebugInfoMetadata.h(734,38): warning C4458: declaration of 'Line' hides class member [C:\s\s_language\build\compiler\pipeline\llvm\llvm_pipeline.vcxproj]
  (compiling source file '../../../../compiler/backends/llvm/llvm_optimizer.cpp')
      C:\LLVM\include\llvm\IR\DebugInfoMetadata.h(710,12):
      see declaration of 'llvm::DIType::Line'
  
C:\LLVM\include\llvm\IR\DebugInfoMetadata.h(734,53): warning C4458: declaration of 'SizeInBits' hides class member [C:\s\s_language\build\compiler\pipeline\llvm\llvm_pipeline.vcxproj]
  (compiling source file '../../../../compiler/backends/llvm/llvm_optimizer.cpp')
      C:\LLVM\include\llvm\IR\DebugInfoMetadata.h(712,12):
      see declaration of 'llvm::DIType::SizeInBits'
  
C:\LLVM\include\llvm\IR\DebugInfoMetadata.h(735,46): warning C4458: declaration of 'OffsetInBits' hides class member [C:\s\s_language\build\compiler\pipeline\llvm\llvm_pipeline.vcxproj]
  (compiling source file '../../../../compiler/backends/llvm/llvm_optimizer.cpp')
      C:\LLVM\include\llvm\IR\DebugInfoMetadata.h(713,12):
      see declaration of 'llvm::DIType::OffsetInBits'
  
C:\LLVM\include\llvm\IR\DebugInfoMetadata.h(735,68): warning C4458: declaration of 'Flags' hides class member [C:\s\s_language\build\compiler\pipeline\llvm\llvm_pipeline.vcxproj]
  (compiling source file '../../../../compiler/backends/llvm/llvm_optimizer.cpp')
      C:\LLVM\include\llvm\IR\DebugInfoMetadata.h(711,11):
      see declaration of 'llvm::DIType::Flags'
  
C:\LLVM\include\llvm\IR\DebugInfoMetadata.h(1110,38): warning C4458: declaration of 'Line' hides class member [C:\s\s_language\build\compiler\pipeline\llvm\llvm_pipeline.vcxproj]
  (compiling source file '../../../../compiler/backends/llvm/llvm_optimizer.cpp')
      C:\LLVM\include\llvm\IR\DebugInfoMetadata.h(710,12):
      see declaration of 'llvm::DIType::Line'
  
C:\LLVM\include\llvm\IR\DebugInfoMetadata.h(1110,53): warning C4458: declaration of 'RuntimeLang' hides class member [C:\s\s_language\build\compiler\pipeline\llvm\llvm_pipeline.vcxproj]
  (compiling source file '../../../../compiler/backends/llvm/llvm_optimizer.cpp')
      C:\LLVM\include\llvm\IR\DebugInfoMetadata.h(1098,12):
      see declaration of 'llvm::DICompositeType::RuntimeLang'
  
C:\LLVM\include\llvm\IR\DebugInfoMetadata.h(1111,24): warning C4458: declaration of 'SizeInBits' hides class member [C:\s\s_language\build\compiler\pipeline\llvm\llvm_pipeline.vcxproj]
  (compiling source file '../../../../compiler/backends/llvm/llvm_optimizer.cpp')
      C:\LLVM\include\llvm\IR\DebugInfoMetadata.h(712,12):
      see declaration of 'llvm::DIType::SizeInBits'
  
C:\LLVM\include\llvm\IR\DebugInfoMetadata.h(1111,67): warning C4458: declaration of 'OffsetInBits' hides class member [C:\s\s_language\build\compiler\pipeline\llvm\llvm_pipeline.vcxproj]
  (compiling source file '../../../../compiler/backends/llvm/llvm_optimizer.cpp')
      C:\LLVM\include\llvm\IR\DebugInfoMetadata.h(713,12):
      see declaration of 'llvm::DIType::OffsetInBits'
  
C:\LLVM\include\llvm\IR\DebugInfoMetadata.h(1112,23): warning C4458: declaration of 'Flags' hides class member [C:\s\s_language\build\compiler\pipeline\llvm\llvm_pipeline.vcxproj]
  (compiling source file '../../../../compiler/backends/llvm/llvm_optimizer.cpp')
      C:\LLVM\include\llvm\IR\DebugInfoMetadata.h(711,11):
      see declaration of 'llvm::DIType::Flags'
  
C:\LLVM\include\llvm\IR\DebugInfoMetadata.h(1354,44): warning C4458: declaration of 'CC' hides class member [C:\s\s_language\build\compiler\pipeline\llvm\llvm_pipeline.vcxproj]
  (compiling source file '../../../../compiler/backends/llvm/llvm_optimizer.cpp')
      C:\LLVM\include\llvm\IR\DebugInfoMetadata.h(1323,11):
      see declaration of 'llvm::DISubroutineType::CC'
  
C:\LLVM\include\llvm\IR\DebugInfoMetadata.h(1532,35): warning C4458: declaration of 'SplitDebugInlining' hides class member [C:\s\s_language\build\compiler\pipeline\llvm\llvm_pipeline.vcxproj]
  (compiling source file '../../../../compiler/backends/llvm/llvm_optimizer.cpp')
      C:\LLVM\include\llvm\IR\DebugInfoMetadata.h(1407,8):
      see declaration of 'llvm::DICompileUnit::SplitDebugInlining'
  
C:\LLVM\include\llvm\IR\DebugInfoMetadata.h(2190,15): warning C4244: 'initializing': conversion from 'unsigned int' to 'uint16_t', possible loss of data [C:\s\s_language\build\compiler\pipeline\llvm\llvm_pipeline.vcxproj]
  (compiling source file '../../../../compiler/backends/llvm/llvm_optimizer.cpp')
  
C:\LLVM\include\llvm\IR\DebugInfoMetadata.h(2687,57): warning C4267: 'return': conversion from 'size_t' to 'unsigned int', possible loss of data [C:\s\s_language\build\compiler\pipeline\llvm\llvm_pipeline.vcxproj]
  (compiling source file '../../../../compiler/backends/llvm/llvm_optimizer.cpp')
  
C:\LLVM\include\llvm\IR\DebugInfoMetadata.h(3604,22): warning C4244: '=': conversion from 'unsigned int' to 'unsigned short', possible loss of data [C:\s\s_language\build\compiler\pipeline\llvm\llvm_pipeline.vcxproj]
  (compiling source file '../../../../compiler/backends/llvm/llvm_optimizer.cpp')
  
C:\LLVM\include\llvm\IR\DebugInfoMetadata.h(3877,24): warning C4267: 'return': conversion from 'size_t' to 'unsigned int', possible loss of data [C:\s\s_language\build\compiler\pipeline\llvm\llvm_pipeline.vcxproj]
  (compiling source file '../../../../compiler/backends/llvm/llvm_optimizer.cpp')
  
C:\LLVM\include\llvm\IR\Operator.h(75,7): warning C4624: 'llvm::OverflowingBinaryOperator': destructor was implicitly defined as deleted [C:\s\s_language\build\compiler\pipeline\llvm\llvm_pipeline.vcxproj]
  (compiling source file '../../../../compiler/backends/llvm/llvm_optimizer.cpp')
  
C:\LLVM\include\llvm\IR\Operator.h(129,7): warning C4624: 'llvm::PossiblyExactOperator': destructor was implicitly defined as deleted [C:\s\s_language\build\compiler\pipeline\llvm\llvm_pipeline.vcxproj]
  (compiling source file '../../../../compiler/backends/llvm/llvm_optimizer.cpp')
  
C:\LLVM\include\llvm\IR\Operator.h(170,7): warning C4624: 'llvm::FPMathOperator': destructor was implicitly defined as deleted [C:\s\s_language\build\compiler\pipeline\llvm\llvm_pipeline.vcxproj]
  (compiling source file '../../../../compiler/backends/llvm/llvm_optimizer.cpp')
  
C:\LLVM\include\llvm\IR\Operator.h(336,7): warning C4624: 'llvm::ConcreteOperator<llvm::OverflowingBinaryOperator,13>': destructor was implicitly defined as deleted [C:\s\s_language\build\compiler\pipeline\llvm\llvm_pipeline.vcxproj]
  (compiling source file '../../../../compiler/backends/llvm/llvm_optimizer.cpp')
      C:\LLVM\include\llvm\IR\Operator.h(336,7):
      the template instantiation context (the oldest one first) is
          C:\LLVM\include\llvm\IR\Operator.h(351,12):
          see reference to class template instantiation 'llvm::ConcreteOperator<llvm::OverflowingBinaryOperator,13>' being compiled
  
C:\LLVM\include\llvm\IR\Operator.h(350,7): warning C4624: 'llvm::AddOperator': destructor was implicitly defined as deleted [C:\s\s_language\build\compiler\pipeline\llvm\llvm_pipeline.vcxproj]
  (compiling source file '../../../../compiler/backends/llvm/llvm_optimizer.cpp')
  
C:\LLVM\include\llvm\IR\Operator.h(336,7): warning C4624: 'llvm::ConcreteOperator<llvm::OverflowingBinaryOperator,15>': destructor was implicitly defined as deleted [C:\s\s_language\build\compiler\pipeline\llvm\llvm_pipeline.vcxproj]
  (compiling source file '../../../../compiler/backends/llvm/llvm_optimizer.cpp')
      C:\LLVM\include\llvm\IR\Operator.h(336,7):
      the template instantiation context (the oldest one first) is
          C:\LLVM\include\llvm\IR\Operator.h(354,12):
          see reference to class template instantiation 'llvm::ConcreteOperator<llvm::OverflowingBinaryOperator,15>' being compiled
  
C:\LLVM\include\llvm\IR\Operator.h(353,7): warning C4624: 'llvm::SubOperator': destructor was implicitly defined as deleted [C:\s\s_language\build\compiler\pipeline\llvm\llvm_pipeline.vcxproj]
  (compiling source file '../../../../compiler/backends/llvm/llvm_optimizer.cpp')
  
C:\LLVM\include\llvm\IR\Operator.h(336,7): warning C4624: 'llvm::ConcreteOperator<llvm::OverflowingBinaryOperator,17>': destructor was implicitly defined as deleted [C:\s\s_language\build\compiler\pipeline\llvm\llvm_pipeline.vcxproj]
  (compiling source file '../../../../compiler/backends/llvm/llvm_optimizer.cpp')
      C:\LLVM\include\llvm\IR\Operator.h(336,7):
      the template instantiation context (the oldest one first) is
          C:\LLVM\include\llvm\IR\Operator.h(357,12):
          see reference to class template instantiation 'llvm::ConcreteOperator<llvm::OverflowingBinaryOperator,17>' being compiled
  
C:\LLVM\include\llvm\IR\Operator.h(356,7): warning C4624: 'llvm::MulOperator': destructor was implicitly defined as deleted [C:\s\s_language\build\compiler\pipeline\llvm\llvm_pipeline.vcxproj]
  (compiling source file '../../../../compiler/backends/llvm/llvm_optimizer.cpp')
  
C:\LLVM\include\llvm\IR\Operator.h(336,7): warning C4624: 'llvm::ConcreteOperator<llvm::OverflowingBinaryOperator,25>': destructor was implicitly defined as deleted [C:\s\s_language\build\compiler\pipeline\llvm\llvm_pipeline.vcxproj]
  (compiling source file '../../../../compiler/backends/llvm/llvm_optimizer.cpp')
      C:\LLVM\include\llvm\IR\Operator.h(336,7):
      the template instantiation context (the oldest one first) is
          C:\LLVM\include\llvm\IR\Operator.h(360,12):
          see reference to class template instantiation 'llvm::ConcreteOperator<llvm::OverflowingBinaryOperator,25>' being compiled
  
C:\LLVM\include\llvm\IR\Operator.h(359,7): warning C4624: 'llvm::ShlOperator': destructor was implicitly defined as deleted [C:\s\s_language\build\compiler\pipeline\llvm\llvm_pipeline.vcxproj]
  (compiling source file '../../../../compiler/backends/llvm/llvm_optimizer.cpp')
  
C:\LLVM\include\llvm\IR\Operator.h(336,7): warning C4624: 'llvm::ConcreteOperator<llvm::PossiblyExactOperator,27>': destructor was implicitly defined as deleted [C:\s\s_language\build\compiler\pipeline\llvm\llvm_pipeline.vcxproj]
  (compiling source file '../../../../compiler/backends/llvm/llvm_optimizer.cpp')
      C:\LLVM\include\llvm\IR\Operator.h(336,7):
      the template instantiation context (the oldest one first) is
          C:\LLVM\include\llvm\IR\Operator.h(364,12):
          see reference to class template instantiation 'llvm::ConcreteOperator<llvm::PossiblyExactOperator,27>' being compiled
  
C:\LLVM\include\llvm\IR\Operator.h(363,7): warning C4624: 'llvm::AShrOperator': destructor was implicitly defined as deleted [C:\s\s_language\build\compiler\pipeline\llvm\llvm_pipeline.vcxproj]
  (compiling source file '../../../../compiler/backends/llvm/llvm_optimizer.cpp')
  
C:\LLVM\include\llvm\IR\Operator.h(336,7): warning C4624: 'llvm::ConcreteOperator<llvm::PossiblyExactOperator,26>': destructor was implicitly defined as deleted [C:\s\s_language\build\compiler\pipeline\llvm\llvm_pipeline.vcxproj]
  (compiling source file '../../../../compiler/backends/llvm/llvm_optimizer.cpp')
      C:\LLVM\include\llvm\IR\Operator.h(336,7):
      the template instantiation context (the oldest one first) is
          C:\LLVM\include\llvm\IR\Operator.h(367,12):
          see reference to class template instantiation 'llvm::ConcreteOperator<llvm::PossiblyExactOperator,26>' being compiled
  
C:\LLVM\include\llvm\IR\Operator.h(366,7): warning C4624: 'llvm::LShrOperator': destructor was implicitly defined as deleted [C:\s\s_language\build\compiler\pipeline\llvm\llvm_pipeline.vcxproj]
  (compiling source file '../../../../compiler/backends/llvm/llvm_optimizer.cpp')
  
C:\LLVM\include\llvm\IR\Operator.h(336,7): warning C4624: 'llvm::ConcreteOperator<llvm::Operator,34>': destructor was implicitly defined as deleted [C:\s\s_language\build\compiler\pipeline\llvm\llvm_pipeline.vcxproj]
  (compiling source file '../../../../compiler/backends/llvm/llvm_optimizer.cpp')
      C:\LLVM\include\llvm\IR\Operator.h(336,7):
      the template instantiation context (the oldest one first) is
          C:\LLVM\include\llvm\IR\Operator.h(371,12):
          see reference to class template instantiation 'llvm::ConcreteOperator<llvm::Operator,34>' being compiled
  
C:\LLVM\include\llvm\IR\Operator.h(370,7): warning C4624: 'llvm::GEPOperator': destructor was implicitly defined as deleted [C:\s\s_language\build\compiler\pipeline\llvm\llvm_pipeline.vcxproj]
  (compiling source file '../../../../compiler/backends/llvm/llvm_optimizer.cpp')
  
C:\LLVM\include\llvm\IR\Operator.h(468,20): warning C4244: 'return': conversion from '__int64' to 'unsigned int', possible loss of data [C:\s\s_language\build\compiler\pipeline\llvm\llvm_pipeline.vcxproj]
  (compiling source file '../../../../compiler/backends/llvm/llvm_optimizer.cpp')
  
C:\LLVM\include\llvm\IR\Operator.h(336,7): warning C4624: 'llvm::ConcreteOperator<llvm::Operator,47>': destructor was implicitly defined as deleted [C:\s\s_language\build\compiler\pipeline\llvm\llvm_pipeline.vcxproj]
  (compiling source file '../../../../compiler/backends/llvm/llvm_optimizer.cpp')
      C:\LLVM\include\llvm\IR\Operator.h(336,7):
      the template instantiation context (the oldest one first) is
          C:\LLVM\include\llvm\IR\Operator.h(510,14):
          see reference to class template instantiation 'llvm::ConcreteOperator<llvm::Operator,47>' being compiled
  
C:\LLVM\include\llvm\IR\Operator.h(509,7): warning C4624: 'llvm::PtrToIntOperator': destructor was implicitly defined as deleted [C:\s\s_language\build\compiler\pipeline\llvm\llvm_pipeline.vcxproj]
  (compiling source file '../../../../compiler/backends/llvm/llvm_optimizer.cpp')
  
C:\LLVM\include\llvm\IR\Operator.h(336,7): warning C4624: 'llvm::ConcreteOperator<llvm::Operator,49>': destructor was implicitly defined as deleted [C:\s\s_language\build\compiler\pipeline\llvm\llvm_pipeline.vcxproj]
  (compiling source file '../../../../compiler/backends/llvm/llvm_optimizer.cpp')
      C:\LLVM\include\llvm\IR\Operator.h(336,7):
      the template instantiation context (the oldest one first) is
          C:\LLVM\include\llvm\IR\Operator.h(538,14):
          see reference to class template instantiation 'llvm::ConcreteOperator<llvm::Operator,49>' being compiled
  
C:\LLVM\include\llvm\IR\Operator.h(537,7): warning C4624: 'llvm::BitCastOperator': destructor was implicitly defined as deleted [C:\s\s_language\build\compiler\pipeline\llvm\llvm_pipeline.vcxproj]
  (compiling source file '../../../../compiler/backends/llvm/llvm_optimizer.cpp')
  
C:\LLVM\include\llvm\IR\Operator.h(336,7): warning C4624: 'llvm::ConcreteOperator<llvm::Operator,50>': destructor was implicitly defined as deleted [C:\s\s_language\build\compiler\pipeline\llvm\llvm_pipeline.vcxproj]
  (compiling source file '../../../../compiler/backends/llvm/llvm_optimizer.cpp')
      C:\LLVM\include\llvm\IR\Operator.h(336,7):
      the template instantiation context (the oldest one first) is
          C:\LLVM\include\llvm\IR\Operator.h(553,14):
          see reference to class template instantiation 'llvm::ConcreteOperator<llvm::Operator,50>' being compiled
  
C:\LLVM\include\llvm\IR\Operator.h(552,7): warning C4624: 'llvm::AddrSpaceCastOperator': destructor was implicitly defined as deleted [C:\s\s_language\build\compiler\pipeline\llvm\llvm_pipeline.vcxproj]
  (compiling source file '../../../../compiler/backends/llvm/llvm_optimizer.cpp')
  
C:\LLVM\include\llvm\IR\ConstantFolder.h(87,37): warning C4100: 'FMF': unreferenced parameter [C:\s\s_language\build\compiler\pipeline\llvm\llvm_pipeline.vcxproj]
  (compiling source file '../../../../compiler/backends/llvm/llvm_optimizer.cpp')
  
C:\LLVM\include\llvm\IR\ConstantFolder.h(92,37): warning C4100: 'FMF': unreferenced parameter [C:\s\s_language\build\compiler\pipeline\llvm\llvm_pipeline.vcxproj]
  (compiling source file '../../../../compiler/backends/llvm/llvm_optimizer.cpp')
  
C:\LLVM\include\llvm\IR\ConstantFolder.h(102,39): warning C4244: 'argument': conversion from 'llvm::CmpInst::Predicate' to 'unsigned short', possible loss of data [C:\s\s_language\build\compiler\pipeline\llvm\llvm_pipeline.vcxproj]
  (compiling source file '../../../../compiler/backends/llvm/llvm_optimizer.cpp')
  
C:\LLVM\include\llvm\IR\ConstantFolder.h(205,37): warning C4244: 'argument': conversion from 'llvm::CmpInst::Predicate' to 'unsigned short', possible loss of data [C:\s\s_language\build\compiler\pipeline\llvm\llvm_pipeline.vcxproj]
  (compiling source file '../../../../compiler/backends/llvm/llvm_optimizer.cpp')
  
C:\LLVM\include\llvm\IR\CFG.h(124,23): warning C4244: 'return': conversion from '__int64' to 'unsigned int', possible loss of data [C:\s\s_language\build\compiler\pipeline\llvm\llvm_pipeline.vcxproj]
  (compiling source file '../../../../compiler/backends/llvm/llvm_optimizer.cpp')
  
C:\LLVM\include\llvm\IR\Instructions.h(244,37): warning C4458: declaration of 'SSID' hides class member [C:\s\s_language\build\compiler\pipeline\llvm\llvm_pipeline.vcxproj]
  (compiling source file '../../../../compiler/backends/llvm/llvm_optimizer.cpp')
      C:\LLVM\include\llvm\IR\Instructions.h(293,17):
      see declaration of 'llvm::LoadInst::SSID'
  
C:\LLVM\include\llvm\IR\Instructions.h(251,32): warning C4458: declaration of 'SSID' hides class member [C:\s\s_language\build\compiler\pipeline\llvm\llvm_pipeline.vcxproj]
  (compiling source file '../../../../compiler/backends/llvm/llvm_optimizer.cpp')
      C:\LLVM\include\llvm\IR\Instructions.h(293,17):
      see declaration of 'llvm::LoadInst::SSID'
  
C:\LLVM\include\llvm\IR\Instructions.h(378,37): warning C4458: declaration of 'SSID' hides class member [C:\s\s_language\build\compiler\pipeline\llvm\llvm_pipeline.vcxproj]
  (compiling source file '../../../../compiler/backends/llvm/llvm_optimizer.cpp')
      C:\LLVM\include\llvm\IR\Instructions.h(430,17):
      see declaration of 'llvm::StoreInst::SSID'
  
C:\LLVM\include\llvm\IR\Instructions.h(385,32): warning C4458: declaration of 'SSID' hides class member [C:\s\s_language\build\compiler\pipeline\llvm\llvm_pipeline.vcxproj]
  (compiling source file '../../../../compiler/backends/llvm/llvm_optimizer.cpp')
      C:\LLVM\include\llvm\IR\Instructions.h(430,17):
      see declaration of 'llvm::StoreInst::SSID'
  
C:\LLVM\include\llvm\IR\Instructions.h(485,37): warning C4458: declaration of 'SSID' hides class member [C:\s\s_language\build\compiler\pipeline\llvm\llvm_pipeline.vcxproj]
  (compiling source file '../../../../compiler/backends/llvm/llvm_optimizer.cpp')
      C:\LLVM\include\llvm\IR\Instructions.h(508,17):
      see declaration of 'llvm::FenceInst::SSID'
  
C:\LLVM\include\llvm\IR\Instructions.h(647,37): warning C4458: declaration of 'SSID' hides class member [C:\s\s_language\build\compiler\pipeline\llvm\llvm_pipeline.vcxproj]
  (compiling source file '../../../../compiler/backends/llvm/llvm_optimizer.cpp')
      C:\LLVM\include\llvm\IR\Instructions.h(708,17):
      see declaration of 'llvm::AtomicCmpXchgInst::SSID'
  
C:\LLVM\include\llvm\IR\Instructions.h(881,37): warning C4458: declaration of 'SSID' hides class member [C:\s\s_language\build\compiler\pipeline\llvm\llvm_pipeline.vcxproj]
  (compiling source file '../../../../compiler/backends/llvm/llvm_optimizer.cpp')
      C:\LLVM\include\llvm\IR\Instructions.h(923,17):
      see declaration of 'llvm::AtomicRMWInst::SSID'
  
C:\LLVM\include\llvm\IR\Instructions.h(1527,45): warning C4267: 'argument': conversion from 'size_t' to 'int', possible loss of data [C:\s\s_language\build\compiler\pipeline\llvm\llvm_pipeline.vcxproj]
  (compiling source file '../../../../compiler/backends/llvm/llvm_optimizer.cpp')
  
C:\LLVM\include\llvm\IR\Instructions.h(1536,37): warning C4267: 'argument': conversion from 'size_t' to 'int', possible loss of data [C:\s\s_language\build\compiler\pipeline\llvm\llvm_pipeline.vcxproj]
  (compiling source file '../../../../compiler/backends/llvm/llvm_optimizer.cpp')
  
C:\LLVM\include\llvm\IR\Instructions.h(1537,53): warning C4267: 'initializing': conversion from 'size_t' to 'unsigned int', possible loss of data [C:\s\s_language\build\compiler\pipeline\llvm\llvm_pipeline.vcxproj]
  (compiling source file '../../../../compiler/backends/llvm/llvm_optimizer.cpp')
  
C:\LLVM\include\llvm\IR\Instructions.h(1537,36): warning C4267: 'initializing': conversion from 'size_t' to 'const unsigned int', possible loss of data [C:\s\s_language\build\compiler\pipeline\llvm\llvm_pipeline.vcxproj]
  (compiling source file '../../../../compiler/backends/llvm/llvm_optimizer.cpp')
  
C:\LLVM\include\llvm\IR\Instructions.h(1550,45): warning C4267: 'argument': conversion from 'size_t' to 'int', possible loss of data [C:\s\s_language\build\compiler\pipeline\llvm\llvm_pipeline.vcxproj]
  (compiling source file '../../../../compiler/backends/llvm/llvm_optimizer.cpp')
  
C:\LLVM\include\llvm\IR\Instructions.h(1558,37): warning C4267: 'argument': conversion from 'size_t' to 'int', possible loss of data [C:\s\s_language\build\compiler\pipeline\llvm\llvm_pipeline.vcxproj]
  (compiling source file '../../../../compiler/backends/llvm/llvm_optimizer.cpp')
  
C:\LLVM\include\llvm\IR\Instructions.h(1559,53): warning C4267: 'initializing': conversion from 'size_t' to 'unsigned int', possible loss of data [C:\s\s_language\build\compiler\pipeline\llvm\llvm_pipeline.vcxproj]
  (compiling source file '../../../../compiler/backends/llvm/llvm_optimizer.cpp')
  
C:\LLVM\include\llvm\IR\Instructions.h(1559,36): warning C4267: 'initializing': conversion from 'size_t' to 'const unsigned int', possible loss of data [C:\s\s_language\build\compiler\pipeline\llvm\llvm_pipeline.vcxproj]
  (compiling source file '../../../../compiler/backends/llvm/llvm_optimizer.cpp')
  
C:\LLVM\include\llvm\IR\Instructions.h(2061,26): warning C4267: 'initializing': conversion from 'size_t' to 'unsigned int', possible loss of data [C:\s\s_language\build\compiler\pipeline\llvm\llvm_pipeline.vcxproj]
  (compiling source file '../../../../compiler/backends/llvm/llvm_optimizer.cpp')
  
C:\LLVM\include\llvm\IR\Instructions.h(2072,26): warning C4267: 'initializing': conversion from 'size_t' to 'unsigned int', possible loss of data [C:\s\s_language\build\compiler\pipeline\llvm\llvm_pipeline.vcxproj]
  (compiling source file '../../../../compiler/backends/llvm/llvm_optimizer.cpp')
  
C:\LLVM\include\llvm\IR\Instructions.h(2095,60): warning C4267: 'argument': conversion from 'size_t' to 'int', possible loss of data [C:\s\s_language\build\compiler\pipeline\llvm\llvm_pipeline.vcxproj]
  (compiling source file '../../../../compiler/backends/llvm/llvm_optimizer.cpp')
  
C:\LLVM\include\llvm\IR\Instructions.h(2127,76): warning C4267: 'argument': conversion from 'size_t' to 'int', possible loss of data [C:\s\s_language\build\compiler\pipeline\llvm\llvm_pipeline.vcxproj]
  (compiling source file '../../../../compiler/backends/llvm/llvm_optimizer.cpp')
  
C:\LLVM\include\llvm\IR\Instructions.h(2168,74): warning C4267: 'argument': conversion from 'size_t' to 'int', possible loss of data [C:\s\s_language\build\compiler\pipeline\llvm\llvm_pipeline.vcxproj]
  (compiling source file '../../../../compiler/backends/llvm/llvm_optimizer.cpp')
  
C:\LLVM\include\llvm\IR\Instructions.h(2189,75): warning C4267: 'argument': conversion from 'size_t' to 'int', possible loss of data [C:\s\s_language\build\compiler\pipeline\llvm\llvm_pipeline.vcxproj]
  (compiling source file '../../../../compiler/backends/llvm/llvm_optimizer.cpp')
  
C:\LLVM\include\llvm\IR\Instructions.h(2213,60): warning C4267: 'argument': conversion from 'size_t' to 'int', possible loss of data [C:\s\s_language\build\compiler\pipeline\llvm\llvm_pipeline.vcxproj]
  (compiling source file '../../../../compiler/backends/llvm/llvm_optimizer.cpp')
  
C:\LLVM\include\llvm\IR\Instructions.h(2262,77): warning C4267: 'argument': conversion from 'size_t' to 'int', possible loss of data [C:\s\s_language\build\compiler\pipeline\llvm\llvm_pipeline.vcxproj]
  (compiling source file '../../../../compiler/backends/llvm/llvm_optimizer.cpp')
  
C:\LLVM\include\llvm\IR\Instructions.h(2285,54): warning C4267: 'argument': conversion from 'size_t' to 'int', possible loss of data [C:\s\s_language\build\compiler\pipeline\llvm\llvm_pipeline.vcxproj]
  (compiling source file '../../../../compiler/backends/llvm/llvm_optimizer.cpp')
  
C:\LLVM\include\llvm\IR\Instructions.h(3131,37): warning C4100: 'idx': unreferenced parameter [C:\s\s_language\build\compiler\pipeline\llvm\llvm_pipeline.vcxproj]
  (compiling source file '../../../../compiler/backends/llvm/llvm_optimizer.cpp')
  
C:\LLVM\include\llvm\IR\Instructions.h(3135,47): warning C4100: 'B': unreferenced parameter [C:\s\s_language\build\compiler\pipeline\llvm\llvm_pipeline.vcxproj]
  (compiling source file '../../../../compiler/backends/llvm/llvm_optimizer.cpp')
  
C:\LLVM\include\llvm\IR\Instructions.h(3135,30): warning C4100: 'idx': unreferenced parameter [C:\s\s_language\build\compiler\pipeline\llvm\llvm_pipeline.vcxproj]
  (compiling source file '../../../../compiler/backends/llvm/llvm_optimizer.cpp')
  
C:\LLVM\include\llvm\IR\Instructions.h(3408,24): warning C4244: 'argument': conversion from 'ptrdiff_t' to 'unsigned int', possible loss of data [C:\s\s_language\build\compiler\pipeline\llvm\llvm_pipeline.vcxproj]
  (compiling source file '../../../../compiler/backends/llvm/llvm_optimizer.cpp')
  
C:\LLVM\include\llvm\IR\Instructions.h(3876,51): warning C4267: 'argument': conversion from 'size_t' to 'int', possible loss of data [C:\s\s_language\build\compiler\pipeline\llvm\llvm_pipeline.vcxproj]
  (compiling source file '../../../../compiler/backends/llvm/llvm_optimizer.cpp')
  
C:\LLVM\include\llvm\IR\Instructions.h(3888,37): warning C4267: 'argument': conversion from 'size_t' to 'int', possible loss of data [C:\s\s_language\build\compiler\pipeline\llvm\llvm_pipeline.vcxproj]
  (compiling source file '../../../../compiler/backends/llvm/llvm_optimizer.cpp')
  
C:\LLVM\include\llvm\IR\Instructions.h(3889,30): warning C4267: 'initializing': conversion from 'size_t' to 'unsigned int', possible loss of data [C:\s\s_language\build\compiler\pipeline\llvm\llvm_pipeline.vcxproj]
  (compiling source file '../../../../compiler/backends/llvm/llvm_optimizer.cpp')
  
C:\LLVM\include\llvm\IR\Instructions.h(3899,51): warning C4267: 'argument': conversion from 'size_t' to 'int', possible loss of data [C:\s\s_language\build\compiler\pipeline\llvm\llvm_pipeline.vcxproj]
  (compiling source file '../../../../compiler/backends/llvm/llvm_optimizer.cpp')
  
C:\LLVM\include\llvm\IR\Instructions.h(3910,37): warning C4267: 'argument': conversion from 'size_t' to 'int', possible loss of data [C:\s\s_language\build\compiler\pipeline\llvm\llvm_pipeline.vcxproj]
  (compiling source file '../../../../compiler/backends/llvm/llvm_optimizer.cpp')
  
C:\LLVM\include\llvm\IR\Instructions.h(3911,30): warning C4267: 'initializing': conversion from 'size_t' to 'unsigned int', possible loss of data [C:\s\s_language\build\compiler\pipeline\llvm\llvm_pipeline.vcxproj]
  (compiling source file '../../../../compiler/backends/llvm/llvm_optimizer.cpp')
  
C:\LLVM\include\llvm\IR\Instructions.h(4082,73): warning C4267: 'argument': conversion from 'size_t' to 'int', possible loss of data [C:\s\s_language\build\compiler\pipeline\llvm\llvm_pipeline.vcxproj]
  (compiling source file '../../../../compiler/backends/llvm/llvm_optimizer.cpp')
  
C:\LLVM\include\llvm\IR\Instructions.h(4082,51): warning C4267: 'argument': conversion from 'size_t' to 'int', possible loss of data [C:\s\s_language\build\compiler\pipeline\llvm\llvm_pipeline.vcxproj]
  (compiling source file '../../../../compiler/backends/llvm/llvm_optimizer.cpp')
  
C:\LLVM\include\llvm\IR\Instructions.h(4093,73): warning C4267: 'argument': conversion from 'size_t' to 'int', possible loss of data [C:\s\s_language\build\compiler\pipeline\llvm\llvm_pipeline.vcxproj]
  (compiling source file '../../../../compiler/backends/llvm/llvm_optimizer.cpp')
  
C:\LLVM\include\llvm\IR\Instructions.h(4093,51): warning C4267: 'argument': conversion from 'size_t' to 'int', possible loss of data [C:\s\s_language\build\compiler\pipeline\llvm\llvm_pipeline.vcxproj]
  (compiling source file '../../../../compiler/backends/llvm/llvm_optimizer.cpp')
  
C:\LLVM\include\llvm\IR\Instructions.h(4095,30): warning C4267: 'initializing': conversion from 'size_t' to 'unsigned int', possible loss of data [C:\s\s_language\build\compiler\pipeline\llvm\llvm_pipeline.vcxproj]
  (compiling source file '../../../../compiler/backends/llvm/llvm_optimizer.cpp')
  
C:\LLVM\include\llvm\IR\Instructions.h(4107,73): warning C4267: 'argument': conversion from 'size_t' to 'int', possible loss of data [C:\s\s_language\build\compiler\pipeline\llvm\llvm_pipeline.vcxproj]
  (compiling source file '../../../../compiler/backends/llvm/llvm_optimizer.cpp')
  
C:\LLVM\include\llvm\IR\Instructions.h(4107,51): warning C4267: 'argument': conversion from 'size_t' to 'int', possible loss of data [C:\s\s_language\build\compiler\pipeline\llvm\llvm_pipeline.vcxproj]
  (compiling source file '../../../../compiler/backends/llvm/llvm_optimizer.cpp')
  
C:\LLVM\include\llvm\IR\Instructions.h(4119,73): warning C4267: 'argument': conversion from 'size_t' to 'int', possible loss of data [C:\s\s_language\build\compiler\pipeline\llvm\llvm_pipeline.vcxproj]
  (compiling source file '../../../../compiler/backends/llvm/llvm_optimizer.cpp')
  
C:\LLVM\include\llvm\IR\Instructions.h(4119,51): warning C4267: 'argument': conversion from 'size_t' to 'int', possible loss of data [C:\s\s_language\build\compiler\pipeline\llvm\llvm_pipeline.vcxproj]
  (compiling source file '../../../../compiler/backends/llvm/llvm_optimizer.cpp')
  
C:\LLVM\include\llvm\IR\Instructions.h(4121,30): warning C4267: 'initializing': conversion from 'size_t' to 'unsigned int', possible loss of data [C:\s\s_language\build\compiler\pipeline\llvm\llvm_pipeline.vcxproj]
  (compiling source file '../../../../compiler/backends/llvm/llvm_optimizer.cpp')
  
C:\LLVM\include\llvm\IR\Instructions.h(4308,37): warning C4100: 'idx': unreferenced parameter [C:\s\s_language\build\compiler\pipeline\llvm\llvm_pipeline.vcxproj]
  (compiling source file '../../../../compiler/backends/llvm/llvm_optimizer.cpp')
  
C:\LLVM\include\llvm\IR\Instructions.h(4312,47): warning C4100: 'NewSucc': unreferenced parameter [C:\s\s_language\build\compiler\pipeline\llvm\llvm_pipeline.vcxproj]
  (compiling source file '../../../../compiler/backends/llvm/llvm_optimizer.cpp')
  
C:\LLVM\include\llvm\IR\Instructions.h(4312,30): warning C4100: 'idx': unreferenced parameter [C:\s\s_language\build\compiler\pipeline\llvm\llvm_pipeline.vcxproj]
  (compiling source file '../../../../compiler/backends/llvm/llvm_optimizer.cpp')
  
C:\LLVM\include\llvm\IR\Instructions.h(4523,21): warning C4267: 'initializing': conversion from 'size_t' to 'unsigned int', possible loss of data [C:\s\s_language\build\compiler\pipeline\llvm\llvm_pipeline.vcxproj]
  (compiling source file '../../../../compiler/backends/llvm/llvm_optimizer.cpp')
  
C:\LLVM\include\llvm\IR\Instructions.h(4530,21): warning C4267: 'initializing': conversion from 'size_t' to 'unsigned int', possible loss of data [C:\s\s_language\build\compiler\pipeline\llvm\llvm_pipeline.vcxproj]
  (compiling source file '../../../../compiler/backends/llvm/llvm_optimizer.cpp')
  
C:\LLVM\include\llvm\IR\Instructions.h(4564,21): warning C4267: 'initializing': conversion from 'size_t' to 'unsigned int', possible loss of data [C:\s\s_language\build\compiler\pipeline\llvm\llvm_pipeline.vcxproj]
  (compiling source file '../../../../compiler/backends/llvm/llvm_optimizer.cpp')
  
C:\LLVM\include\llvm\IR\Instructions.h(4571,21): warning C4267: 'initializing': conversion from 'size_t' to 'unsigned int', possible loss of data [C:\s\s_language\build\compiler\pipeline\llvm\llvm_pipeline.vcxproj]
  (compiling source file '../../../../compiler/backends/llvm/llvm_optimizer.cpp')
  
C:\LLVM\include\llvm\IR\Instructions.h(4813,37): warning C4100: 'idx': unreferenced parameter [C:\s\s_language\build\compiler\pipeline\llvm\llvm_pipeline.vcxproj]
  (compiling source file '../../../../compiler/backends/llvm/llvm_optimizer.cpp')
  
C:\LLVM\include\llvm\IR\Instructions.h(4817,47): warning C4100: 'B': unreferenced parameter [C:\s\s_language\build\compiler\pipeline\llvm\llvm_pipeline.vcxproj]
  (compiling source file '../../../../compiler/backends/llvm/llvm_optimizer.cpp')
  
C:\LLVM\include\llvm\IR\Instructions.h(4817,30): warning C4100: 'idx': unreferenced parameter [C:\s\s_language\build\compiler\pipeline\llvm\llvm_pipeline.vcxproj]
  (compiling source file '../../../../compiler/backends/llvm/llvm_optimizer.cpp')
  
C:\LLVM\include\llvm\IR\IRBuilder.h(1220,55): warning C4100: 'OpBundles': unreferenced parameter [C:\s\s_language\build\compiler\pipeline\llvm\llvm_pipeline.vcxproj]
  (compiling source file '../../../../compiler/backends/llvm/llvm_optimizer.cpp')
  
C:\LLVM\include\llvm\IR\IRBuilder.h(1253,71): warning C4458: declaration of 'BB' hides class member [C:\s\s_language\build\compiler\pipeline\llvm\llvm_pipeline.vcxproj]
  (compiling source file '../../../../compiler/backends/llvm/llvm_optimizer.cpp')
      C:\LLVM\include\llvm\IR\IRBuilder.h(119,15):
      see declaration of 'llvm::IRBuilderBase::BB'
  
C:\LLVM\include\llvm\IR\IRBuilder.h(1276,41): warning C4458: declaration of 'FMF' hides class member [C:\s\s_language\build\compiler\pipeline\llvm\llvm_pipeline.vcxproj]
  (compiling source file '../../../../compiler/backends/llvm/llvm_optimizer.cpp')
      C:\LLVM\include\llvm\IR\IRBuilder.h(126,17):
      see declaration of 'llvm::IRBuilderBase::FMF'
  
C:\LLVM\include\llvm\IR\IRBuilder.h(1547,19): warning C4458: declaration of 'FMF' hides class member [C:\s\s_language\build\compiler\pipeline\llvm\llvm_pipeline.vcxproj]
  (compiling source file '../../../../compiler/backends/llvm/llvm_optimizer.cpp')
      C:\LLVM\include\llvm\IR\IRBuilder.h(126,17):
      see declaration of 'llvm::IRBuilderBase::FMF'
  
C:\LLVM\include\llvm\IR\IRBuilder.h(1574,19): warning C4458: declaration of 'FMF' hides class member [C:\s\s_language\build\compiler\pipeline\llvm\llvm_pipeline.vcxproj]
  (compiling source file '../../../../compiler/backends/llvm/llvm_optimizer.cpp')
      C:\LLVM\include\llvm\IR\IRBuilder.h(126,17):
      see declaration of 'llvm::IRBuilderBase::FMF'
  
C:\LLVM\include\llvm\IR\IRBuilder.h(1601,19): warning C4458: declaration of 'FMF' hides class member [C:\s\s_language\build\compiler\pipeline\llvm\llvm_pipeline.vcxproj]
  (compiling source file '../../../../compiler/backends/llvm/llvm_optimizer.cpp')
      C:\LLVM\include\llvm\IR\IRBuilder.h(126,17):
      see declaration of 'llvm::IRBuilderBase::FMF'
  
C:\LLVM\include\llvm\IR\IRBuilder.h(1628,19): warning C4458: declaration of 'FMF' hides class member [C:\s\s_language\build\compiler\pipeline\llvm\llvm_pipeline.vcxproj]
  (compiling source file '../../../../compiler/backends/llvm/llvm_optimizer.cpp')
      C:\LLVM\include\llvm\IR\IRBuilder.h(126,17):
      see declaration of 'llvm::IRBuilderBase::FMF'
  
C:\LLVM\include\llvm\IR\IRBuilder.h(1654,19): warning C4458: declaration of 'FMF' hides class member [C:\s\s_language\build\compiler\pipeline\llvm\llvm_pipeline.vcxproj]
  (compiling source file '../../../../compiler/backends/llvm/llvm_optimizer.cpp')
      C:\LLVM\include\llvm\IR\IRBuilder.h(126,17):
      see declaration of 'llvm::IRBuilderBase::FMF'
  
C:\LLVM\include\llvm\IR\IRBuilder.h(1741,18): warning C4458: declaration of 'FMF' hides class member [C:\s\s_language\build\compiler\pipeline\llvm\llvm_pipeline.vcxproj]
  (compiling source file '../../../../compiler/backends/llvm/llvm_optimizer.cpp')
      C:\LLVM\include\llvm\IR\IRBuilder.h(126,17):
      see declaration of 'llvm::IRBuilderBase::FMF'
  
C:\LLVM\include\llvm\Transforms\Instrumentation.h(175,10): warning C4244: 'return': conversion from 'uint64_t' to 'uint32_t', possible loss of data [C:\s\s_language\build\compiler\pipeline\llvm\llvm_pipeline.vcxproj]
  (compiling source file '../../../../compiler/backends/llvm/llvm_optimizer.cpp')
  
C:\LLVM\include\llvm\ADT\SmallVector.h(1130,23): warning C4324: 'llvm::SmallVectorStorage<T,0>': structure was padded due to alignment specifier [C:\s\s_language\build\compiler\pipeline\llvm\llvm_pipeline.vcxproj]
C:\LLVM\include\llvm\ADT\SmallVector.h(1130,23): warning C4324:         with [C:\s\s_language\build\compiler\pipeline\llvm\llvm_pipeline.vcxproj]
C:\LLVM\include\llvm\ADT\SmallVector.h(1130,23): warning C4324:         [ [C:\s\s_language\build\compiler\pipeline\llvm\llvm_pipeline.vcxproj]
C:\LLVM\include\llvm\ADT\SmallVector.h(1130,23): warning C4324:             T=const llvm::Instruction * [C:\s\s_language\build\compiler\pipeline\llvm\llvm_pipeline.vcxproj]
C:\LLVM\include\llvm\ADT\SmallVector.h(1130,23): warning C4324:         ] [C:\s\s_language\build\compiler\pipeline\llvm\llvm_pipeline.vcxproj]
  (compiling source file '../../../../compiler/backends/llvm/llvm_optimizer.cpp')
      C:\LLVM\include\llvm\ADT\SmallVector.h(1130,23):
      the template instantiation context (the oldest one first) is
          C:\LLVM\include\llvm\ADT\SmallVector.h(1207,71):
          see reference to class template instantiation 'llvm::CalculateSmallVectorDefaultInlinedElements<T>' being compiled
          with
          [
              T=const llvm::Instruction *
          ]
          C:\LLVM\include\llvm\ADT\SmallVector.h(1184,43):
          see reference to class template instantiation 'llvm::SmallVector<T,0>' being compiled
          with
          [
              T=const llvm::Instruction *
          ]
          C:\LLVM\include\llvm\ADT\SmallVector.h(1209,36):
          see reference to class template instantiation 'llvm::SmallVectorStorage<T,0>' being compiled
          with
          [
              T=const llvm::Instruction *
          ]
  
C:\LLVM\include\llvm\IR\IntrinsicInst.h(261,63): warning C4267: 'return': conversion from 'size_t' to 'unsigned int', possible loss of data [C:\s\s_language\build\compiler\pipeline\llvm\llvm_pipeline.vcxproj]
  (compiling source file '../../../../compiler/backends/llvm/llvm_optimizer.cpp')
  
C:\LLVM\include\llvm\IR\IntrinsicInst.h(1071,52): warning C4244: 'return': conversion from 'uint64_t' to 'uint32_t', possible loss of data [C:\s\s_language\build\compiler\pipeline\llvm\llvm_pipeline.vcxproj]
  (compiling source file '../../../../compiler/backends/llvm/llvm_optimizer.cpp')
  
C:\LLVM\include\llvm\IR\IntrinsicInst.h(1690,61): warning C4244: 'return': conversion from 'uint64_t' to 'unsigned int', possible loss of data [C:\s\s_language\build\compiler\pipeline\llvm\llvm_pipeline.vcxproj]
  (compiling source file '../../../../compiler/backends/llvm/llvm_optimizer.cpp')
  
C:\LLVM\include\llvm\IR\IntrinsicInst.h(1696,61): warning C4244: 'return': conversion from 'uint64_t' to 'unsigned int', possible loss of data [C:\s\s_language\build\compiler\pipeline\llvm\llvm_pipeline.vcxproj]
  (compiling source file '../../../../compiler/backends/llvm/llvm_optimizer.cpp')
  
C:\LLVM\include\llvm\ADT\FoldingSet.h(344,22): warning C4127: conditional expression is constant [C:\s\s_language\build\compiler\pipeline\llvm\llvm_pipeline.vcxproj]
  (compiling source file '../../../../compiler/backends/llvm/llvm_optimizer.cpp')
      C:\LLVM\include\llvm\ADT\FoldingSet.h(344,22):
      consider using 'if constexpr' statement instead
  
C:\LLVM\include\llvm\ADT\FoldingSet.h(346,27): warning C4127: conditional expression is constant [C:\s\s_language\build\compiler\pipeline\llvm\llvm_pipeline.vcxproj]
  (compiling source file '../../../../compiler/backends/llvm/llvm_optimizer.cpp')
      C:\LLVM\include\llvm\ADT\FoldingSet.h(346,27):
      consider using 'if constexpr' statement instead
  
C:\LLVM\include\llvm\Analysis\ScalarEvolution.h(191,40): warning C4100: 'TempID': unreferenced parameter [C:\s\s_language\build\compiler\pipeline\llvm\llvm_pipeline.vcxproj]
  (compiling source file '../../../../compiler/backends/llvm/llvm_optimizer.cpp')
  
C:\LLVM\include\llvm\Analysis\ScalarEvolution.h(190,74): warning C4100: 'IDHash': unreferenced parameter [C:\s\s_language\build\compiler\pipeline\llvm\llvm_pipeline.vcxproj]
  (compiling source file '../../../../compiler/backends/llvm/llvm_optimizer.cpp')
  
C:\LLVM\include\llvm\Analysis\ScalarEvolution.h(195,64): warning C4100: 'TempID': unreferenced parameter [C:\s\s_language\build\compiler\pipeline\llvm\llvm_pipeline.vcxproj]
  (compiling source file '../../../../compiler/backends/llvm/llvm_optimizer.cpp')
  
C:\LLVM\include\llvm\Analysis\ScalarEvolution.h(269,57): warning C4100: 'TempID': unreferenced parameter [C:\s\s_language\build\compiler\pipeline\llvm\llvm_pipeline.vcxproj]
  (compiling source file '../../../../compiler/backends/llvm/llvm_optimizer.cpp')
  
C:\LLVM\include\llvm\Analysis\ScalarEvolution.h(269,31): warning C4100: 'IDHash': unreferenced parameter [C:\s\s_language\build\compiler\pipeline\llvm\llvm_pipeline.vcxproj]
  (compiling source file '../../../../compiler/backends/llvm/llvm_optimizer.cpp')
  
C:\LLVM\include\llvm\Analysis\ScalarEvolution.h(274,49): warning C4100: 'TempID': unreferenced parameter [C:\s\s_language\build\compiler\pipeline\llvm\llvm_pipeline.vcxproj]
  (compiling source file '../../../../compiler/backends/llvm/llvm_optimizer.cpp')
  
C:\LLVM\include\llvm\Analysis\ScalarEvolution.h(441,62): warning C4267: 'return': conversion from 'size_t' to 'unsigned int', possible loss of data [C:\s\s_language\build\compiler\pipeline\llvm\llvm_pipeline.vcxproj]
  (compiling source file '../../../../compiler/backends/llvm/llvm_optimizer.cpp')
  
C:\LLVM\include\llvm\Analysis\ScalarEvolution.h(665,61): warning C4244: 'argument': conversion from 'uint64_t' to 'unsigned int', possible loss of data [C:\s\s_language\build\compiler\pipeline\llvm\llvm_pipeline.vcxproj]
  (compiling source file '../../../../compiler/backends/llvm/llvm_optimizer.cpp')
  
C:\LLVM\include\llvm\Analysis\ScalarEvolution.h(670,28): warning C4245: 'argument': conversion from 'int' to 'uint64_t', signed/unsigned mismatch [C:\s\s_language\build\compiler\pipeline\llvm\llvm_pipeline.vcxproj]
  (compiling source file '../../../../compiler/backends/llvm/llvm_optimizer.cpp')
  
C:\LLVM\include\llvm\Analysis\ScalarEvolution.h(1340,67): warning C4244: 'argument': conversion from 'uintptr_t' to 'unsigned int', possible loss of data [C:\s\s_language\build\compiler\pipeline\llvm\llvm_pipeline.vcxproj]
  (compiling source file '../../../../compiler/backends/llvm/llvm_optimizer.cpp')
  
C:\LLVM\include\llvm\Analysis\ScalarEvolution.h(1339,67): warning C4244: 'argument': conversion from 'uintptr_t' to 'unsigned int', possible loss of data [C:\s\s_language\build\compiler\pipeline\llvm\llvm_pipeline.vcxproj]
  (compiling source file '../../../../compiler/backends/llvm/llvm_optimizer.cpp')
  
C:\LLVM\include\llvm\Support\SourceMgr.h(130,55): warning C4267: 'return': conversion from 'size_t' to 'unsigned int', possible loss of data [C:\s\s_language\build\compiler\pipeline\llvm\llvm_pipeline.vcxproj]
  (compiling source file '../../../../compiler/backends/llvm/llvm_optimizer.cpp')
  
C:\LLVM\include\llvm\Support\SourceMgr.h(150,24): warning C4267: 'return': conversion from 'size_t' to 'unsigned int', possible loss of data [C:\s\s_language\build\compiler\pipeline\llvm\llvm_pipeline.vcxproj]
  (compiling source file '../../../../compiler/backends/llvm/llvm_optimizer.cpp')
  
C:\LLVM\include\llvm\Analysis\LoopAccessAnalysis.h(297,39): warning C4146: unary minus operator applied to unsigned type, result still unsigned [C:\s\s_language\build\compiler\pipeline\llvm\llvm_pipeline.vcxproj]
  (compiling source file '../../../../compiler/backends/llvm/llvm_optimizer.cpp')
  
C:\LLVM\include\llvm\ADT\SmallVector.h(1130,23): warning C4324: 'llvm::SmallVectorStorage<T,0>': structure was padded due to alignment specifier [C:\s\s_language\build\compiler\pipeline\llvm\llvm_pipeline.vcxproj]
C:\LLVM\include\llvm\ADT\SmallVector.h(1130,23): warning C4324:         with [C:\s\s_language\build\compiler\pipeline\llvm\llvm_pipeline.vcxproj]
C:\LLVM\include\llvm\ADT\SmallVector.h(1130,23): warning C4324:         [ [C:\s\s_language\build\compiler\pipeline\llvm\llvm_pipeline.vcxproj]
C:\LLVM\include\llvm\ADT\SmallVector.h(1130,23): warning C4324:             T=llvm::PointerDiffInfo [C:\s\s_language\build\compiler\pipeline\llvm\llvm_pipeline.vcxproj]
C:\LLVM\include\llvm\ADT\SmallVector.h(1130,23): warning C4324:         ] [C:\s\s_language\build\compiler\pipeline\llvm\llvm_pipeline.vcxproj]
  (compiling source file '../../../../compiler/backends/llvm/llvm_optimizer.cpp')
      C:\LLVM\include\llvm\ADT\SmallVector.h(1130,23):
      the template instantiation context (the oldest one first) is
          C:\LLVM\include\llvm\ADT\SmallVector.h(1207,71):
          see reference to class template instantiation 'llvm::CalculateSmallVectorDefaultInlinedElements<T>' being compiled
          with
          [
              T=llvm::PointerDiffInfo
          ]
          C:\LLVM\include\llvm\ADT\SmallVector.h(1184,43):
          see reference to class template instantiation 'llvm::SmallVector<T,0>' being compiled
          with
          [
              T=llvm::PointerDiffInfo
          ]
          C:\LLVM\include\llvm\ADT\SmallVector.h(1209,36):
          see reference to class template instantiation 'llvm::SmallVectorStorage<T,0>' being compiled
          with
          [
              T=llvm::PointerDiffInfo
          ]
  
C:\LLVM\include\llvm\Analysis\LoopAccessAnalysis.h(483,58): warning C4267: 'return': conversion from 'size_t' to 'unsigned int', possible loss of data [C:\s\s_language\build\compiler\pipeline\llvm\llvm_pipeline.vcxproj]
  (compiling source file '../../../../compiler/backends/llvm/llvm_optimizer.cpp')
  
C:\LLVM\include\llvm\ADT\SmallVector.h(1130,23): warning C4324: 'llvm::SmallVectorStorage<T,0>': structure was padded due to alignment specifier [C:\s\s_language\build\compiler\pipeline\llvm\llvm_pipeline.vcxproj]
C:\LLVM\include\llvm\ADT\SmallVector.h(1130,23): warning C4324:         with [C:\s\s_language\build\compiler\pipeline\llvm\llvm_pipeline.vcxproj]
C:\LLVM\include\llvm\ADT\SmallVector.h(1130,23): warning C4324:         [ [C:\s\s_language\build\compiler\pipeline\llvm\llvm_pipeline.vcxproj]
C:\LLVM\include\llvm\ADT\SmallVector.h(1130,23): warning C4324:             T=llvm::StoreInst * [C:\s\s_language\build\compiler\pipeline\llvm\llvm_pipeline.vcxproj]
C:\LLVM\include\llvm\ADT\SmallVector.h(1130,23): warning C4324:         ] [C:\s\s_language\build\compiler\pipeline\llvm\llvm_pipeline.vcxproj]
  (compiling source file '../../../../compiler/backends/llvm/llvm_optimizer.cpp')
      C:\LLVM\include\llvm\ADT\SmallVector.h(1130,23):
      the template instantiation context (the oldest one first) is
          C:\LLVM\include\llvm\ADT\SmallVector.h(1207,71):
          see reference to class template instantiation 'llvm::CalculateSmallVectorDefaultInlinedElements<T>' being compiled
          with
          [
              T=llvm::StoreInst *
          ]
          C:\LLVM\include\llvm\ADT\SmallVector.h(1184,43):
          see reference to class template instantiation 'llvm::SmallVector<T,0>' being compiled
          with
          [
              T=llvm::StoreInst *
          ]
          C:\LLVM\include\llvm\ADT\SmallVector.h(1209,36):
          see reference to class template instantiation 'llvm::SmallVectorStorage<T,0>' being compiled
          with
          [
              T=llvm::StoreInst *
          ]
  
C:\LLVM\include\llvm\ADT\SmallVector.h(1130,23): warning C4324: 'llvm::SmallVectorStorage<T,0>': structure was padded due to alignment specifier [C:\s\s_language\build\compiler\pipeline\llvm\llvm_pipeline.vcxproj]
C:\LLVM\include\llvm\ADT\SmallVector.h(1130,23): warning C4324:         with [C:\s\s_language\build\compiler\pipeline\llvm\llvm_pipeline.vcxproj]
C:\LLVM\include\llvm\ADT\SmallVector.h(1130,23): warning C4324:         [ [C:\s\s_language\build\compiler\pipeline\llvm\llvm_pipeline.vcxproj]
C:\LLVM\include\llvm\ADT\SmallVector.h(1130,23): warning C4324:             T=llvm::Instruction * [C:\s\s_language\build\compiler\pipeline\llvm\llvm_pipeline.vcxproj]
C:\LLVM\include\llvm\ADT\SmallVector.h(1130,23): warning C4324:         ] [C:\s\s_language\build\compiler\pipeline\llvm\llvm_pipeline.vcxproj]
  (compiling source file '../../../../compiler/backends/llvm/llvm_optimizer.cpp')
      C:\LLVM\include\llvm\ADT\SmallVector.h(1130,23):
      the template instantiation context (the oldest one first) is
          C:\LLVM\include\llvm\ADT\SmallVector.h(1207,71):
          see reference to class template instantiation 'llvm::CalculateSmallVectorDefaultInlinedElements<T>' being compiled
          with
          [
              T=llvm::Instruction *
          ]
          C:\LLVM\include\llvm\ADT\SmallVector.h(1184,43):
          see reference to class template instantiation 'llvm::SmallVector<T,0>' being compiled
          with
          [
              T=llvm::Instruction *
          ]
          C:\LLVM\include\llvm\ADT\SmallVector.h(1209,36):
          see reference to class template instantiation 'llvm::SmallVectorStorage<T,0>' being compiled
          with
          [
              T=llvm::Instruction *
          ]
  
C:\LLVM\include\llvm\Passes\PassBuilder.h(787,33): warning C4100: 'M': unreferenced parameter [C:\s\s_language\build\compiler\pipeline\llvm\llvm_pipeline.vcxproj]
  (compiling source file '../../../../compiler/backends/llvm/llvm_optimizer.cpp')
  
C:\LLVM\include\llvm\Passes\PassBuilder.h(805,61): warning C4100: 'UR': unreferenced parameter [C:\s\s_language\build\compiler\pipeline\llvm\llvm_pipeline.vcxproj]
  (compiling source file '../../../../compiler/backends/llvm/llvm_optimizer.cpp')
  
C:\LLVM\include\llvm\Passes\PassBuilder.h(804,45): warning C4100: 'C': unreferenced parameter [C:\s\s_language\build\compiler\pipeline\llvm\llvm_pipeline.vcxproj]
  (compiling source file '../../../../compiler/backends/llvm/llvm_optimizer.cpp')
  
C:\LLVM\include\llvm\Passes\PassBuilder.h(817,75): warning C4100: 'G': unreferenced parameter [C:\s\s_language\build\compiler\pipeline\llvm\llvm_pipeline.vcxproj]
  (compiling source file '../../../../compiler/backends/llvm/llvm_optimizer.cpp')
  
C:\LLVM\include\llvm\Passes\PassBuilder.h(824,35): warning C4100: 'F': unreferenced parameter [C:\s\s_language\build\compiler\pipeline\llvm\llvm_pipeline.vcxproj]
  (compiling source file '../../../../compiler/backends/llvm/llvm_optimizer.cpp')
  
C:\LLVM\include\llvm\Passes\PassBuilder.h(841,35): warning C4100: 'L': unreferenced parameter [C:\s\s_language\build\compiler\pipeline\llvm\llvm_pipeline.vcxproj]
  (compiling source file '../../../../compiler/backends/llvm/llvm_optimizer.cpp')
  
C:\LLVM\include\llvm\Passes\PassBuilder.h(849,31): warning C4100: 'L': unreferenced parameter [C:\s\s_language\build\compiler\pipeline\llvm\llvm_pipeline.vcxproj]
  (compiling source file '../../../../compiler/backends/llvm/llvm_optimizer.cpp')
  
C:\LLVM\include\llvm\ADT\SmallBitVector.h(343,15): warning C4244: 'argument': conversion from 'llvm::SmallBitVector::size_type' to 'unsigned int', possible loss of data [C:\s\s_language\build\compiler\pipeline\llvm\llvm_pipeline.vcxproj]
  (compiling source file '../../../../compiler/backends/llvm/llvm_optimizer.cpp')
  
C:\LLVM\include\llvm\ADT\SmallBitVector.h(353,39): warning C4244: 'argument': conversion from 'llvm::SmallBitVector::size_type' to 'unsigned int', possible loss of data [C:\s\s_language\build\compiler\pipeline\llvm\llvm_pipeline.vcxproj]
  (compiling source file '../../../../compiler/backends/llvm/llvm_optimizer.cpp')
  
C:\LLVM\include\llvm\ADT\SmallBitVector.h(356,21): warning C4244: 'argument': conversion from 'llvm::SmallBitVector::size_type' to 'unsigned int', possible loss of data [C:\s\s_language\build\compiler\pipeline\llvm\llvm_pipeline.vcxproj]
  (compiling source file '../../../../compiler/backends/llvm/llvm_optimizer.cpp')
  
C:\LLVM\include\llvm\ADT\SmallBitVector.h(469,27): warning C4244: 'argument': conversion from 'llvm::SmallBitVector::size_type' to 'unsigned int', possible loss of data [C:\s\s_language\build\compiler\pipeline\llvm\llvm_pipeline.vcxproj]
  (compiling source file '../../../../compiler/backends/llvm/llvm_optimizer.cpp')
  
C:\LLVM\include\llvm\ADT\SmallBitVector.h(478,19): warning C4244: 'argument': conversion from 'llvm::SmallBitVector::size_type' to 'unsigned int', possible loss of data [C:\s\s_language\build\compiler\pipeline\llvm\llvm_pipeline.vcxproj]
  (compiling source file '../../../../compiler/backends/llvm/llvm_optimizer.cpp')
  
C:\LLVM\include\llvm\ADT\SmallBitVector.h(484,19): warning C4244: 'argument': conversion from 'llvm::SmallBitVector::size_type' to 'unsigned int', possible loss of data [C:\s\s_language\build\compiler\pipeline\llvm\llvm_pipeline.vcxproj]
  (compiling source file '../../../../compiler/backends/llvm/llvm_optimizer.cpp')
  
C:\LLVM\include\llvm\ADT\SmallBitVector.h(494,28): warning C4267: 'initializing': conversion from 'size_t' to 'unsigned int', possible loss of data [C:\s\s_language\build\compiler\pipeline\llvm\llvm_pipeline.vcxproj]
  (compiling source file '../../../../compiler/backends/llvm/llvm_optimizer.cpp')
  
C:\LLVM\include\llvm\ADT\SmallBitVector.h(510,21): warning C4244: 'argument': conversion from 'llvm::SmallBitVector::size_type' to 'unsigned int', possible loss of data [C:\s\s_language\build\compiler\pipeline\llvm\llvm_pipeline.vcxproj]
  (compiling source file '../../../../compiler/backends/llvm/llvm_optimizer.cpp')
  
C:\LLVM\include\llvm\ADT\SmallBitVector.h(510,31): warning C4244: 'argument': conversion from 'llvm::SmallBitVector::size_type' to 'unsigned int', possible loss of data [C:\s\s_language\build\compiler\pipeline\llvm\llvm_pipeline.vcxproj]
  (compiling source file '../../../../compiler/backends/llvm/llvm_optimizer.cpp')
  
C:\LLVM\include\llvm\ADT\SmallBitVector.h(524,20): warning C4267: 'argument': conversion from 'size_t' to 'unsigned int', possible loss of data [C:\s\s_language\build\compiler\pipeline\llvm\llvm_pipeline.vcxproj]
  (compiling source file '../../../../compiler/backends/llvm/llvm_optimizer.cpp')
  
C:\LLVM\include\llvm\ADT\SmallBitVector.h(532,17): warning C4244: 'argument': conversion from 'llvm::SmallBitVector::size_type' to 'unsigned int', possible loss of data [C:\s\s_language\build\compiler\pipeline\llvm\llvm_pipeline.vcxproj]
  (compiling source file '../../../../compiler/backends/llvm/llvm_optimizer.cpp')
  
C:\LLVM\include\llvm\ADT\SmallBitVector.h(532,27): warning C4244: 'argument': conversion from 'llvm::SmallBitVector::size_type' to 'unsigned int', possible loss of data [C:\s\s_language\build\compiler\pipeline\llvm\llvm_pipeline.vcxproj]
  (compiling source file '../../../../compiler/backends/llvm/llvm_optimizer.cpp')
  
C:\LLVM\include\llvm\ADT\SmallBitVector.h(532,42): warning C4244: 'argument': conversion from 'llvm::SmallBitVector::size_type' to 'unsigned int', possible loss of data [C:\s\s_language\build\compiler\pipeline\llvm\llvm_pipeline.vcxproj]
  (compiling source file '../../../../compiler/backends/llvm/llvm_optimizer.cpp')
  
C:\LLVM\include\llvm\ADT\SmallBitVector.h(534,15): warning C4244: 'argument': conversion from 'llvm::SmallBitVector::size_type' to 'unsigned int', possible loss of data [C:\s\s_language\build\compiler\pipeline\llvm\llvm_pipeline.vcxproj]
  (compiling source file '../../../../compiler/backends/llvm/llvm_optimizer.cpp')
  
C:\LLVM\include\llvm\ADT\SmallBitVector.h(546,30): warning C4267: 'initializing': conversion from 'size_t' to 'unsigned int', possible loss of data [C:\s\s_language\build\compiler\pipeline\llvm\llvm_pipeline.vcxproj]
  (compiling source file '../../../../compiler/backends/llvm/llvm_optimizer.cpp')
  
C:\LLVM\include\llvm\ADT\SmallBitVector.h(561,29): warning C4267: '=': conversion from 'size_t' to 'unsigned int', possible loss of data [C:\s\s_language\build\compiler\pipeline\llvm\llvm_pipeline.vcxproj]
  (compiling source file '../../../../compiler/backends/llvm/llvm_optimizer.cpp')
  
C:\LLVM\include\llvm\ADT\SmallBitVector.h(565,18): warning C4244: '=': conversion from 'llvm::SmallBitVector::size_type' to 'unsigned int', possible loss of data [C:\s\s_language\build\compiler\pipeline\llvm\llvm_pipeline.vcxproj]
  (compiling source file '../../../../compiler/backends/llvm/llvm_optimizer.cpp')
  
C:\LLVM\include\llvm\ADT\SmallBitVector.h(573,20): warning C4267: 'argument': conversion from 'size_t' to 'unsigned int', possible loss of data [C:\s\s_language\build\compiler\pipeline\llvm\llvm_pipeline.vcxproj]
  (compiling source file '../../../../compiler/backends/llvm/llvm_optimizer.cpp')
  
C:\LLVM\include\llvm\ADT\SmallBitVector.h(580,17): warning C4244: 'argument': conversion from 'llvm::SmallBitVector::size_type' to 'unsigned int', possible loss of data [C:\s\s_language\build\compiler\pipeline\llvm\llvm_pipeline.vcxproj]
  (compiling source file '../../../../compiler/backends/llvm/llvm_optimizer.cpp')
  
C:\LLVM\include\llvm\ADT\SmallBitVector.h(580,27): warning C4244: 'argument': conversion from 'llvm::SmallBitVector::size_type' to 'unsigned int', possible loss of data [C:\s\s_language\build\compiler\pipeline\llvm\llvm_pipeline.vcxproj]
  (compiling source file '../../../../compiler/backends/llvm/llvm_optimizer.cpp')
  
C:\LLVM\include\llvm\ADT\SmallBitVector.h(580,42): warning C4244: 'argument': conversion from 'llvm::SmallBitVector::size_type' to 'unsigned int', possible loss of data [C:\s\s_language\build\compiler\pipeline\llvm\llvm_pipeline.vcxproj]
  (compiling source file '../../../../compiler/backends/llvm/llvm_optimizer.cpp')
  
C:\LLVM\include\llvm\ADT\SmallBitVector.h(586,20): warning C4267: 'argument': conversion from 'size_t' to 'unsigned int', possible loss of data [C:\s\s_language\build\compiler\pipeline\llvm\llvm_pipeline.vcxproj]
  (compiling source file '../../../../compiler/backends/llvm/llvm_optimizer.cpp')
  
C:\LLVM\include\llvm\ADT\SmallBitVector.h(593,17): warning C4244: 'argument': conversion from 'llvm::SmallBitVector::size_type' to 'unsigned int', possible loss of data [C:\s\s_language\build\compiler\pipeline\llvm\llvm_pipeline.vcxproj]
  (compiling source file '../../../../compiler/backends/llvm/llvm_optimizer.cpp')
  
C:\LLVM\include\llvm\ADT\SmallBitVector.h(593,27): warning C4244: 'argument': conversion from 'llvm::SmallBitVector::size_type' to 'unsigned int', possible loss of data [C:\s\s_language\build\compiler\pipeline\llvm\llvm_pipeline.vcxproj]
  (compiling source file '../../../../compiler/backends/llvm/llvm_optimizer.cpp')
  
C:\LLVM\include\llvm\ADT\SmallBitVector.h(593,42): warning C4244: 'argument': conversion from 'llvm::SmallBitVector::size_type' to 'unsigned int', possible loss of data [C:\s\s_language\build\compiler\pipeline\llvm\llvm_pipeline.vcxproj]
  (compiling source file '../../../../compiler/backends/llvm/llvm_optimizer.cpp')
  
C:\LLVM\include\llvm\Target\TargetMachine.h(144,56): warning C4458: declaration of 'STI' hides class member [C:\s\s_language\build\compiler\pipeline\llvm\llvm_pipeline.vcxproj]
  (compiling source file '../../../../compiler/backends/llvm/llvm_optimizer.cpp')
      C:\LLVM\include\llvm\Target\TargetMachine.h(110,42):
      see declaration of 'llvm::TargetMachine::STI'
  
C:\LLVM\include\llvm\Target\TargetMachine.h(144,56): warning C4100: 'STI': unreferenced parameter [C:\s\s_language\build\compiler\pipeline\llvm\llvm_pipeline.vcxproj]
  (compiling source file '../../../../compiler/backends/llvm/llvm_optimizer.cpp')
  
C:\LLVM\include\llvm\Target\TargetMachine.h(143,74): warning C4100: 'F': unreferenced parameter [C:\s\s_language\build\compiler\pipeline\llvm\llvm_pipeline.vcxproj]
  (compiling source file '../../../../compiler/backends/llvm/llvm_optimizer.cpp')
  
C:\LLVM\include\llvm\Target\TargetMachine.h(143,47): warning C4100: 'Allocator': unreferenced parameter [C:\s\s_language\build\compiler\pipeline\llvm\llvm_pipeline.vcxproj]
  (compiling source file '../../../../compiler/backends/llvm/llvm_optimizer.cpp')
  
C:\LLVM\include\llvm\Target\TargetMachine.h(157,48): warning C4100: 'MF': unreferenced parameter [C:\s\s_language\build\compiler\pipeline\llvm\llvm_pipeline.vcxproj]
  (compiling source file '../../../../compiler/backends/llvm/llvm_optimizer.cpp')
  
C:\LLVM\include\llvm\Target\TargetMachine.h(165,50): warning C4100: 'SourceRange': unreferenced parameter [C:\s\s_language\build\compiler\pipeline\llvm\llvm_pipeline.vcxproj]
  (compiling source file '../../../../compiler/backends/llvm/llvm_optimizer.cpp')
  
C:\LLVM\include\llvm\Target\TargetMachine.h(164,55): warning C4100: 'Error': unreferenced parameter [C:\s\s_language\build\compiler\pipeline\llvm\llvm_pipeline.vcxproj]
  (compiling source file '../../../../compiler/backends/llvm/llvm_optimizer.cpp')
  
C:\LLVM\include\llvm\Target\TargetMachine.h(163,68): warning C4100: 'PFS': unreferenced parameter [C:\s\s_language\build\compiler\pipeline\llvm\llvm_pipeline.vcxproj]
  (compiling source file '../../../../compiler/backends/llvm/llvm_optimizer.cpp')
  
C:\LLVM\include\llvm\Target\TargetMachine.h(327,61): warning C4100: 'DestAS': unreferenced parameter [C:\s\s_language\build\compiler\pipeline\llvm\llvm_pipeline.vcxproj]
  (compiling source file '../../../../compiler/backends/llvm/llvm_optimizer.cpp')
  
C:\LLVM\include\llvm\Target\TargetMachine.h(327,45): warning C4100: 'SrcAS': unreferenced parameter [C:\s\s_language\build\compiler\pipeline\llvm\llvm_pipeline.vcxproj]
  (compiling source file '../../../../compiler/backends/llvm/llvm_optimizer.cpp')
  
C:\LLVM\include\llvm\Target\TargetMachine.h(340,71): warning C4245: 'return': conversion from 'int' to 'unsigned int', signed/unsigned mismatch [C:\s\s_language\build\compiler\pipeline\llvm\llvm_pipeline.vcxproj]
  (compiling source file '../../../../compiler/backends/llvm/llvm_optimizer.cpp')
  
C:\LLVM\include\llvm\Target\TargetMachine.h(340,53): warning C4100: 'V': unreferenced parameter [C:\s\s_language\build\compiler\pipeline\llvm\llvm_pipeline.vcxproj]
  (compiling source file '../../../../compiler/backends/llvm/llvm_optimizer.cpp')
  
C:\LLVM\include\llvm\Target\TargetMachine.h(350,39): warning C4100: 'V': unreferenced parameter [C:\s\s_language\build\compiler\pipeline\llvm\llvm_pipeline.vcxproj]
  (compiling source file '../../../../compiler/backends/llvm/llvm_optimizer.cpp')
  
C:\LLVM\include\llvm\Target\TargetMachine.h(370,50): warning C4100: 'PopulateClassToPassNames': unreferenced parameter [C:\s\s_language\build\compiler\pipeline\llvm\llvm_pipeline.vcxproj]
  (compiling source file '../../../../compiler/backends/llvm/llvm_optimizer.cpp')
  
C:\LLVM\include\llvm\Target\TargetMachine.h(386,53): warning C4100: 'MMIWP': unreferenced parameter [C:\s\s_language\build\compiler\pipeline\llvm\llvm_pipeline.vcxproj]
  (compiling source file '../../../../compiler/backends/llvm/llvm_optimizer.cpp')
  
C:\LLVM\include\llvm\Target\TargetMachine.h(420,64): warning C4100: 'Kind': unreferenced parameter [C:\s\s_language\build\compiler\pipeline\llvm\llvm_pipeline.vcxproj]
  (compiling source file '../../../../compiler/backends/llvm/llvm_optimizer.cpp')
  
C:\LLVM\include\llvm\Target\TargetMachine.h(516,69): warning C4100: 'MF': unreferenced parameter [C:\s\s_language\build\compiler\pipeline\llvm\llvm_pipeline.vcxproj]
  (compiling source file '../../../../compiler/backends/llvm/llvm_optimizer.cpp')
  
C:\s\s_language\compiler\backends\llvm\llvm_optimizer.cpp(12,10): error C1083: Cannot open include file: 'llvm/Transforms/Vectorize.h': No such file or directory [C:\s\s_language\build\compiler\pipeline\llvm\llvm_pipeline.vcxproj]
  Generating Code...
