.\build\bin\Debug\sad.exe : 
At line:1 char:1
+ .\build\bin\Debug\sad.exe working_exampels\patterns\test_pattern_basi ...
+ ~~~~~~~~~~~~~~~~~~~~~~~~~~~~~~~~~~~~~~~~~~~~~~~~~~~~~~~~~~~~~~~~~~~~~
    + CategoryInfo          : NotSpecified: (:String) [], RemoteException
    + FullyQualifiedErrorId : NativeCommandError
 
========================================
  ≡ƒףך (AR) ┘ו┘ה╪«╪╡ ╪º┘ה╪¬╪¡┘ה┘ך┘ה / (EN) Parsing Summary
========================================
Γ£ף (AR) ╪╣╪»╪» ╪º┘ה╪¼┘ו┘ה ╪º┘ה┘ז╪º╪¼╪¡╪⌐: 23
Γ£ף (EN) Successful statements: 23
========================================

[parseVarDecl] Found identifier, parsing standard declaration
[parseVarDecl] Found identifier, parsing standard declaration
[parseVarDecl] Found identifier, parsing standard declaration
[parseVarDecl] Found identifier, parsing standard declaration
[parseVarDecl] Found identifier, parsing standard declaration
=== ╪º╪«╪¬╪¿╪º╪▒ Pattern Matching ╪º┘ה╪ú╪│╪º╪│┘ך ===

--- 1. ┘ו╪╖╪º╪¿┘ג╪⌐ ╪º╪▒┘ג╪º┘ו ---
╪º┘ה╪▒┘ג┘ו ┘ח┘ט 42 - ╪╡╪¡┘ך╪¡!

--- 2. ┘ו╪╖╪º╪¿┘ג╪⌐ ┘ז╪╡┘ט╪╡ ---
╪º┘ה┘ה┘ט┘ז ╪º╪¡┘ו╪▒ - ╪╡╪¡┘ך╪¡!

--- 3. ╪º┘ה┘ז┘ו╪╖ ╪º┘ה╪┤╪º┘ו┘ה _ ---
┘ג┘ך┘ו╪⌐ ╪º╪«╪▒┘י (wildcard) - ╪╡╪¡┘ך╪¡!

--- 4. ┘ו╪╖╪º╪¿┘ג╪⌐ ┘ג┘ך┘ו ┘ו┘ז╪╖┘ג┘ך╪⌐ ---
╪º┘ה┘ז╪¬┘ך╪¼╪⌐ ╪╡╪¡┘ך╪¡╪⌐ - ╪╡╪¡┘ך╪¡!

--- 5. ┘ו╪╖╪º╪¿┘ג╪⌐ ╪º┘ה╪╡┘ב╪▒ ---
╪º┘ה┘ג┘ך┘ו╪⌐ ╪╡┘ב╪▒ - ╪╡╪¡┘ך╪¡!

=== ╪º┘ז╪¬┘ח┘י ╪º┘ה╪º╪«╪¬╪¿╪º╪▒ ╪º┘ה╪ú╪│╪º╪│┘ך ===
